Archive member included to satisfy reference by file (symbol)

C:/ST/STM32CubeIDE_1.18.0/STM32CubeIDE/plugins/com.st.stm32cube.ide.mcu.externaltools.gnu-tools-for-stm32.13.3.rel1.win32_1.0.0.202411081344/tools/bin/../lib/gcc/arm-none-eabi/13.3.1/../../../../arm-none-eabi/lib/thumb/v7e-m+fp/hard\libc_nano.a(libc_a-exit.o)
                              C:/ST/STM32CubeIDE_1.18.0/STM32CubeIDE/plugins/com.st.stm32cube.ide.mcu.externaltools.gnu-tools-for-stm32.13.3.rel1.win32_1.0.0.202411081344/tools/bin/../lib/gcc/arm-none-eabi/13.3.1/../../../../arm-none-eabi/lib/thumb/v7e-m+fp/hard/crt0.o (exit)
C:/ST/STM32CubeIDE_1.18.0/STM32CubeIDE/plugins/com.st.stm32cube.ide.mcu.externaltools.gnu-tools-for-stm32.13.3.rel1.win32_1.0.0.202411081344/tools/bin/../lib/gcc/arm-none-eabi/13.3.1/../../../../arm-none-eabi/lib/thumb/v7e-m+fp/hard\libc_nano.a(libc_a-findfp.o)
                              C:/ST/STM32CubeIDE_1.18.0/STM32CubeIDE/plugins/com.st.stm32cube.ide.mcu.externaltools.gnu-tools-for-stm32.13.3.rel1.win32_1.0.0.202411081344/tools/bin/../lib/gcc/arm-none-eabi/13.3.1/../../../../arm-none-eabi/lib/thumb/v7e-m+fp/hard\libc_nano.a(libc_a-exit.o) (__stdio_exit_handler)
C:/ST/STM32CubeIDE_1.18.0/STM32CubeIDE/plugins/com.st.stm32cube.ide.mcu.externaltools.gnu-tools-for-stm32.13.3.rel1.win32_1.0.0.202411081344/tools/bin/../lib/gcc/arm-none-eabi/13.3.1/../../../../arm-none-eabi/lib/thumb/v7e-m+fp/hard\libc_nano.a(libc_a-fwalk.o)
                              C:/ST/STM32CubeIDE_1.18.0/STM32CubeIDE/plugins/com.st.stm32cube.ide.mcu.externaltools.gnu-tools-for-stm32.13.3.rel1.win32_1.0.0.202411081344/tools/bin/../lib/gcc/arm-none-eabi/13.3.1/../../../../arm-none-eabi/lib/thumb/v7e-m+fp/hard\libc_nano.a(libc_a-findfp.o) (_fwalk_sglue)
C:/ST/STM32CubeIDE_1.18.0/STM32CubeIDE/plugins/com.st.stm32cube.ide.mcu.externaltools.gnu-tools-for-stm32.13.3.rel1.win32_1.0.0.202411081344/tools/bin/../lib/gcc/arm-none-eabi/13.3.1/../../../../arm-none-eabi/lib/thumb/v7e-m+fp/hard\libc_nano.a(libc_a-printf.o)
                              ./Application/User/app_tof.o (printf)
C:/ST/STM32CubeIDE_1.18.0/STM32CubeIDE/plugins/com.st.stm32cube.ide.mcu.externaltools.gnu-tools-for-stm32.13.3.rel1.win32_1.0.0.202411081344/tools/bin/../lib/gcc/arm-none-eabi/13.3.1/../../../../arm-none-eabi/lib/thumb/v7e-m+fp/hard\libc_nano.a(libc_a-putchar.o)
                              ./Application/User/app_tof.o (putchar)
C:/ST/STM32CubeIDE_1.18.0/STM32CubeIDE/plugins/com.st.stm32cube.ide.mcu.externaltools.gnu-tools-for-stm32.13.3.rel1.win32_1.0.0.202411081344/tools/bin/../lib/gcc/arm-none-eabi/13.3.1/../../../../arm-none-eabi/lib/thumb/v7e-m+fp/hard\libc_nano.a(libc_a-puts.o)
                              ./Application/User/app_tof.o (puts)
C:/ST/STM32CubeIDE_1.18.0/STM32CubeIDE/plugins/com.st.stm32cube.ide.mcu.externaltools.gnu-tools-for-stm32.13.3.rel1.win32_1.0.0.202411081344/tools/bin/../lib/gcc/arm-none-eabi/13.3.1/../../../../arm-none-eabi/lib/thumb/v7e-m+fp/hard\libc_nano.a(libc_a-stdio.o)
                              C:/ST/STM32CubeIDE_1.18.0/STM32CubeIDE/plugins/com.st.stm32cube.ide.mcu.externaltools.gnu-tools-for-stm32.13.3.rel1.win32_1.0.0.202411081344/tools/bin/../lib/gcc/arm-none-eabi/13.3.1/../../../../arm-none-eabi/lib/thumb/v7e-m+fp/hard\libc_nano.a(libc_a-findfp.o) (__sread)
C:/ST/STM32CubeIDE_1.18.0/STM32CubeIDE/plugins/com.st.stm32cube.ide.mcu.externaltools.gnu-tools-for-stm32.13.3.rel1.win32_1.0.0.202411081344/tools/bin/../lib/gcc/arm-none-eabi/13.3.1/../../../../arm-none-eabi/lib/thumb/v7e-m+fp/hard\libc_nano.a(libc_a-wbuf.o)
                              C:/ST/STM32CubeIDE_1.18.0/STM32CubeIDE/plugins/com.st.stm32cube.ide.mcu.externaltools.gnu-tools-for-stm32.13.3.rel1.win32_1.0.0.202411081344/tools/bin/../lib/gcc/arm-none-eabi/13.3.1/../../../../arm-none-eabi/lib/thumb/v7e-m+fp/hard\libc_nano.a(libc_a-puts.o) (__swbuf_r)
C:/ST/STM32CubeIDE_1.18.0/STM32CubeIDE/plugins/com.st.stm32cube.ide.mcu.externaltools.gnu-tools-for-stm32.13.3.rel1.win32_1.0.0.202411081344/tools/bin/../lib/gcc/arm-none-eabi/13.3.1/../../../../arm-none-eabi/lib/thumb/v7e-m+fp/hard\libc_nano.a(libc_a-wsetup.o)
                              C:/ST/STM32CubeIDE_1.18.0/STM32CubeIDE/plugins/com.st.stm32cube.ide.mcu.externaltools.gnu-tools-for-stm32.13.3.rel1.win32_1.0.0.202411081344/tools/bin/../lib/gcc/arm-none-eabi/13.3.1/../../../../arm-none-eabi/lib/thumb/v7e-m+fp/hard\libc_nano.a(libc_a-puts.o) (__swsetup_r)
C:/ST/STM32CubeIDE_1.18.0/STM32CubeIDE/plugins/com.st.stm32cube.ide.mcu.externaltools.gnu-tools-for-stm32.13.3.rel1.win32_1.0.0.202411081344/tools/bin/../lib/gcc/arm-none-eabi/13.3.1/../../../../arm-none-eabi/lib/thumb/v7e-m+fp/hard\libc_nano.a(libc_a-memset.o)
                              C:/ST/STM32CubeIDE_1.18.0/STM32CubeIDE/plugins/com.st.stm32cube.ide.mcu.externaltools.gnu-tools-for-stm32.13.3.rel1.win32_1.0.0.202411081344/tools/bin/../lib/gcc/arm-none-eabi/13.3.1/../../../../arm-none-eabi/lib/thumb/v7e-m+fp/hard/crt0.o (memset)
[...]
Memory Configuration

Name             Origin             Length             Attributes
RAM              0x20000000         0x00018000         xrw
FLASH            0x08000000         0x00080000         xr
*default*        0x00000000         0xffffffff

Linker script and memory map

LOAD C:/ST/STM32CubeIDE_1.18.0/STM32CubeIDE/plugins/com.st.stm32cube.ide.mcu.externaltools.gnu-tools-for-stm32.13.3.rel1.win32_1.0.0.202411081344/tools/bin/../lib/gcc/arm-none-eabi/13.3.1/thumb/v7e-m+fp/hard/crti.o
LOAD C:/ST/STM32CubeIDE_1.18.0/STM32CubeIDE/plugins/com.st.stm32cube.ide.mcu.externaltools.gnu-tools-for-stm32.13.3.rel1.win32_1.0.0.202411081344/tools/bin/../lib/gcc/arm-none-eabi/13.3.1/thumb/v7e-m+fp/hard/crtbegin.o
LOAD C:/ST/STM32CubeIDE_1.18.0/STM32CubeIDE/plugins/com.st.stm32cube.ide.mcu.externaltools.gnu-tools-for-stm32.13.3.rel1.win32_1.0.0.202411081344/tools/bin/../lib/gcc/arm-none-eabi/13.3.1/../../../../arm-none-eabi/lib/thumb/v7e-m+fp/hard/crt0.o
LOAD ./Application/Startup/startup_stm32f401retx.o
LOAD ./Application/User/app_tof.o
LOAD ./Application/User/app_tof_pin_conf.o
LOAD ./Application/User/main.o
LOAD ./Application/User/stm32f4xx_hal_msp.o
LOAD ./Application/User/stm32f4xx_it.o
LOAD ./Application/User/stm32f4xx_nucleo.o
LOAD ./Application/User/stm32f4xx_nucleo_bus.o
LOAD ./Application/User/syscalls.o
LOAD ./Application/User/sysmem.o
LOAD ./Drivers/BSP/53L7A1/53l7a1_ranging_sensor.o
LOAD ./Drivers/BSP/Components/platform.o
LOAD ./Drivers/BSP/Components/vl53l7cx.o
LOAD ./Drivers/BSP/Components/vl53l7cx_api.o
LOAD ./Drivers/BSP/Components/vl53l7cx_plugin_detection_thresholds.o
LOAD ./Drivers/BSP/Components/vl53l7cx_plugin_motion_indicator.o
LOAD ./Drivers/BSP/Components/vl53l7cx_plugin_xtalk.o
LOAD ./Drivers/CMSIS/system_stm32f4xx.o
LOAD ./Drivers/STM32F4xx_HAL_Driver/stm32f4xx_hal.o
LOAD ./Drivers/STM32F4xx_HAL_Driver/stm32f4xx_hal_cortex.o
LOAD ./Drivers/STM32F4xx_HAL_Driver/stm32f4xx_hal_dma.o
LOAD ./Drivers/STM32F4xx_HAL_Driver/stm32f4xx_hal_dma_ex.o
LOAD ./Drivers/STM32F4xx_HAL_Driver/stm32f4xx_hal_exti.o
LOAD ./Drivers/STM32F4xx_HAL_Driver/stm32f4xx_hal_flash.o
LOAD ./Drivers/STM32F4xx_HAL_Driver/stm32f4xx_hal_flash_ex.o
LOAD ./Drivers/STM32F4xx_HAL_Driver/stm32f4xx_hal_flash_ramfunc.o
LOAD ./Drivers/STM32F4xx_HAL_Driver/stm32f4xx_hal_gpio.o
LOAD ./Drivers/STM32F4xx_HAL_Driver/stm32f4xx_hal_i2c.o
LOAD ./Drivers/STM32F4xx_HAL_Driver/stm32f4xx_hal_i2c_ex.o
LOAD ./Drivers/STM32F4xx_HAL_Driver/stm32f4xx_hal_pwr.o
LOAD ./Drivers/STM32F4xx_HAL_Driver/stm32f4xx_hal_pwr_ex.o
LOAD ./Drivers/STM32F4xx_HAL_Driver/stm32f4xx_hal_rcc.o
LOAD ./Drivers/STM32F4xx_HAL_Driver/stm32f4xx_hal_rcc_ex.o
LOAD ./Drivers/STM32F4xx_HAL_Driver/stm32f4xx_hal_uart.o
START GROUP
LOAD C:/ST/STM32CubeIDE_1.18.0/STM32CubeIDE/plugins/com.st.stm32cube.ide.mcu.externaltools.gnu-tools-for-stm32.13.3.rel1.win32_1.0.0.202411081344/tools/bin/../lib/gcc/arm-none-eabi/13.3.1/../../../../arm-none-eabi/lib/thumb/v7e-m+fp/hard\libc_nano.a
LOAD C:/ST/STM32CubeIDE_1.18.0/STM32CubeIDE/plugins/com.st.stm32cube.ide.mcu.externaltools.gnu-tools-for-stm32.13.3.rel1.win32_1.0.0.202411081344/tools/bin/../lib/gcc/arm-none-eabi/13.3.1/../../../../arm-none-eabi/lib/thumb/v7e-m+fp/hard\libm.a
END GROUP
START GROUP
LOAD C:/ST/STM32CubeIDE_1.18.0/STM32CubeIDE/plugins/com.st.stm32cube.ide.mcu.externaltools.gnu-tools-for-stm32.13.3.rel1.win32_1.0.0.202411081344/tools/bin/../lib/gcc/arm-none-eabi/13.3.1/thumb/v7e-m+fp/hard\libgcc.a
LOAD C:/ST/STM32CubeIDE_1.18.0/STM32CubeIDE/plugins/com.st.stm32cube.ide.mcu.externaltools.gnu-tools-for-stm32.13.3.rel1.win32_1.0.0.202411081344/tools/bin/../lib/gcc/arm-none-eabi/13.3.1/../../../../arm-none-eabi/lib/thumb/v7e-m+fp/hard\libc_nano.a
END GROUP
START GROUP
LOAD C:/ST/STM32CubeIDE_1.18.0/STM32CubeIDE/plugins/com.st.stm32cube.ide.mcu.externaltools.gnu-tools-for-stm32.13.3.rel1.win32_1.0.0.202411081344/tools/bin/../lib/gcc/arm-none-eabi/13.3.1/thumb/v7e-m+fp/hard\libgcc.a
LOAD C:/ST/STM32CubeIDE_1.18.0/STM32CubeIDE/plugins/com.st.stm32cube.ide.mcu.externaltools.gnu-tools-for-stm32.13.3.rel1.win32_1.0.0.202411081344/tools/bin/../lib/gcc/arm-none-eabi/13.3.1/../../../../arm-none-eabi/lib/thumb/v7e-m+fp/hard\libc_nano.a
LOAD C:/ST/STM32CubeIDE_1.18.0/STM32CubeIDE/plugins/com.st.stm32cube.ide.mcu.externaltools.gnu-tools-for-stm32.13.3.rel1.win32_1.0.0.202411081344/tools/bin/../lib/gcc/arm-none-eabi/13.3.1/../../../../arm-none-eabi/lib/thumb/v7e-m+fp/hard\libnosys.a
END GROUP
START GROUP
LOAD C:/ST/STM32CubeIDE_1.18.0/STM32CubeIDE/plugins/com.st.stm32cube.ide.mcu.externaltools.gnu-tools-for-stm32.13.3.rel1.win32_1.0.0.202411081344/tools/bin/../lib/gcc/arm-none-eabi/13.3.1/thumb/v7e-m+fp/hard\libgcc.a
LOAD C:/ST/STM32CubeIDE_1.18.0/STM32CubeIDE/plugins/com.st.stm32cube.ide.mcu.externaltools.gnu-tools-for-stm32.13.3.rel1.win32_1.0.0.202411081344/tools/bin/../lib/gcc/arm-none-eabi/13.3.1/../../../../arm-none-eabi/lib/thumb/v7e-m+fp/hard\libc_nano.a
LOAD C:/ST/STM32CubeIDE_1.18.0/STM32CubeIDE/plugins/com.st.stm32cube.ide.mcu.externaltools.gnu-tools-for-stm32.13.3.rel1.win32_1.0.0.202411081344/tools/bin/../lib/gcc/arm-none-eabi/13.3.1/../../../../arm-none-eabi/lib/thumb/v7e-m+fp/hard\libnosys.a
END GROUP
LOAD C:/ST/STM32CubeIDE_1.18.0/STM32CubeIDE/plugins/com.st.stm32cube.ide.mcu.externaltools.gnu-tools-for-stm32.13.3.rel1.win32_1.0.0.202411081344/tools/bin/../lib/gcc/arm-none-eabi/13.3.1/thumb/v7e-m+fp/hard/crtend.o
LOAD C:/ST/STM32CubeIDE_1.18.0/STM32CubeIDE/plugins/com.st.stm32cube.ide.mcu.externaltools.gnu-tools-for-stm32.13.3.rel1.win32_1.0.0.202411081344/tools/bin/../lib/gcc/arm-none-eabi/13.3.1/thumb/v7e-m+fp/hard/crtn.o
                0x20018000                        _estack = (ORIGIN (RAM) + LENGTH (RAM))
                0x00000200                        _Min_Heap_Size = 0x200
                0x00000800                        _Min_Stack_Size = 0x800

.isr_vector     0x08000000      0x194
                0x08000000                        . = ALIGN (0x4)
 *(.isr_vector)
 .isr_vector    0x08000000      0x194 ./Application/Startup/startup_stm32f401retx.o
                0x08000000                g_pfnVectors
                0x08000194                        . = ALIGN (0x4)

.text           0x080001a0     0x8020
                0x080001a0                        . = ALIGN (0x4)
 *(.text)
 .text          0x080001a0       0x40 C:/ST/STM32CubeIDE_1.18.0/STM32CubeIDE/plugins/com.st.stm32cube.ide.mcu.externaltools.gnu-tools-for-stm32.13.3.rel1.win32_1.0.0.202411081344/tools/bin/../lib/gcc/arm-none-eabi/13.3.1/thumb/v7e-m+fp/hard/crtbegin.o
 .text          0x080001e0       0xa0 C:/ST/STM32CubeIDE_1.18.0/STM32CubeIDE/plugins/com.st.stm32cube.ide.mcu.externaltools.gnu-tools-for-stm32.13.3.rel1.win32_1.0.0.202411081344/tools/bin/../lib/gcc/arm-none-eabi/13.3.1/../../../../arm-none-eabi/lib/thumb/v7e-m+fp/hard\libc_nano.a(libc_a-memchr.o)
                0x080001e0                memchr
 .text          0x08000280       0x30 C:/ST/STM32CubeIDE_1.18.0/STM32CubeIDE/plugins/com.st.stm32cube.ide.mcu.externaltools.gnu-tools-for-stm32.13.3.rel1.win32_1.0.0.202411081344/tools/bin/../lib/gcc/arm-none-eabi/13.3.1/thumb/v7e-m+fp/hard\libgcc.a(_aeabi_uldivmod.o)
                0x08000280                __aeabi_uldivmod
 .text          0x080002b0      0x2f8 C:/ST/STM32CubeIDE_1.18.0/STM32CubeIDE/plugins/com.st.stm32cube.ide.mcu.externaltools.gnu-tools-for-stm32.13.3.rel1.win32_1.0.0.202411081344/tools/bin/../lib/gcc/arm-none-eabi/13.3.1/thumb/v7e-m+fp/hard\libgcc.a(_udivmoddi4.o)
                0x080002b0                __udivmoddi4
 .text          0x080005a8        0x4 C:/ST/STM32CubeIDE_1.18.0/STM32CubeIDE/plugins/com.st.stm32cube.ide.mcu.externaltools.gnu-tools-for-stm32.13.3.rel1.win32_1.0.0.202411081344/tools/bin/../lib/gcc/arm-none-eabi/13.3.1/thumb/v7e-m+fp/hard\libgcc.a(_dvmd_tls.o)
                0x080005a8                __aeabi_idiv0
                0x080005a8                __aeabi_ldiv0
 *(.text*)
 .text.Reset_Handler
                0x080005ac       0x50 ./Application/Startup/startup_stm32f401retx.o
                0x080005ac                Reset_Handler
 .text.Default_Handler
                0x080005fc        0x2 ./Application/Startup/startup_stm32f401retx.o
                0x080005fc                RTC_Alarm_IRQHandler
                0x080005fc                EXTI2_IRQHandler
                0x080005fc                SPI4_IRQHandler
                0x080005fc                TIM1_CC_IRQHandler
                0x080005fc                DMA2_Stream5_IRQHandler
                0x080005fc                DMA1_Stream5_IRQHandler
                0x080005fc                PVD_IRQHandler
                0x080005fc                SDIO_IRQHandler
                0x080005fc                TAMP_STAMP_IRQHandler
                0x080005fc                EXTI3_IRQHandler
                0x080005fc                TIM1_UP_TIM10_IRQHandler
                0x080005fc                I2C3_ER_IRQHandler
                0x080005fc                EXTI0_IRQHandler
                0x080005fc                I2C2_EV_IRQHandler
                0x080005fc                DMA1_Stream2_IRQHandler
                0x080005fc                FPU_IRQHandler
                0x080005fc                DMA2_Stream2_IRQHandler
                0x080005fc                SPI1_IRQHandler
                0x080005fc                TIM1_BRK_TIM9_IRQHandler
                0x080005fc                DMA2_Stream3_IRQHandler
                0x080005fc                USART6_IRQHandler
                0x080005fc                DMA2_Stream0_IRQHandler
                0x080005fc                TIM4_IRQHandler
                0x080005fc                I2C1_EV_IRQHandler
                0x080005fc                DMA1_Stream6_IRQHandler
                0x080005fc                DMA1_Stream1_IRQHandler
                0x080005fc                TIM3_IRQHandler
                0x080005fc                RCC_IRQHandler
                0x080005fc                Default_Handler
                0x080005fc                EXTI15_10_IRQHandler
                0x080005fc                ADC_IRQHandler
                0x080005fc                DMA1_Stream7_IRQHandler
                0x080005fc                TIM5_IRQHandler
                0x080005fc                DMA2_Stream7_IRQHandler
                0x080005fc                I2C3_EV_IRQHandler
                0x080005fc                EXTI9_5_IRQHandler
                0x080005fc                RTC_WKUP_IRQHandler
                0x080005fc                SPI2_IRQHandler
                0x080005fc                DMA1_Stream0_IRQHandler
                0x080005fc                WWDG_IRQHandler
                0x080005fc                TIM2_IRQHandler
                0x080005fc                OTG_FS_WKUP_IRQHandler
                0x080005fc                TIM1_TRG_COM_TIM11_IRQHandler
                0x080005fc                EXTI1_IRQHandler
                0x080005fc                USART2_IRQHandler
                0x080005fc                I2C2_ER_IRQHandler
                0x080005fc                DMA2_Stream1_IRQHandler
                0x080005fc                FLASH_IRQHandler
                0x080005fc                DMA2_Stream4_IRQHandler
                0x080005fc                USART1_IRQHandler
                0x080005fc                OTG_FS_IRQHandler
                0x080005fc                SPI3_IRQHandler
                0x080005fc                DMA1_Stream4_IRQHandler
                0x080005fc                I2C1_ER_IRQHandler
                0x080005fc                DMA2_Stream6_IRQHandler
                0x080005fc                DMA1_Stream3_IRQHandler
 .text.MX_TOF_Init
                0x080005fe        0xc ./Application/User/app_tof.o
                0x080005fe                MX_TOF_Init
 .text.MX_TOF_Process
                0x0800060a        0xc ./Application/User/app_tof.o
                0x0800060a                MX_TOF_Process
 *fill*         0x08000616        0x2 
 .text.MX_53L7A1_ThresholdDetection_Init
                0x08000618       0x98 ./Application/User/app_tof.o
 .text.MX_53L7A1_ThresholdDetection_Process
                0x080006b0       0xec ./Application/User/app_tof.o
 .text.print_result
                0x0800079c      0x310 ./Application/User/app_tof.o
 .text.HAL_GPIO_EXTI_Callback
                0x08000aac       0x28 ./Application/User/app_tof_pin_conf.o
                0x08000aac                HAL_GPIO_EXTI_Callback
 .text.main     0x08000ad4       0x1a ./Application/User/main.o
                0x08000ad4                main
 *fill*         0x08000aee        0x2 
 .text.SystemClock_Config
                0x08000af0       0xd8 ./Application/User/main.o
                0x08000af0                SystemClock_Config
 .text.MX_GPIO_Init
                0x08000bc8      0x13c ./Application/User/main.o
 .text.Error_Handler
                0x08000d04        0xc ./Application/User/main.o
                0x08000d04                Error_Handler
 .text.HAL_MspInit
                0x08000d10       0x50 ./Application/User/stm32f4xx_hal_msp.o
                0x08000d10                HAL_MspInit
 .text.NMI_Handler
                0x08000d60        0x8 ./Application/User/stm32f4xx_it.o
                0x08000d60                NMI_Handler
 .text.HardFault_Handler
                0x08000d68        0x8 ./Application/User/stm32f4xx_it.o
                0x08000d68                HardFault_Handler
 .text.MemManage_Handler
                0x08000d70        0x8 ./Application/User/stm32f4xx_it.o
                0x08000d70                MemManage_Handler
 .text.BusFault_Handler
                0x08000d78        0x8 ./Application/User/stm32f4xx_it.o
                0x08000d78                BusFault_Handler
 .text.UsageFault_Handler
                0x08000d80        0x8 ./Application/User/stm32f4xx_it.o
                0x08000d80                UsageFault_Handler
 .text.SVC_Handler
                0x08000d88        0xe ./Application/User/stm32f4xx_it.o
                0x08000d88                SVC_Handler
 .text.DebugMon_Handler
                0x08000d96        0xe ./Application/User/stm32f4xx_it.o
                0x08000d96                DebugMon_Handler
 .text.PendSV_Handler
                0x08000da4        0xe ./Application/User/stm32f4xx_it.o
                0x08000da4                PendSV_Handler
 .text.SysTick_Handler
                0x08000db2        0xc ./Application/User/stm32f4xx_it.o
                0x08000db2                SysTick_Handler
 .text.EXTI4_IRQHandler
                0x08000dbe        0xe ./Application/User/stm32f4xx_it.o
                0x08000dbe                EXTI4_IRQHandler
 .text.BSP_COM_Init
                0x08000dcc       0x7c ./Application/User/stm32f4xx_nucleo.o
                0x08000dcc                BSP_COM_Init
 .text.MX_USART2_UART_Init
                0x08000e48       0x5c ./Application/User/stm32f4xx_nucleo.o
                0x08000e48                MX_USART2_UART_Init
 .text.__io_putchar
                0x08000ea4       0x38 ./Application/User/stm32f4xx_nucleo.o
                0x08000ea4                __io_putchar
 .text.USART2_MspInit
                0x08000edc       0x90 ./Application/User/stm32f4xx_nucleo.o
 .text.BSP_I2C1_Init
                0x08000f6c       0x64 ./Application/User/stm32f4xx_nucleo_bus.o
                0x08000f6c                BSP_I2C1_Init
 .text.BSP_I2C1_DeInit
                0x08000fd0       0x50 ./Application/User/stm32f4xx_nucleo_bus.o
                0x08000fd0                BSP_I2C1_DeInit
 .text.BSP_I2C1_WriteReg16
                0x08001020       0x64 ./Application/User/stm32f4xx_nucleo_bus.o
                0x08001020                BSP_I2C1_WriteReg16
 .text.BSP_I2C1_ReadReg16
                0x08001084       0x64 ./Application/User/stm32f4xx_nucleo_bus.o
                0x08001084                BSP_I2C1_ReadReg16
 .text.BSP_GetTick
                0x080010e8        0xe ./Application/User/stm32f4xx_nucleo_bus.o
                0x080010e8                BSP_GetTick
 *fill*         0x080010f6        0x2 
 .text.MX_I2C1_Init
                0x080010f8       0x68 ./Application/User/stm32f4xx_nucleo_bus.o
                0x080010f8                MX_I2C1_Init
 .text.I2C1_MspInit
                0x08001160       0x94 ./Application/User/stm32f4xx_nucleo_bus.o
 .text.I2C1_MspDeInit
                0x080011f4       0x38 ./Application/User/stm32f4xx_nucleo_bus.o
 .text._read    0x0800122c       0x3a ./Application/User/syscalls.o
                0x0800122c                _read
 .text._write   0x08001266       0x38 ./Application/User/syscalls.o
                0x08001266                _write
 .text._close   0x0800129e       0x18 ./Application/User/syscalls.o
                0x0800129e                _close
 .text._fstat   0x080012b6       0x20 ./Application/User/syscalls.o
                0x080012b6                _fstat
 .text._isatty  0x080012d6       0x16 ./Application/User/syscalls.o
                0x080012d6                _isatty
 .text._lseek   0x080012ec       0x1a ./Application/User/syscalls.o
                0x080012ec                _lseek
 *fill*         0x08001306        0x2 
 .text._sbrk    0x08001308       0x6c ./Application/User/sysmem.o
                0x08001308                _sbrk
 .text.VL53L7A1_RANGING_SENSOR_Init
                0x08001374       0x28 ./Drivers/BSP/53L7A1/53l7a1_ranging_sensor.o
                0x08001374                VL53L7A1_RANGING_SENSOR_Init
 .text.VL53L7A1_RANGING_SENSOR_ReadID
                0x0800139c       0x50 ./Drivers/BSP/53L7A1/53l7a1_ranging_sensor.o
                0x0800139c                VL53L7A1_RANGING_SENSOR_ReadID
 .text.VL53L7A1_RANGING_SENSOR_GetCapabilities
                0x080013ec       0x50 ./Drivers/BSP/53L7A1/53l7a1_ranging_sensor.o
                0x080013ec                VL53L7A1_RANGING_SENSOR_GetCapabilities
 .text.VL53L7A1_RANGING_SENSOR_ConfigProfile
                0x0800143c       0x50 ./Drivers/BSP/53L7A1/53l7a1_ranging_sensor.o
                0x0800143c                VL53L7A1_RANGING_SENSOR_ConfigProfile
 .text.VL53L7A1_RANGING_SENSOR_ConfigIT
                0x0800148c       0x50 ./Drivers/BSP/53L7A1/53l7a1_ranging_sensor.o
                0x0800148c                VL53L7A1_RANGING_SENSOR_ConfigIT
 .text.VL53L7A1_RANGING_SENSOR_GetDistance
                0x080014dc       0x50 ./Drivers/BSP/53L7A1/53l7a1_ranging_sensor.o
                0x080014dc                VL53L7A1_RANGING_SENSOR_GetDistance
 .text.VL53L7A1_RANGING_SENSOR_Start
                0x0800152c       0x50 ./Drivers/BSP/53L7A1/53l7a1_ranging_sensor.o
                0x0800152c                VL53L7A1_RANGING_SENSOR_Start
 .text.VL53L7CX_Probe
                0x0800157c      0x118 ./Drivers/BSP/53L7A1/53l7a1_ranging_sensor.o
 .text.VL53L7CX_RdByte
                0x08001694       0x2a ./Drivers/BSP/Components/platform.o
                0x08001694                VL53L7CX_RdByte
 .text.VL53L7CX_WrByte
                0x080016be       0x2c ./Drivers/BSP/Components/platform.o
                0x080016be                VL53L7CX_WrByte
 .text.VL53L7CX_WrMulti
                0x080016ea       0x2e ./Drivers/BSP/Components/platform.o
                0x080016ea                VL53L7CX_WrMulti
 .text.VL53L7CX_RdMulti
                0x08001718       0x2e ./Drivers/BSP/Components/platform.o
                0x08001718                VL53L7CX_RdMulti
 .text.VL53L7CX_SwapBuffer
                0x08001746       0x6c ./Drivers/BSP/Components/platform.o
                0x08001746                VL53L7CX_SwapBuffer
 .text.VL53L7CX_WaitMs
                0x080017b2       0x34 ./Drivers/BSP/Components/platform.o
                0x080017b2                VL53L7CX_WaitMs
 .text.VL53L7CX_RegisterBusIO
                0x080017e6       0x90 ./Drivers/BSP/Components/vl53l7cx.o
                0x080017e6                VL53L7CX_RegisterBusIO
 .text.VL53L7CX_Init
                0x08001876       0x7e ./Drivers/BSP/Components/vl53l7cx.o
                0x08001876                VL53L7CX_Init
 .text.VL53L7CX_DeInit
                0x080018f4       0x52 ./Drivers/BSP/Components/vl53l7cx.o
                0x080018f4                VL53L7CX_DeInit
 .text.VL53L7CX_ReadID
                0x08001946       0xc0 ./Drivers/BSP/Components/vl53l7cx.o
                0x08001946                VL53L7CX_ReadID
 .text.VL53L7CX_GetCapabilities
                0x08001a06       0x48 ./Drivers/BSP/Components/vl53l7cx.o
                0x08001a06                VL53L7CX_GetCapabilities
 *fill*         0x08001a4e        0x2 
 .text.VL53L7CX_ConfigProfile
                0x08001a50      0x13c ./Drivers/BSP/Components/vl53l7cx.o
                0x08001a50                VL53L7CX_ConfigProfile
 .text.VL53L7CX_ConfigROI
                0x08001b8c       0x1a ./Drivers/BSP/Components/vl53l7cx.o
                0x08001b8c                VL53L7CX_ConfigROI
 *fill*         0x08001ba6        0x2 
 .text.VL53L7CX_ConfigIT
                0x08001ba8      0x170 ./Drivers/BSP/Components/vl53l7cx.o
                0x08001ba8                VL53L7CX_ConfigIT
 .text.VL53L7CX_GetDistance
                0x08001d18       0x74 ./Drivers/BSP/Components/vl53l7cx.o
                0x08001d18                VL53L7CX_GetDistance
 .text.VL53L7CX_Start
                0x08001d8c       0xbc ./Drivers/BSP/Components/vl53l7cx.o
                0x08001d8c                VL53L7CX_Start
 .text.VL53L7CX_Stop
                0x08001e48       0x56 ./Drivers/BSP/Components/vl53l7cx.o
                0x08001e48                VL53L7CX_Stop
 .text.VL53L7CX_SetAddress
                0x08001e9e       0x4e ./Drivers/BSP/Components/vl53l7cx.o
                0x08001e9e                VL53L7CX_SetAddress
 .text.VL53L7CX_GetAddress
                0x08001eec       0x3a ./Drivers/BSP/Components/vl53l7cx.o
                0x08001eec                VL53L7CX_GetAddress
 .text.VL53L7CX_SetPowerMode
                0x08001f26       0x58 ./Drivers/BSP/Components/vl53l7cx.o
                0x08001f26                VL53L7CX_SetPowerMode
 .text.VL53L7CX_GetPowerMode
                0x08001f7e       0x58 ./Drivers/BSP/Components/vl53l7cx.o
                0x08001f7e                VL53L7CX_GetPowerMode
 .text.vl53l7cx_poll_for_measurement
                0x08001fd6       0x66 ./Drivers/BSP/Components/vl53l7cx.o
 .text.vl53l7cx_get_result
                0x0800203c      0x1cc ./Drivers/BSP/Components/vl53l7cx.o
 .text.vl53l7cx_map_target_status
                0x08002208       0x3a ./Drivers/BSP/Components/vl53l7cx.o
 .text._vl53l7cx_poll_for_answer
                0x08002242       0xa0 ./Drivers/BSP/Components/vl53l7cx_api.o
 .text._vl53l7cx_poll_for_mcu_boot
                0x080022e2       0x82 ./Drivers/BSP/Components/vl53l7cx_api.o
 .text._vl53l7cx_send_offset_data
                0x08002364      0x398 ./Drivers/BSP/Components/vl53l7cx_api.o
 .text._vl53l7cx_send_xtalk_data
                0x080026fc      0x298 ./Drivers/BSP/Components/vl53l7cx_api.o
 .text.vl53l7cx_init
                0x08002994      0x8d8 ./Drivers/BSP/Components/vl53l7cx_api.o
                0x08002994                vl53l7cx_init
 .text.vl53l7cx_set_i2c_address
                0x0800326c       0x6c ./Drivers/BSP/Components/vl53l7cx_api.o
                0x0800326c                vl53l7cx_set_i2c_address
 .text.vl53l7cx_get_power_mode
                0x080032d8       0x86 ./Drivers/BSP/Components/vl53l7cx_api.o
                0x080032d8                vl53l7cx_get_power_mode
 .text.vl53l7cx_set_power_mode
                0x0800335e       0xfc ./Drivers/BSP/Components/vl53l7cx_api.o
                0x0800335e                vl53l7cx_set_power_mode
 *fill*         0x0800345a        0x2 
 .text.vl53l7cx_start_ranging
                0x0800345c      0x2f4 ./Drivers/BSP/Components/vl53l7cx_api.o
                0x0800345c                vl53l7cx_start_ranging
 .text.vl53l7cx_stop_ranging
                0x08003750      0x1a0 ./Drivers/BSP/Components/vl53l7cx_api.o
                0x08003750                vl53l7cx_stop_ranging
 .text.vl53l7cx_check_data_ready
                0x080038f0       0xa0 ./Drivers/BSP/Components/vl53l7cx_api.o
                0x080038f0                vl53l7cx_check_data_ready
 .text.vl53l7cx_get_ranging_data
                0x08003990      0x434 ./Drivers/BSP/Components/vl53l7cx_api.o
                0x08003990                vl53l7cx_get_ranging_data
 .text.vl53l7cx_get_resolution
                0x08003dc4       0x4a ./Drivers/BSP/Components/vl53l7cx_api.o
                0x08003dc4                vl53l7cx_get_resolution
 .text.vl53l7cx_set_resolution
                0x08003e0e      0x1a8 ./Drivers/BSP/Components/vl53l7cx_api.o
                0x08003e0e                vl53l7cx_set_resolution
 .text.vl53l7cx_set_ranging_frequency_hz
                0x08003fb6       0x42 ./Drivers/BSP/Components/vl53l7cx_api.o
                0x08003fb6                vl53l7cx_set_ranging_frequency_hz
 .text.vl53l7cx_set_integration_time_ms
                0x08003ff8       0x6a ./Drivers/BSP/Components/vl53l7cx_api.o
                0x08003ff8                vl53l7cx_set_integration_time_ms
 .text.vl53l7cx_set_ranging_mode
                0x08004062       0xae ./Drivers/BSP/Components/vl53l7cx_api.o
                0x08004062                vl53l7cx_set_ranging_mode
 .text.vl53l7cx_dci_read_data
                0x08004110      0x114 ./Drivers/BSP/Components/vl53l7cx_api.o
                0x08004110                vl53l7cx_dci_read_data
 .text.vl53l7cx_dci_write_data
                0x08004224      0x13c ./Drivers/BSP/Components/vl53l7cx_api.o
                0x08004224                vl53l7cx_dci_write_data
 .text.vl53l7cx_dci_replace_data
                0x08004360       0x58 ./Drivers/BSP/Components/vl53l7cx_api.o
                0x08004360                vl53l7cx_dci_replace_data
 .text.vl53l7cx_set_detection_thresholds_enable
                0x080043b8       0x8c ./Drivers/BSP/Components/vl53l7cx_plugin_detection_thresholds.o
                0x080043b8                vl53l7cx_set_detection_thresholds_enable
 .text.vl53l7cx_set_detection_thresholds
                0x08004444      0x2b0 ./Drivers/BSP/Components/vl53l7cx_plugin_detection_thresholds.o
                0x08004444                vl53l7cx_set_detection_thresholds
 .text.SystemInit
                0x080046f4       0x24 ./Drivers/CMSIS/system_stm32f4xx.o
                0x080046f4                SystemInit
 .text.HAL_Init
                0x08004718       0x44 ./Drivers/STM32F4xx_HAL_Driver/stm32f4xx_hal.o
                0x08004718                HAL_Init
 .text.HAL_InitTick
                0x0800475c       0x60 ./Drivers/STM32F4xx_HAL_Driver/stm32f4xx_hal.o
                0x0800475c                HAL_InitTick
 .text.HAL_IncTick
                0x080047bc       0x28 ./Drivers/STM32F4xx_HAL_Driver/stm32f4xx_hal.o
                0x080047bc                HAL_IncTick
 .text.HAL_GetTick
                0x080047e4       0x18 ./Drivers/STM32F4xx_HAL_Driver/stm32f4xx_hal.o
                0x080047e4                HAL_GetTick
 .text.HAL_Delay
                0x080047fc       0x48 ./Drivers/STM32F4xx_HAL_Driver/stm32f4xx_hal.o
                0x080047fc                HAL_Delay
 .text.__NVIC_SetPriorityGrouping
                0x08004844       0x48 ./Drivers/STM32F4xx_HAL_Driver/stm32f4xx_hal_cortex.o
 .text.__NVIC_GetPriorityGrouping
                0x0800488c       0x1c ./Drivers/STM32F4xx_HAL_Driver/stm32f4xx_hal_cortex.o
 .text.__NVIC_EnableIRQ
                0x080048a8       0x3c ./Drivers/STM32F4xx_HAL_Driver/stm32f4xx_hal_cortex.o
 .text.__NVIC_SetPriority
                0x080048e4       0x54 ./Drivers/STM32F4xx_HAL_Driver/stm32f4xx_hal_cortex.o
 .text.NVIC_EncodePriority
                0x08004938       0x66 ./Drivers/STM32F4xx_HAL_Driver/stm32f4xx_hal_cortex.o
 *fill*         0x0800499e        0x2 
 .text.SysTick_Config
                0x080049a0       0x44 ./Drivers/STM32F4xx_HAL_Driver/stm32f4xx_hal_cortex.o
 .text.HAL_NVIC_SetPriorityGrouping
                0x080049e4       0x16 ./Drivers/STM32F4xx_HAL_Driver/stm32f4xx_hal_cortex.o
                0x080049e4                HAL_NVIC_SetPriorityGrouping
 .text.HAL_NVIC_SetPriority
                0x080049fa       0x38 ./Drivers/STM32F4xx_HAL_Driver/stm32f4xx_hal_cortex.o
                0x080049fa                HAL_NVIC_SetPriority
 .text.HAL_NVIC_EnableIRQ
                0x08004a32       0x1c ./Drivers/STM32F4xx_HAL_Driver/stm32f4xx_hal_cortex.o
                0x08004a32                HAL_NVIC_EnableIRQ
 .text.HAL_SYSTICK_Config
                0x08004a4e       0x18 ./Drivers/STM32F4xx_HAL_Driver/stm32f4xx_hal_cortex.o
                0x08004a4e                HAL_SYSTICK_Config
 *fill*         0x08004a66        0x2 
 .text.HAL_GPIO_Init
                0x08004a68      0x308 ./Drivers/STM32F4xx_HAL_Driver/stm32f4xx_hal_gpio.o
                0x08004a68                HAL_GPIO_Init
 .text.HAL_GPIO_DeInit
                0x08004d70      0x1c8 ./Drivers/STM32F4xx_HAL_Driver/stm32f4xx_hal_gpio.o
                0x08004d70                HAL_GPIO_DeInit
 .text.HAL_GPIO_WritePin
                0x08004f38       0x32 ./Drivers/STM32F4xx_HAL_Driver/stm32f4xx_hal_gpio.o
                0x08004f38                HAL_GPIO_WritePin
 *fill*         0x08004f6a        0x2 
 .text.HAL_GPIO_EXTI_IRQHandler
                0x08004f6c       0x30 ./Drivers/STM32F4xx_HAL_Driver/stm32f4xx_hal_gpio.o
                0x08004f6c                HAL_GPIO_EXTI_IRQHandler
 .text.HAL_I2C_Init
                0x08004f9c      0x288 ./Drivers/STM32F4xx_HAL_Driver/stm32f4xx_hal_i2c.o
                0x08004f9c                HAL_I2C_Init
 .text.HAL_I2C_DeInit
                0x08005224       0x5e ./Drivers/STM32F4xx_HAL_Driver/stm32f4xx_hal_i2c.o
                0x08005224                HAL_I2C_DeInit
 .text.HAL_I2C_MspInit
                0x08005282       0x14 ./Drivers/STM32F4xx_HAL_Driver/stm32f4xx_hal_i2c.o
                0x08005282                HAL_I2C_MspInit
 .text.HAL_I2C_MspDeInit
                0x08005296       0x14 ./Drivers/STM32F4xx_HAL_Driver/stm32f4xx_hal_i2c.o
                0x08005296                HAL_I2C_MspDeInit
 *fill*         0x080052aa        0x2 
 .text.HAL_I2C_Mem_Write
                0x080052ac      0x1f4 ./Drivers/STM32F4xx_HAL_Driver/stm32f4xx_hal_i2c.o
                0x080052ac                HAL_I2C_Mem_Write
 .text.HAL_I2C_Mem_Read
                0x080054a0      0x464 ./Drivers/STM32F4xx_HAL_Driver/stm32f4xx_hal_i2c.o
                0x080054a0                HAL_I2C_Mem_Read
 .text.HAL_I2C_GetState
                0x08005904       0x1c ./Drivers/STM32F4xx_HAL_Driver/stm32f4xx_hal_i2c.o
                0x08005904                HAL_I2C_GetState
 .text.HAL_I2C_GetError
                0x08005920       0x18 ./Drivers/STM32F4xx_HAL_Driver/stm32f4xx_hal_i2c.o
                0x08005920                HAL_I2C_GetError
 .text.I2C_RequestMemoryWrite
                0x08005938      0x12c ./Drivers/STM32F4xx_HAL_Driver/stm32f4xx_hal_i2c.o
 .text.I2C_RequestMemoryRead
                0x08005a64      0x1d0 ./Drivers/STM32F4xx_HAL_Driver/stm32f4xx_hal_i2c.o
 .text.I2C_WaitOnFlagUntilTimeout
                0x08005c34       0xf4 ./Drivers/STM32F4xx_HAL_Driver/stm32f4xx_hal_i2c.o
 .text.I2C_WaitOnMasterAddressFlagUntilTimeout
                0x08005d28      0x140 ./Drivers/STM32F4xx_HAL_Driver/stm32f4xx_hal_i2c.o
 .text.I2C_WaitOnTXEFlagUntilTimeout
                0x08005e68       0x90 ./Drivers/STM32F4xx_HAL_Driver/stm32f4xx_hal_i2c.o
 .text.I2C_WaitOnBTFFlagUntilTimeout
                0x08005ef8       0x90 ./Drivers/STM32F4xx_HAL_Driver/stm32f4xx_hal_i2c.o
 .text.I2C_WaitOnRXNEFlagUntilTimeout
                0x08005f88       0xba ./Drivers/STM32F4xx_HAL_Driver/stm32f4xx_hal_i2c.o
 .text.I2C_IsAcknowledgeFailed
                0x08006042       0x5e ./Drivers/STM32F4xx_HAL_Driver/stm32f4xx_hal_i2c.o
 .text.HAL_RCC_OscConfig
                0x080060a0      0x4f0 ./Drivers/STM32F4xx_HAL_Driver/stm32f4xx_hal_rcc.o
                0x080060a0                HAL_RCC_OscConfig
 .text.HAL_RCC_ClockConfig
                0x08006590      0x1cc ./Drivers/STM32F4xx_HAL_Driver/stm32f4xx_hal_rcc.o
                0x08006590                HAL_RCC_ClockConfig
 .text.HAL_RCC_GetSysClockFreq
                0x0800675c      0x20c ./Drivers/STM32F4xx_HAL_Driver/stm32f4xx_hal_rcc.o
                0x0800675c                HAL_RCC_GetSysClockFreq
 .text.HAL_RCC_GetHCLKFreq
                0x08006968       0x18 ./Drivers/STM32F4xx_HAL_Driver/stm32f4xx_hal_rcc.o
                0x08006968                HAL_RCC_GetHCLKFreq
 .text.HAL_RCC_GetPCLK1Freq
                0x08006980       0x28 ./Drivers/STM32F4xx_HAL_Driver/stm32f4xx_hal_rcc.o
                0x08006980                HAL_RCC_GetPCLK1Freq
 .text.HAL_RCC_GetPCLK2Freq
                0x080069a8       0x28 ./Drivers/STM32F4xx_HAL_Driver/stm32f4xx_hal_rcc.o
                0x080069a8                HAL_RCC_GetPCLK2Freq
 .text.HAL_UART_Init
                0x080069d0       0xa0 ./Drivers/STM32F4xx_HAL_Driver/stm32f4xx_hal_uart.o
                0x080069d0                HAL_UART_Init
 .text.HAL_UART_MspInit
                0x08006a70       0x14 ./Drivers/STM32F4xx_HAL_Driver/stm32f4xx_hal_uart.o
                0x08006a70                HAL_UART_MspInit
 .text.HAL_UART_Transmit
                0x08006a84      0x116 ./Drivers/STM32F4xx_HAL_Driver/stm32f4xx_hal_uart.o
                0x08006a84                HAL_UART_Transmit
 .text.UART_WaitOnFlagUntilTimeout
                0x08006b9a       0xb2 ./Drivers/STM32F4xx_HAL_Driver/stm32f4xx_hal_uart.o
 .text.UART_EndRxTransfer
                0x08006c4c       0xc6 ./Drivers/STM32F4xx_HAL_Driver/stm32f4xx_hal_uart.o
 *fill*         0x08006d12        0x2 
 .text.UART_SetConfig
                0x08006d14      0x4e8 ./Drivers/STM32F4xx_HAL_Driver/stm32f4xx_hal_uart.o
 .text.std      0x080071fc       0x6c C:/ST/STM32CubeIDE_1.18.0/STM32CubeIDE/plugins/com.st.stm32cube.ide.mcu.externaltools.gnu-tools-for-stm32.13.3.rel1.win32_1.0.0.202411081344/tools/bin/../lib/gcc/arm-none-eabi/13.3.1/../../../../arm-none-eabi/lib/thumb/v7e-m+fp/hard\libc_nano.a(libc_a-findfp.o)
 .text.stdio_exit_handler
                0x08007268       0x18 C:/ST/STM32CubeIDE_1.18.0/STM32CubeIDE/plugins/com.st.stm32cube.ide.mcu.externaltools.gnu-tools-for-stm32.13.3.rel1.win32_1.0.0.202411081344/tools/bin/../lib/gcc/arm-none-eabi/13.3.1/../../../../arm-none-eabi/lib/thumb/v7e-m+fp/hard\libc_nano.a(libc_a-findfp.o)
 .text.cleanup_stdio
                0x08007280       0x40 C:/ST/STM32CubeIDE_1.18.0/STM32CubeIDE/plugins/com.st.stm32cube.ide.mcu.externaltools.gnu-tools-for-stm32.13.3.rel1.win32_1.0.0.202411081344/tools/bin/../lib/gcc/arm-none-eabi/13.3.1/../../../../arm-none-eabi/lib/thumb/v7e-m+fp/hard\libc_nano.a(libc_a-findfp.o)
 .text.global_stdio_init.part.0
                0x080072c0       0x3c C:/ST/STM32CubeIDE_1.18.0/STM32CubeIDE/plugins/com.st.stm32cube.ide.mcu.externaltools.gnu-tools-for-stm32.13.3.rel1.win32_1.0.0.202411081344/tools/bin/../lib/gcc/arm-none-eabi/13.3.1/../../../../arm-none-eabi/lib/thumb/v7e-m+fp/hard\libc_nano.a(libc_a-findfp.o)
 .text.__sfp_lock_acquire
                0x080072fc        0xc C:/ST/STM32CubeIDE_1.18.0/STM32CubeIDE/plugins/com.st.stm32cube.ide.mcu.externaltools.gnu-tools-for-stm32.13.3.rel1.win32_1.0.0.202411081344/tools/bin/../lib/gcc/arm-none-eabi/13.3.1/../../../../arm-none-eabi/lib/thumb/v7e-m+fp/hard\libc_nano.a(libc_a-findfp.o)
                0x080072fc                __sfp_lock_acquire
 .text.__sfp_lock_release
                0x08007308        0xc C:/ST/STM32CubeIDE_1.18.0/STM32CubeIDE/plugins/com.st.stm32cube.ide.mcu.externaltools.gnu-tools-for-stm32.13.3.rel1.win32_1.0.0.202411081344/tools/bin/../lib/gcc/arm-none-eabi/13.3.1/../../../../arm-none-eabi/lib/thumb/v7e-m+fp/hard\libc_nano.a(libc_a-findfp.o)
                0x08007308                __sfp_lock_release
 .text.__sinit  0x08007314       0x30 C:/ST/STM32CubeIDE_1.18.0/STM32CubeIDE/plugins/com.st.stm32cube.ide.mcu.externaltools.gnu-tools-for-stm32.13.3.rel1.win32_1.0.0.202411081344/tools/bin/../lib/gcc/arm-none-eabi/13.3.1/../../../../arm-none-eabi/lib/thumb/v7e-m+fp/hard\libc_nano.a(libc_a-findfp.o)
                0x08007314                __sinit
 .text._fwalk_sglue
                0x08007344       0x3c C:/ST/STM32CubeIDE_1.18.0/STM32CubeIDE/plugins/com.st.stm32cube.ide.mcu.externaltools.gnu-tools-for-stm32.13.3.rel1.win32_1.0.0.202411081344/tools/bin/../lib/gcc/arm-none-eabi/13.3.1/../../../../arm-none-eabi/lib/thumb/v7e-m+fp/hard\libc_nano.a(libc_a-fwalk.o)
                0x08007344                _fwalk_sglue
 .text.printf   0x08007380       0x24 C:/ST/STM32CubeIDE_1.18.0/STM32CubeIDE/plugins/com.st.stm32cube.ide.mcu.externaltools.gnu-tools-for-stm32.13.3.rel1.win32_1.0.0.202411081344/tools/bin/../lib/gcc/arm-none-eabi/13.3.1/../../../../arm-none-eabi/lib/thumb/v7e-m+fp/hard\libc_nano.a(libc_a-printf.o)
                0x08007380                iprintf
                0x08007380                printf
 .text.putchar  0x080073a4       0x10 C:/ST/STM32CubeIDE_1.18.0/STM32CubeIDE/plugins/com.st.stm32cube.ide.mcu.externaltools.gnu-tools-for-stm32.13.3.rel1.win32_1.0.0.202411081344/tools/bin/../lib/gcc/arm-none-eabi/13.3.1/../../../../arm-none-eabi/lib/thumb/v7e-m+fp/hard\libc_nano.a(libc_a-putchar.o)
                0x080073a4                putchar
 .text._puts_r  0x080073b4       0xaa C:/ST/STM32CubeIDE_1.18.0/STM32CubeIDE/plugins/com.st.stm32cube.ide.mcu.externaltools.gnu-tools-for-stm32.13.3.rel1.win32_1.0.0.202411081344/tools/bin/../lib/gcc/arm-none-eabi/13.3.1/../../../../arm-none-eabi/lib/thumb/v7e-m+fp/hard\libc_nano.a(libc_a-puts.o)
                0x080073b4                _puts_r
 *fill*         0x0800745e        0x2 
 .text.puts     0x08007460       0x10 C:/ST/STM32CubeIDE_1.18.0/STM32CubeIDE/plugins/com.st.stm32cube.ide.mcu.externaltools.gnu-tools-for-stm32.13.3.rel1.win32_1.0.0.202411081344/tools/bin/../lib/gcc/arm-none-eabi/13.3.1/../../../../arm-none-eabi/lib/thumb/v7e-m+fp/hard\libc_nano.a(libc_a-puts.o)
                0x08007460                puts
 .text.__sread  0x08007470       0x22 C:/ST/STM32CubeIDE_1.18.0/STM32CubeIDE/plugins/com.st.stm32cube.ide.mcu.externaltools.gnu-tools-for-stm32.13.3.rel1.win32_1.0.0.202411081344/tools/bin/../lib/gcc/arm-none-eabi/13.3.1/../../../../arm-none-eabi/lib/thumb/v7e-m+fp/hard\libc_nano.a(libc_a-stdio.o)
                0x08007470                __sread
 .text.__swrite
                0x08007492       0x38 C:/ST/STM32CubeIDE_1.18.0/STM32CubeIDE/plugins/com.st.stm32cube.ide.mcu.externaltools.gnu-tools-for-stm32.13.3.rel1.win32_1.0.0.202411081344/tools/bin/../lib/gcc/arm-none-eabi/13.3.1/../../../../arm-none-eabi/lib/thumb/v7e-m+fp/hard\libc_nano.a(libc_a-stdio.o)
                0x08007492                __swrite
 .text.__sseek  0x080074ca       0x24 C:/ST/STM32CubeIDE_1.18.0/STM32CubeIDE/plugins/com.st.stm32cube.ide.mcu.externaltools.gnu-tools-for-stm32.13.3.rel1.win32_1.0.0.202411081344/tools/bin/../lib/gcc/arm-none-eabi/13.3.1/../../../../arm-none-eabi/lib/thumb/v7e-m+fp/hard\libc_nano.a(libc_a-stdio.o)
                0x080074ca                __sseek
 .text.__sclose
                0x080074ee        0x8 C:/ST/STM32CubeIDE_1.18.0/STM32CubeIDE/plugins/com.st.stm32cube.ide.mcu.externaltools.gnu-tools-for-stm32.13.3.rel1.win32_1.0.0.202411081344/tools/bin/../lib/gcc/arm-none-eabi/13.3.1/../../../../arm-none-eabi/lib/thumb/v7e-m+fp/hard\libc_nano.a(libc_a-stdio.o)
                0x080074ee                __sclose
 .text.__swbuf_r
                0x080074f6       0x7c C:/ST/STM32CubeIDE_1.18.0/STM32CubeIDE/plugins/com.st.stm32cube.ide.mcu.externaltools.gnu-tools-for-stm32.13.3.rel1.win32_1.0.0.202411081344/tools/bin/../lib/gcc/arm-none-eabi/13.3.1/../../../../arm-none-eabi/lib/thumb/v7e-m+fp/hard\libc_nano.a(libc_a-wbuf.o)
                0x080074f6                __swbuf_r
 *fill*         0x08007572        0x2 
 .text.__swsetup_r
                0x08007574       0xac C:/ST/STM32CubeIDE_1.18.0/STM32CubeIDE/plugins/com.st.stm32cube.ide.mcu.externaltools.gnu-tools-for-stm32.13.3.rel1.win32_1.0.0.202411081344/tools/bin/../lib/gcc/arm-none-eabi/13.3.1/../../../../arm-none-eabi/lib/thumb/v7e-m+fp/hard\libc_nano.a(libc_a-wsetup.o)
                0x08007574                __swsetup_r
 .text.memset   0x08007620       0x10 C:/ST/STM32CubeIDE_1.18.0/STM32CubeIDE/plugins/com.st.stm32cube.ide.mcu.externaltools.gnu-tools-for-stm32.13.3.rel1.win32_1.0.0.202411081344/tools/bin/../lib/gcc/arm-none-eabi/13.3.1/../../../../arm-none-eabi/lib/thumb/v7e-m+fp/hard\libc_nano.a(libc_a-memset.o)
                0x08007620                memset
 .text._close_r
                0x08007630       0x20 C:/ST/STM32CubeIDE_1.18.0/STM32CubeIDE/plugins/com.st.stm32cube.ide.mcu.externaltools.gnu-tools-for-stm32.13.3.rel1.win32_1.0.0.202411081344/tools/bin/../lib/gcc/arm-none-eabi/13.3.1/../../../../arm-none-eabi/lib/thumb/v7e-m+fp/hard\libc_nano.a(libc_a-closer.o)
                0x08007630                _close_r
 .text._lseek_r
                0x08007650       0x24 C:/ST/STM32CubeIDE_1.18.0/STM32CubeIDE/plugins/com.st.stm32cube.ide.mcu.externaltools.gnu-tools-for-stm32.13.3.rel1.win32_1.0.0.202411081344/tools/bin/../lib/gcc/arm-none-eabi/13.3.1/../../../../arm-none-eabi/lib/thumb/v7e-m+fp/hard\libc_nano.a(libc_a-lseekr.o)
                0x08007650                _lseek_r
 .text._read_r  0x08007674       0x24 C:/ST/STM32CubeIDE_1.18.0/STM32CubeIDE/plugins/com.st.stm32cube.ide.mcu.externaltools.gnu-tools-for-stm32.13.3.rel1.win32_1.0.0.202411081344/tools/bin/../lib/gcc/arm-none-eabi/13.3.1/../../../../arm-none-eabi/lib/thumb/v7e-m+fp/hard\libc_nano.a(libc_a-readr.o)
                0x08007674                _read_r
 .text._write_r
                0x08007698       0x24 C:/ST/STM32CubeIDE_1.18.0/STM32CubeIDE/plugins/com.st.stm32cube.ide.mcu.externaltools.gnu-tools-for-stm32.13.3.rel1.win32_1.0.0.202411081344/tools/bin/../lib/gcc/arm-none-eabi/13.3.1/../../../../arm-none-eabi/lib/thumb/v7e-m+fp/hard\libc_nano.a(libc_a-writer.o)
                0x08007698                _write_r
 .text.__errno  0x080076bc        0xc C:/ST/STM32CubeIDE_1.18.0/STM32CubeIDE/plugins/com.st.stm32cube.ide.mcu.externaltools.gnu-tools-for-stm32.13.3.rel1.win32_1.0.0.202411081344/tools/bin/../lib/gcc/arm-none-eabi/13.3.1/../../../../arm-none-eabi/lib/thumb/v7e-m+fp/hard\libc_nano.a(libc_a-errno.o)
                0x080076bc                __errno
 .text.__libc_init_array
                0x080076c8       0x48 C:/ST/STM32CubeIDE_1.18.0/STM32CubeIDE/plugins/com.st.stm32cube.ide.mcu.externaltools.gnu-tools-for-stm32.13.3.rel1.win32_1.0.0.202411081344/tools/bin/../lib/gcc/arm-none-eabi/13.3.1/../../../../arm-none-eabi/lib/thumb/v7e-m+fp/hard\libc_nano.a(libc_a-init.o)
                0x080076c8                __libc_init_array
 .text.__retarget_lock_init_recursive
                0x08007710        0x2 C:/ST/STM32CubeIDE_1.18.0/STM32CubeIDE/plugins/com.st.stm32cube.ide.mcu.externaltools.gnu-tools-for-stm32.13.3.rel1.win32_1.0.0.202411081344/tools/bin/../lib/gcc/arm-none-eabi/13.3.1/../../../../arm-none-eabi/lib/thumb/v7e-m+fp/hard\libc_nano.a(libc_a-lock.o)
                0x08007710                __retarget_lock_init_recursive
 .text.__retarget_lock_acquire_recursive
                0x08007712        0x2 C:/ST/STM32CubeIDE_1.18.0/STM32CubeIDE/plugins/com.st.stm32cube.ide.mcu.externaltools.gnu-tools-for-stm32.13.3.rel1.win32_1.0.0.202411081344/tools/bin/../lib/gcc/arm-none-eabi/13.3.1/../../../../arm-none-eabi/lib/thumb/v7e-m+fp/hard\libc_nano.a(libc_a-lock.o)
                0x08007712                __retarget_lock_acquire_recursive
 .text.__retarget_lock_release_recursive
                0x08007714        0x2 C:/ST/STM32CubeIDE_1.18.0/STM32CubeIDE/plugins/com.st.stm32cube.ide.mcu.externaltools.gnu-tools-for-stm32.13.3.rel1.win32_1.0.0.202411081344/tools/bin/../lib/gcc/arm-none-eabi/13.3.1/../../../../arm-none-eabi/lib/thumb/v7e-m+fp/hard\libc_nano.a(libc_a-lock.o)
                0x08007714                __retarget_lock_release_recursive
 .text.memcpy   0x08007716       0x1c C:/ST/STM32CubeIDE_1.18.0/STM32CubeIDE/plugins/com.st.stm32cube.ide.mcu.externaltools.gnu-tools-for-stm32.13.3.rel1.win32_1.0.0.202411081344/tools/bin/../lib/gcc/arm-none-eabi/13.3.1/../../../../arm-none-eabi/lib/thumb/v7e-m+fp/hard\libc_nano.a(libc_a-memcpy-stub.o)
                0x08007716                memcpy
 *fill*         0x08007732        0x2 
 .text._free_r  0x08007734       0x94 C:/ST/STM32CubeIDE_1.18.0/STM32CubeIDE/plugins/com.st.stm32cube.ide.mcu.externaltools.gnu-tools-for-stm32.13.3.rel1.win32_1.0.0.202411081344/tools/bin/../lib/gcc/arm-none-eabi/13.3.1/../../../../arm-none-eabi/lib/thumb/v7e-m+fp/hard\libc_nano.a(libc_a-freer.o)
                0x08007734                _free_r
 .text.sbrk_aligned
                0x080077c8       0x44 C:/ST/STM32CubeIDE_1.18.0/STM32CubeIDE/plugins/com.st.stm32cube.ide.mcu.externaltools.gnu-tools-for-stm32.13.3.rel1.win32_1.0.0.202411081344/tools/bin/../lib/gcc/arm-none-eabi/13.3.1/../../../../arm-none-eabi/lib/thumb/v7e-m+fp/hard\libc_nano.a(libc_a-mallocr.o)
 .text._malloc_r
                0x0800780c      0x100 C:/ST/STM32CubeIDE_1.18.0/STM32CubeIDE/plugins/com.st.stm32cube.ide.mcu.externaltools.gnu-tools-for-stm32.13.3.rel1.win32_1.0.0.202411081344/tools/bin/../lib/gcc/arm-none-eabi/13.3.1/../../../../arm-none-eabi/lib/thumb/v7e-m+fp/hard\libc_nano.a(libc_a-mallocr.o)
                0x0800780c                _malloc_r
 .text.__malloc_lock
                0x0800790c        0xc C:/ST/STM32CubeIDE_1.18.0/STM32CubeIDE/plugins/com.st.stm32cube.ide.mcu.externaltools.gnu-tools-for-stm32.13.3.rel1.win32_1.0.0.202411081344/tools/bin/../lib/gcc/arm-none-eabi/13.3.1/../../../../arm-none-eabi/lib/thumb/v7e-m+fp/hard\libc_nano.a(libc_a-mlock.o)
                0x0800790c                __malloc_lock
 .text.__malloc_unlock
                0x08007918        0xc C:/ST/STM32CubeIDE_1.18.0/STM32CubeIDE/plugins/com.st.stm32cube.ide.mcu.externaltools.gnu-tools-for-stm32.13.3.rel1.win32_1.0.0.202411081344/tools/bin/../lib/gcc/arm-none-eabi/13.3.1/../../../../arm-none-eabi/lib/thumb/v7e-m+fp/hard\libc_nano.a(libc_a-mlock.o)
                0x08007918                __malloc_unlock
 .text.__sfputc_r
                0x08007924       0x2e C:/ST/STM32CubeIDE_1.18.0/STM32CubeIDE/plugins/com.st.stm32cube.ide.mcu.externaltools.gnu-tools-for-stm32.13.3.rel1.win32_1.0.0.202411081344/tools/bin/../lib/gcc/arm-none-eabi/13.3.1/../../../../arm-none-eabi/lib/thumb/v7e-m+fp/hard\libc_nano.a(libc_a-nano-vfprintf.o)
 .text.__sfputs_r
                0x08007952       0x24 C:/ST/STM32CubeIDE_1.18.0/STM32CubeIDE/plugins/com.st.stm32cube.ide.mcu.externaltools.gnu-tools-for-stm32.13.3.rel1.win32_1.0.0.202411081344/tools/bin/../lib/gcc/arm-none-eabi/13.3.1/../../../../arm-none-eabi/lib/thumb/v7e-m+fp/hard\libc_nano.a(libc_a-nano-vfprintf.o)
                0x08007952                __sfputs_r
 *fill*         0x08007976        0x2 
 .text._vfprintf_r
                0x08007978      0x230 C:/ST/STM32CubeIDE_1.18.0/STM32CubeIDE/plugins/com.st.stm32cube.ide.mcu.externaltools.gnu-tools-for-stm32.13.3.rel1.win32_1.0.0.202411081344/tools/bin/../lib/gcc/arm-none-eabi/13.3.1/../../../../arm-none-eabi/lib/thumb/v7e-m+fp/hard\libc_nano.a(libc_a-nano-vfprintf.o)
                0x08007978                _vfprintf_r
                0x08007978                _vfiprintf_r
 .text._printf_common
                0x08007ba8       0xda C:/ST/STM32CubeIDE_1.18.0/STM32CubeIDE/plugins/com.st.stm32cube.ide.mcu.externaltools.gnu-tools-for-stm32.13.3.rel1.win32_1.0.0.202411081344/tools/bin/../lib/gcc/arm-none-eabi/13.3.1/../../../../arm-none-eabi/lib/thumb/v7e-m+fp/hard\libc_nano.a(libc_a-nano-vfprintf_i.o)
                0x08007ba8                _printf_common
 *fill*         0x08007c82        0x2 
 .text._printf_i
                0x08007c84      0x23c C:/ST/STM32CubeIDE_1.18.0/STM32CubeIDE/plugins/com.st.stm32cube.ide.mcu.externaltools.gnu-tools-for-stm32.13.3.rel1.win32_1.0.0.202411081344/tools/bin/../lib/gcc/arm-none-eabi/13.3.1/../../../../arm-none-eabi/lib/thumb/v7e-m+fp/hard\libc_nano.a(libc_a-nano-vfprintf_i.o)
                0x08007c84                _printf_i
 .text.__sflush_r
                0x08007ec0      0x108 C:/ST/STM32CubeIDE_1.18.0/STM32CubeIDE/plugins/com.st.stm32cube.ide.mcu.externaltools.gnu-tools-for-stm32.13.3.rel1.win32_1.0.0.202411081344/tools/bin/../lib/gcc/arm-none-eabi/13.3.1/../../../../arm-none-eabi/lib/thumb/v7e-m+fp/hard\libc_nano.a(libc_a-fflush.o)
                0x08007ec0                __sflush_r
 .text._fflush_r
                0x08007fc8       0x50 C:/ST/STM32CubeIDE_1.18.0/STM32CubeIDE/plugins/com.st.stm32cube.ide.mcu.externaltools.gnu-tools-for-stm32.13.3.rel1.win32_1.0.0.202411081344/tools/bin/../lib/gcc/arm-none-eabi/13.3.1/../../../../arm-none-eabi/lib/thumb/v7e-m+fp/hard\libc_nano.a(libc_a-fflush.o)
                0x08007fc8                _fflush_r
 .text.__swhatbuf_r
                0x08008018       0x4c C:/ST/STM32CubeIDE_1.18.0/STM32CubeIDE/plugins/com.st.stm32cube.ide.mcu.externaltools.gnu-tools-for-stm32.13.3.rel1.win32_1.0.0.202411081344/tools/bin/../lib/gcc/arm-none-eabi/13.3.1/../../../../arm-none-eabi/lib/thumb/v7e-m+fp/hard\libc_nano.a(libc_a-makebuf.o)
                0x08008018                __swhatbuf_r
 .text.__smakebuf_r
                0x08008064       0x78 C:/ST/STM32CubeIDE_1.18.0/STM32CubeIDE/plugins/com.st.stm32cube.ide.mcu.externaltools.gnu-tools-for-stm32.13.3.rel1.win32_1.0.0.202411081344/tools/bin/../lib/gcc/arm-none-eabi/13.3.1/../../../../arm-none-eabi/lib/thumb/v7e-m+fp/hard\libc_nano.a(libc_a-makebuf.o)
                0x08008064                __smakebuf_r
 .text._putc_r  0x080080dc       0x68 C:/ST/STM32CubeIDE_1.18.0/STM32CubeIDE/plugins/com.st.stm32cube.ide.mcu.externaltools.gnu-tools-for-stm32.13.3.rel1.win32_1.0.0.202411081344/tools/bin/../lib/gcc/arm-none-eabi/13.3.1/../../../../arm-none-eabi/lib/thumb/v7e-m+fp/hard\libc_nano.a(libc_a-putc.o)
                0x080080dc                _putc_r
 .text._fstat_r
                0x08008144       0x24 C:/ST/STM32CubeIDE_1.18.0/STM32CubeIDE/plugins/com.st.stm32cube.ide.mcu.externaltools.gnu-tools-for-stm32.13.3.rel1.win32_1.0.0.202411081344/tools/bin/../lib/gcc/arm-none-eabi/13.3.1/../../../../arm-none-eabi/lib/thumb/v7e-m+fp/hard\libc_nano.a(libc_a-fstatr.o)
                0x08008144                _fstat_r
 .text._isatty_r
                0x08008168       0x20 C:/ST/STM32CubeIDE_1.18.0/STM32CubeIDE/plugins/com.st.stm32cube.ide.mcu.externaltools.gnu-tools-for-stm32.13.3.rel1.win32_1.0.0.202411081344/tools/bin/../lib/gcc/arm-none-eabi/13.3.1/../../../../arm-none-eabi/lib/thumb/v7e-m+fp/hard\libc_nano.a(libc_a-isattyr.o)
                0x08008168                _isatty_r
 .text._sbrk_r  0x08008188       0x20 C:/ST/STM32CubeIDE_1.18.0/STM32CubeIDE/plugins/com.st.stm32cube.ide.mcu.externaltools.gnu-tools-for-stm32.13.3.rel1.win32_1.0.0.202411081344/tools/bin/../lib/gcc/arm-none-eabi/13.3.1/../../../../arm-none-eabi/lib/thumb/v7e-m+fp/hard\libc_nano.a(libc_a-sbrkr.o)
                0x08008188                _sbrk_r
 *(.glue_7)
 .glue_7        0x080081a8        0x0 linker stubs
 *(.glue_7t)
 .glue_7t       0x080081a8        0x0 linker stubs
 *(.eh_frame)
 .eh_frame      0x080081a8        0x0 C:/ST/STM32CubeIDE_1.18.0/STM32CubeIDE/plugins/com.st.stm32cube.ide.mcu.externaltools.gnu-tools-for-stm32.13.3.rel1.win32_1.0.0.202411081344/tools/bin/../lib/gcc/arm-none-eabi/13.3.1/thumb/v7e-m+fp/hard/crtbegin.o
 *(.init)
 .init          0x080081a8        0x4 C:/ST/STM32CubeIDE_1.18.0/STM32CubeIDE/plugins/com.st.stm32cube.ide.mcu.externaltools.gnu-tools-for-stm32.13.3.rel1.win32_1.0.0.202411081344/tools/bin/../lib/gcc/arm-none-eabi/13.3.1/thumb/v7e-m+fp/hard/crti.o
                0x080081a8                _init
 .init          0x080081ac        0x8 C:/ST/STM32CubeIDE_1.18.0/STM32CubeIDE/plugins/com.st.stm32cube.ide.mcu.externaltools.gnu-tools-for-stm32.13.3.rel1.win32_1.0.0.202411081344/tools/bin/../lib/gcc/arm-none-eabi/13.3.1/thumb/v7e-m+fp/hard/crtn.o
 *(.fini)
 .fini          0x080081b4        0x4 C:/ST/STM32CubeIDE_1.18.0/STM32CubeIDE/plugins/com.st.stm32cube.ide.mcu.externaltools.gnu-tools-for-stm32.13.3.rel1.win32_1.0.0.202411081344/tools/bin/../lib/gcc/arm-none-eabi/13.3.1/thumb/v7e-m+fp/hard/crti.o
                0x080081b4                _fini
 .fini          0x080081b8        0x8 C:/ST/STM32CubeIDE_1.18.0/STM32CubeIDE/plugins/com.st.stm32cube.ide.mcu.externaltools.gnu-tools-for-stm32.13.3.rel1.win32_1.0.0.202411081344/tools/bin/../lib/gcc/arm-none-eabi/13.3.1/thumb/v7e-m+fp/hard/crtn.o
                0x080081c0                        . = ALIGN (0x4)
                0x080081c0                        _etext = .

.vfp11_veneer   0x080081c0        0x0
 .vfp11_veneer  0x080081c0        0x0 linker stubs

.v4_bx          0x080081c0        0x0
 .v4_bx         0x080081c0        0x0 linker stubs

.iplt           0x080081c0        0x0
 .iplt          0x080081c0        0x0 C:/ST/STM32CubeIDE_1.18.0/STM32CubeIDE/plugins/com.st.stm32cube.ide.mcu.externaltools.gnu-tools-for-stm32.13.3.rel1.win32_1.0.0.202411081344/tools/bin/../lib/gcc/arm-none-eabi/13.3.1/thumb/v7e-m+fp/hard/crtbegin.o

.rodata         0x080081c0    0x159e0
                0x080081c0                        . = ALIGN (0x4)
 *(.rodata)
 .rodata        0x080081c0      0x221 ./Application/User/app_tof.o
 *fill*         0x080083e1        0x3 
 .rodata        0x080083e4       0x6c ./Drivers/BSP/Components/vl53l7cx_api.o
 .rodata        0x08008450        0x8 ./Drivers/BSP/Components/vl53l7cx_plugin_detection_thresholds.o
 *(.rodata*)
 .rodata.VL53L7CX_FIRMWARE
                0x08008458    0x15000 ./Drivers/BSP/Components/vl53l7cx_api.o
                0x08008458                VL53L7CX_FIRMWARE
 .rodata.VL53L7CX_DEFAULT_CONFIGURATION
                0x0801d458      0x3cc ./Drivers/BSP/Components/vl53l7cx_api.o
                0x0801d458                VL53L7CX_DEFAULT_CONFIGURATION
 .rodata.VL53L7CX_DEFAULT_XTALK
                0x0801d824      0x308 ./Drivers/BSP/Components/vl53l7cx_api.o
                0x0801d824                VL53L7CX_DEFAULT_XTALK
 .rodata.VL53L7CX_GET_NVM_CMD
                0x0801db2c       0x28 ./Drivers/BSP/Components/vl53l7cx_api.o
                0x0801db2c                VL53L7CX_GET_NVM_CMD
 .rodata.AHBPrescTable
                0x0801db54       0x10 ./Drivers/CMSIS/system_stm32f4xx.o
                0x0801db54                AHBPrescTable
 .rodata.APBPrescTable
                0x0801db64        0x8 ./Drivers/CMSIS/system_stm32f4xx.o
                0x0801db64                APBPrescTable
 .rodata._vfprintf_r.str1.1
                0x0801db6c       0x33 C:/ST/STM32CubeIDE_1.18.0/STM32CubeIDE/plugins/com.st.stm32cube.ide.mcu.externaltools.gnu-tools-for-stm32.13.3.rel1.win32_1.0.0.202411081344/tools/bin/../lib/gcc/arm-none-eabi/13.3.1/../../../../arm-none-eabi/lib/thumb/v7e-m+fp/hard\libc_nano.a(libc_a-nano-vfprintf.o)
                                 0x11 (size before relaxing)
 .rodata._printf_i.str1.1
                0x0801db9f       0x22 C:/ST/STM32CubeIDE_1.18.0/STM32CubeIDE/plugins/com.st.stm32cube.ide.mcu.externaltools.gnu-tools-for-stm32.13.3.rel1.win32_1.0.0.202411081344/tools/bin/../lib/gcc/arm-none-eabi/13.3.1/../../../../arm-none-eabi/lib/thumb/v7e-m+fp/hard\libc_nano.a(libc_a-nano-vfprintf_i.o)
                0x0801dbc4                        . = ALIGN (0x4)
 *fill*         0x0801db9f        0x1 

.ARM.extab      0x0801dba0        0x0
                0x0801dba0                        . = ALIGN (0x4)
 *(.ARM.extab* .gnu.linkonce.armextab.*)
                0x0801dba0                        . = ALIGN (0x4)

.ARM            0x0801dba0        0x8
                0x0801dba0                        . = ALIGN (0x4)
                0x0801dba0                        __exidx_start = .
 *(.ARM.exidx*)
 .ARM.exidx     0x0801dba0        0x8 C:/ST/STM32CubeIDE_1.18.0/STM32CubeIDE/plugins/com.st.stm32cube.ide.mcu.externaltools.gnu-tools-for-stm32.13.3.rel1.win32_1.0.0.202411081344/tools/bin/../lib/gcc/arm-none-eabi/13.3.1/../../../../arm-none-eabi/lib/thumb/v7e-m+fp/hard\libc_nano.a(libc_a-memchr.o)
 .ARM.exidx     0x0801dba8        0x0 C:/ST/STM32CubeIDE_1.18.0/STM32CubeIDE/plugins/com.st.stm32cube.ide.mcu.externaltools.gnu-tools-for-stm32.13.3.rel1.win32_1.0.0.202411081344/tools/bin/../lib/gcc/arm-none-eabi/13.3.1/thumb/v7e-m+fp/hard\libgcc.a(_udivmoddi4.o)
                                  0x8 (size before relaxing)
                0x0801dba8                        __exidx_end = .
                0x0801dba8                        . = ALIGN (0x4)

.preinit_array  0x0801dba8        0x0
                0x0801dba8                        . = ALIGN (0x4)
                0x0801dba8                        PROVIDE (__preinit_array_start = .)
 *(.preinit_array*)
                0x0801dba8                        PROVIDE (__preinit_array_end = .)
                0x0801dba8                        . = ALIGN (0x4)

.init_array     0x0801dba8        0x4
                0x0801dba8                        . = ALIGN (0x4)
                0x0801dba8                        PROVIDE (__init_array_start = .)
 *(SORT_BY_NAME(.init_array.*))
 *(.init_array*)
 .init_array    0x0801dba8        0x4 C:/ST/STM32CubeIDE_1.18.0/STM32CubeIDE/plugins/com.st.stm32cube.ide.mcu.externaltools.gnu-tools-for-stm32.13.3.rel1.win32_1.0.0.202411081344/tools/bin/../lib/gcc/arm-none-eabi/13.3.1/thumb/v7e-m+fp/hard/crtbegin.o
                0x0801dbac                        PROVIDE (__init_array_end = .)
                0x0801dbac                        . = ALIGN (0x4)

.fini_array     0x0801dbac        0x4
                0x0801dbac                        . = ALIGN (0x4)
                [!provide]                        PROVIDE (__fini_array_start = .)
 *(SORT_BY_NAME(.fini_array.*))
 *(.fini_array*)
 .fini_array    0x0801dbac        0x4 C:/ST/STM32CubeIDE_1.18.0/STM32CubeIDE/plugins/com.st.stm32cube.ide.mcu.externaltools.gnu-tools-for-stm32.13.3.rel1.win32_1.0.0.202411081344/tools/bin/../lib/gcc/arm-none-eabi/13.3.1/thumb/v7e-m+fp/hard/crtbegin.o
                [!provide]                        PROVIDE (__fini_array_end = .)
                0x0801dbb0                        . = ALIGN (0x4)
                0x0801dbb0                        _sidata = LOADADDR (.data)

.rel.dyn        0x0801dbb0        0x0
 .rel.iplt      0x0801dbb0        0x0 C:/ST/STM32CubeIDE_1.18.0/STM32CubeIDE/plugins/com.st.stm32cube.ide.mcu.externaltools.gnu-tools-for-stm32.13.3.rel1.win32_1.0.0.202411081344/tools/bin/../lib/gcc/arm-none-eabi/13.3.1/thumb/v7e-m+fp/hard/crtbegin.o

.data           0x20000000       0xa4 load address 0x0801dbb0
                0x20000000                        . = ALIGN (0x4)
                0x20000000                        _sdata = .
 *(.data)
 *(.data*)
 .data.COM_USART
                0x20000000        0x4 ./Application/User/stm32f4xx_nucleo.o
                0x20000000                COM_USART
 .data.VL53L7CX_RANGING_SENSOR_Driver
                0x20000004       0x38 ./Drivers/BSP/Components/vl53l7cx.o
                0x20000004                VL53L7CX_RANGING_SENSOR_Driver
 .data.SystemCoreClock
                0x2000003c        0x4 ./Drivers/CMSIS/system_stm32f4xx.o
                0x2000003c                SystemCoreClock
 .data.uwTickPrio
                0x20000040        0x4 ./Drivers/STM32F4xx_HAL_Driver/stm32f4xx_hal.o
                0x20000040                uwTickPrio
 .data.uwTickFreq
                0x20000044        0x1 ./Drivers/STM32F4xx_HAL_Driver/stm32f4xx_hal.o
                0x20000044                uwTickFreq
 *fill*         0x20000045        0x3 
 .data.__sglue  0x20000048        0xc C:/ST/STM32CubeIDE_1.18.0/STM32CubeIDE/plugins/com.st.stm32cube.ide.mcu.externaltools.gnu-tools-for-stm32.13.3.rel1.win32_1.0.0.202411081344/tools/bin/../lib/gcc/arm-none-eabi/13.3.1/../../../../arm-none-eabi/lib/thumb/v7e-m+fp/hard\libc_nano.a(libc_a-findfp.o)
                0x20000048                __sglue
 .data._impure_ptr
                0x20000054        0x4 C:/ST/STM32CubeIDE_1.18.0/STM32CubeIDE/plugins/com.st.stm32cube.ide.mcu.externaltools.gnu-tools-for-stm32.13.3.rel1.win32_1.0.0.202411081344/tools/bin/../lib/gcc/arm-none-eabi/13.3.1/../../../../arm-none-eabi/lib/thumb/v7e-m+fp/hard\libc_nano.a(libc_a-impure.o)
                0x20000054                _impure_ptr
 .data._impure_data
                0x20000058       0x4c C:/ST/STM32CubeIDE_1.18.0/STM32CubeIDE/plugins/com.st.stm32cube.ide.mcu.externaltools.gnu-tools-for-stm32.13.3.rel1.win32_1.0.0.202411081344/tools/bin/../lib/gcc/arm-none-eabi/13.3.1/../../../../arm-none-eabi/lib/thumb/v7e-m+fp/hard\libc_nano.a(libc_a-impure.o)
                0x20000058                _impure_data
 *(.RamFunc)
 *(.RamFunc*)
                0x200000a4                        . = ALIGN (0x4)
                0x200000a4                        _edata = .

.igot.plt       0x200000a4        0x0 load address 0x0801dc54
 .igot.plt      0x200000a4        0x0 C:/ST/STM32CubeIDE_1.18.0/STM32CubeIDE/plugins/com.st.stm32cube.ide.mcu.externaltools.gnu-tools-for-stm32.13.3.rel1.win32_1.0.0.202411081344/tools/bin/../lib/gcc/arm-none-eabi/13.3.1/thumb/v7e-m+fp/hard/crtbegin.o
                0x200000a4                        . = ALIGN (0x4)

.bss            0x200000a4     0x3054 load address 0x0801dc54
                0x200000a4                        _sbss = .
                0x200000a4                        __bss_start__ = _sbss
 *(.bss)
 .bss           0x200000a4       0x1c C:/ST/STM32CubeIDE_1.18.0/STM32CubeIDE/plugins/com.st.stm32cube.ide.mcu.externaltools.gnu-tools-for-stm32.13.3.rel1.win32_1.0.0.202411081344/tools/bin/../lib/gcc/arm-none-eabi/13.3.1/thumb/v7e-m+fp/hard/crtbegin.o
 *(.bss*)
 .bss.Cap       0x200000c0       0x10 ./Application/User/app_tof.o
 .bss.Profile   0x200000d0       0x14 ./Application/User/app_tof.o
 .bss.Result    0x200000e4      0x504 ./Application/User/app_tof.o
 .bss.status    0x200005e8        0x4 ./Application/User/app_tof.o
 .bss.ToF_EventDetected
                0x200005ec        0x1 ./Application/User/app_tof.o
                0x200005ec                ToF_EventDetected
 *fill*         0x200005ed        0x3 
 .bss.hcom_uart
                0x200005f0       0x48 ./Application/User/stm32f4xx_nucleo.o
                0x200005f0                hcom_uart
 .bss.COM_ActiveLogPort
                0x20000638        0x1 ./Application/User/stm32f4xx_nucleo.o
 *fill*         0x20000639        0x3 
 .bss.hi2c1     0x2000063c       0x54 ./Application/User/stm32f4xx_nucleo_bus.o
                0x2000063c                hi2c1
 .bss.I2C1InitCounter
                0x20000690        0x4 ./Application/User/stm32f4xx_nucleo_bus.o
 .bss.__sbrk_heap_end
                0x20000694        0x4 ./Application/User/sysmem.o
 .bss.VL53L7A1_RANGING_SENSOR_CompObj
                0x20000698        0xc ./Drivers/BSP/53L7A1/53l7a1_ranging_sensor.o
                0x20000698                VL53L7A1_RANGING_SENSOR_CompObj
 .bss.VL53L7A1_RANGING_SENSOR_Drv
                0x200006a4        0x4 ./Drivers/BSP/53L7A1/53l7a1_ranging_sensor.o
 .bss.VL53L7A1_RANGING_SENSOR_Cap
                0x200006a8       0x10 ./Drivers/BSP/53L7A1/53l7a1_ranging_sensor.o
 .bss.VL53L7CXObj.0
                0x200006b8     0x20a0 ./Drivers/BSP/53L7A1/53l7a1_ranging_sensor.o
 .bss.thresholds.1
                0x20002758      0x300 ./Drivers/BSP/Components/vl53l7cx.o
 .bss.data.0    0x20002a58      0x550 ./Drivers/BSP/Components/vl53l7cx.o
 .bss.uwTick    0x20002fa8        0x4 ./Drivers/STM32F4xx_HAL_Driver/stm32f4xx_hal.o
                0x20002fa8                uwTick
 .bss.__sf      0x20002fac      0x138 C:/ST/STM32CubeIDE_1.18.0/STM32CubeIDE/plugins/com.st.stm32cube.ide.mcu.externaltools.gnu-tools-for-stm32.13.3.rel1.win32_1.0.0.202411081344/tools/bin/../lib/gcc/arm-none-eabi/13.3.1/../../../../arm-none-eabi/lib/thumb/v7e-m+fp/hard\libc_nano.a(libc_a-findfp.o)
                0x20002fac                __sf
 .bss.__stdio_exit_handler
                0x200030e4        0x4 C:/ST/STM32CubeIDE_1.18.0/STM32CubeIDE/plugins/com.st.stm32cube.ide.mcu.externaltools.gnu-tools-for-stm32.13.3.rel1.win32_1.0.0.202411081344/tools/bin/../lib/gcc/arm-none-eabi/13.3.1/../../../../arm-none-eabi/lib/thumb/v7e-m+fp/hard\libc_nano.a(libc_a-findfp.o)
                0x200030e4                __stdio_exit_handler
 .bss.errno     0x200030e8        0x4 C:/ST/STM32CubeIDE_1.18.0/STM32CubeIDE/plugins/com.st.stm32cube.ide.mcu.externaltools.gnu-tools-for-stm32.13.3.rel1.win32_1.0.0.202411081344/tools/bin/../lib/gcc/arm-none-eabi/13.3.1/../../../../arm-none-eabi/lib/thumb/v7e-m+fp/hard\libc_nano.a(libc_a-reent.o)
                0x200030e8                errno
 .bss.__lock___malloc_recursive_mutex
                0x200030ec        0x1 C:/ST/STM32CubeIDE_1.18.0/STM32CubeIDE/plugins/com.st.stm32cube.ide.mcu.externaltools.gnu-tools-for-stm32.13.3.rel1.win32_1.0.0.202411081344/tools/bin/../lib/gcc/arm-none-eabi/13.3.1/../../../../arm-none-eabi/lib/thumb/v7e-m+fp/hard\libc_nano.a(libc_a-lock.o)
                0x200030ec                __lock___malloc_recursive_mutex
 .bss.__lock___sfp_recursive_mutex
                0x200030ed        0x1 C:/ST/STM32CubeIDE_1.18.0/STM32CubeIDE/plugins/com.st.stm32cube.ide.mcu.externaltools.gnu-tools-for-stm32.13.3.rel1.win32_1.0.0.202411081344/tools/bin/../lib/gcc/arm-none-eabi/13.3.1/../../../../arm-none-eabi/lib/thumb/v7e-m+fp/hard\libc_nano.a(libc_a-lock.o)
                0x200030ed                __lock___sfp_recursive_mutex
 *fill*         0x200030ee        0x2 
 .bss.__malloc_sbrk_start
                0x200030f0        0x4 C:/ST/STM32CubeIDE_1.18.0/STM32CubeIDE/plugins/com.st.stm32cube.ide.mcu.externaltools.gnu-tools-for-stm32.13.3.rel1.win32_1.0.0.202411081344/tools/bin/../lib/gcc/arm-none-eabi/13.3.1/../../../../arm-none-eabi/lib/thumb/v7e-m+fp/hard\libc_nano.a(libc_a-mallocr.o)
                0x200030f0                __malloc_sbrk_start
 .bss.__malloc_free_list
                0x200030f4        0x4 C:/ST/STM32CubeIDE_1.18.0/STM32CubeIDE/plugins/com.st.stm32cube.ide.mcu.externaltools.gnu-tools-for-stm32.13.3.rel1.win32_1.0.0.202411081344/tools/bin/../lib/gcc/arm-none-eabi/13.3.1/../../../../arm-none-eabi/lib/thumb/v7e-m+fp/hard\libc_nano.a(libc_a-mallocr.o)
                0x200030f4                __malloc_free_list
 *(COMMON)
                0x200030f8                        . = ALIGN (0x4)
                0x200030f8                        _ebss = .
                0x200030f8                        __bss_end__ = _ebss

._user_heap_stack
                0x200030f8      0xa00 load address 0x0801dc54
                0x200030f8                        . = ALIGN (0x8)
                [!provide]                        PROVIDE (end = .)
                0x200030f8                        PROVIDE (_end = .)
                0x200032f8                        . = (. + _Min_Heap_Size)
 *fill*         0x200030f8      0x200 
                0x20003af8                        . = (. + _Min_Stack_Size)
 *fill*         0x200032f8      0x800 
                0x20003af8                        . = ALIGN (0x8)

/DISCARD/
 libc.a(*)
 libm.a(*)
 libgcc.a(*)

.ARM.attributes
                0x00000000       0x30
 *(.ARM.attributes)
 .ARM.attributes
                0x00000000       0x22 C:/ST/STM32CubeIDE_1.18.0/STM32CubeIDE/plugins/com.st.stm32cube.ide.mcu.externaltools.gnu-tools-for-stm32.13.3.rel1.win32_1.0.0.202411081344/tools/bin/../lib/gcc/arm-none-eabi/13.3.1/thumb/v7e-m+fp/hard/crti.o
 .ARM.attributes
                0x00000022       0x34 C:/ST/STM32CubeIDE_1.18.0/STM32CubeIDE/plugins/com.st.stm32cube.ide.mcu.externaltools.gnu-tools-for-stm32.13.3.rel1.win32_1.0.0.202411081344/tools/bin/../lib/gcc/arm-none-eabi/13.3.1/thumb/v7e-m+fp/hard/crtbegin.o
 .ARM.attributes
                0x00000056       0x21 ./Application/Startup/startup_stm32f401retx.o
 .ARM.attributes
                0x00000077       0x34 ./Application/User/app_tof.o
 .ARM.attributes
                0x000000ab       0x34 ./Application/User/app_tof_pin_conf.o
 .ARM.attributes
                0x000000df       0x34 ./Application/User/main.o
 .ARM.attributes
                0x00000113       0x34 ./Application/User/stm32f4xx_hal_msp.o
 .ARM.attributes
                0x00000147       0x34 ./Application/User/stm32f4xx_it.o
 .ARM.attributes
                0x0000017b       0x34 ./Application/User/stm32f4xx_nucleo.o
 .ARM.attributes
                0x000001af       0x34 ./Application/User/stm32f4xx_nucleo_bus.o
 .ARM.attributes
                0x000001e3       0x34 ./Application/User/syscalls.o
 .ARM.attributes
                0x00000217       0x34 ./Application/User/sysmem.o
 .ARM.attributes
                0x0000024b       0x34 ./Drivers/BSP/53L7A1/53l7a1_ranging_sensor.o
 .ARM.attributes
                0x0000027f       0x34 ./Drivers/BSP/Components/platform.o
 .ARM.attributes
                0x000002b3       0x34 ./Drivers/BSP/Components/vl53l7cx.o
 .ARM.attributes
                0x000002e7       0x34 ./Drivers/BSP/Components/vl53l7cx_api.o
 .ARM.attributes
                0x0000031b       0x34 ./Drivers/BSP/Components/vl53l7cx_plugin_detection_thresholds.o
 .ARM.attributes
                0x0000034f       0x34 ./Drivers/CMSIS/system_stm32f4xx.o
 .ARM.attributes
                0x00000383       0x34 ./Drivers/STM32F4xx_HAL_Driver/stm32f4xx_hal.o
 .ARM.attributes
                0x000003b7       0x34 ./Drivers/STM32F4xx_HAL_Driver/stm32f4xx_hal_cortex.o
 .ARM.attributes
                0x000003eb       0x34 ./Drivers/STM32F4xx_HAL_Driver/stm32f4xx_hal_gpio.o
 .ARM.attributes
                0x0000041f       0x34 ./Drivers/STM32F4xx_HAL_Driver/stm32f4xx_hal_i2c.o
 .ARM.attributes
                0x00000453       0x34 ./Drivers/STM32F4xx_HAL_Driver/stm32f4xx_hal_rcc.o
 .ARM.attributes
                0x00000487       0x34 ./Drivers/STM32F4xx_HAL_Driver/stm32f4xx_hal_uart.o
 .ARM.attributes
                0x000004bb       0x34 C:/ST/STM32CubeIDE_1.18.0/STM32CubeIDE/plugins/com.st.stm32cube.ide.mcu.externaltools.gnu-tools-for-stm32.13.3.rel1.win32_1.0.0.202411081344/tools/bin/../lib/gcc/arm-none-eabi/13.3.1/../../../../arm-none-eabi/lib/thumb/v7e-m+fp/hard\libc_nano.a(libc_a-findfp.o)
 .ARM.attributes
                0x000004ef       0x34 C:/ST/STM32CubeIDE_1.18.0/STM32CubeIDE/plugins/com.st.stm32cube.ide.mcu.externaltools.gnu-tools-for-stm32.13.3.rel1.win32_1.0.0.202411081344/tools/bin/../lib/gcc/arm-none-eabi/13.3.1/../../../../arm-none-eabi/lib/thumb/v7e-m+fp/hard\libc_nano.a(libc_a-fwalk.o)
 .ARM.attributes
                0x00000523       0x34 C:/ST/STM32CubeIDE_1.18.0/STM32CubeIDE/plugins/com.st.stm32cube.ide.mcu.externaltools.gnu-tools-for-stm32.13.3.rel1.win32_1.0.0.202411081344/tools/bin/../lib/gcc/arm-none-eabi/13.3.1/../../../../arm-none-eabi/lib/thumb/v7e-m+fp/hard\libc_nano.a(libc_a-printf.o)
 .ARM.attributes
                0x00000557       0x34 C:/ST/STM32CubeIDE_1.18.0/STM32CubeIDE/plugins/com.st.stm32cube.ide.mcu.externaltools.gnu-tools-for-stm32.13.3.rel1.win32_1.0.0.202411081344/tools/bin/../lib/gcc/arm-none-eabi/13.3.1/../../../../arm-none-eabi/lib/thumb/v7e-m+fp/hard\libc_nano.a(libc_a-putchar.o)
 .ARM.attributes
                0x0000058b       0x34 C:/ST/STM32CubeIDE_1.18.0/STM32CubeIDE/plugins/com.st.stm32cube.ide.mcu.externaltools.gnu-tools-for-stm32.13.3.rel1.win32_1.0.0.202411081344/tools/bin/../lib/gcc/arm-none-eabi/13.3.1/../../../../arm-none-eabi/lib/thumb/v7e-m+fp/hard\libc_nano.a(libc_a-puts.o)
 .ARM.attributes
                0x000005bf       0x34 C:/ST/STM32CubeIDE_1.18.0/STM32CubeIDE/plugins/com.st.stm32cube.ide.mcu.externaltools.gnu-tools-for-stm32.13.3.rel1.win32_1.0.0.202411081344/tools/bin/../lib/gcc/arm-none-eabi/13.3.1/../../../../arm-none-eabi/lib/thumb/v7e-m+fp/hard\libc_nano.a(libc_a-stdio.o)
 .ARM.attributes
                0x000005f3       0x34 C:/ST/STM32CubeIDE_1.18.0/STM32CubeIDE/plugins/com.st.stm32cube.ide.mcu.externaltools.gnu-tools-for-stm32.13.3.rel1.win32_1.0.0.202411081344/tools/bin/../lib/gcc/arm-none-eabi/13.3.1/../../../../arm-none-eabi/lib/thumb/v7e-m+fp/hard\libc_nano.a(libc_a-wbuf.o)
 .ARM.attributes
                0x00000627       0x34 C:/ST/STM32CubeIDE_1.18.0/STM32CubeIDE/plugins/com.st.stm32cube.ide.mcu.externaltools.gnu-tools-for-stm32.13.3.rel1.win32_1.0.0.202411081344/tools/bin/../lib/gcc/arm-none-eabi/13.3.1/../../../../arm-none-eabi/lib/thumb/v7e-m+fp/hard\libc_nano.a(libc_a-wsetup.o)
 .ARM.attributes
                0x0000065b       0x34 C:/ST/STM32CubeIDE_1.18.0/STM32CubeIDE/plugins/com.st.stm32cube.ide.mcu.externaltools.gnu-tools-for-stm32.13.3.rel1.win32_1.0.0.202411081344/tools/bin/../lib/gcc/arm-none-eabi/13.3.1/../../../../arm-none-eabi/lib/thumb/v7e-m+fp/hard\libc_nano.a(libc_a-memset.o)
 .ARM.attributes
                0x0000068f       0x34 C:/ST/STM32CubeIDE_1.18.0/STM32CubeIDE/plugins/com.st.stm32cube.ide.mcu.externaltools.gnu-tools-for-stm32.13.3.rel1.win32_1.0.0.202411081344/tools/bin/../lib/gcc/arm-none-eabi/13.3.1/../../../../arm-none-eabi/lib/thumb/v7e-m+fp/hard\libc_nano.a(libc_a-closer.o)
 .ARM.attributes
                0x000006c3       0x34 C:/ST/STM32CubeIDE_1.18.0/STM32CubeIDE/plugins/com.st.stm32cube.ide.mcu.externaltools.gnu-tools-for-stm32.13.3.rel1.win32_1.0.0.202411081344/tools/bin/../lib/gcc/arm-none-eabi/13.3.1/../../../../arm-none-eabi/lib/thumb/v7e-m+fp/hard\libc_nano.a(libc_a-reent.o)
 .ARM.attributes
                0x000006f7       0x34 C:/ST/STM32CubeIDE_1.18.0/STM32CubeIDE/plugins/com.st.stm32cube.ide.mcu.externaltools.gnu-tools-for-stm32.13.3.rel1.win32_1.0.0.202411081344/tools/bin/../lib/gcc/arm-none-eabi/13.3.1/../../../../arm-none-eabi/lib/thumb/v7e-m+fp/hard\libc_nano.a(libc_a-impure.o)
 .ARM.attributes
                0x0000072b       0x34 C:/ST/STM32CubeIDE_1.18.0/STM32CubeIDE/plugins/com.st.stm32cube.ide.mcu.externaltools.gnu-tools-for-stm32.13.3.rel1.win32_1.0.0.202411081344/tools/bin/../lib/gcc/arm-none-eabi/13.3.1/../../../../arm-none-eabi/lib/thumb/v7e-m+fp/hard\libc_nano.a(libc_a-lseekr.o)
 .ARM.attributes
                0x0000075f       0x34 C:/ST/STM32CubeIDE_1.18.0/STM32CubeIDE/plugins/com.st.stm32cube.ide.mcu.externaltools.gnu-tools-for-stm32.13.3.rel1.win32_1.0.0.202411081344/tools/bin/../lib/gcc/arm-none-eabi/13.3.1/../../../../arm-none-eabi/lib/thumb/v7e-m+fp/hard\libc_nano.a(libc_a-readr.o)
 .ARM.attributes
                0x00000793       0x34 C:/ST/STM32CubeIDE_1.18.0/STM32CubeIDE/plugins/com.st.stm32cube.ide.mcu.externaltools.gnu-tools-for-stm32.13.3.rel1.win32_1.0.0.202411081344/tools/bin/../lib/gcc/arm-none-eabi/13.3.1/../../../../arm-none-eabi/lib/thumb/v7e-m+fp/hard\libc_nano.a(libc_a-writer.o)
 .ARM.attributes
                0x000007c7       0x34 C:/ST/STM32CubeIDE_1.18.0/STM32CubeIDE/plugins/com.st.stm32cube.ide.mcu.externaltools.gnu-tools-for-stm32.13.3.rel1.win32_1.0.0.202411081344/tools/bin/../lib/gcc/arm-none-eabi/13.3.1/../../../../arm-none-eabi/lib/thumb/v7e-m+fp/hard\libc_nano.a(libc_a-errno.o)
 .ARM.attributes
                0x000007fb       0x34 C:/ST/STM32CubeIDE_1.18.0/STM32CubeIDE/plugins/com.st.stm32cube.ide.mcu.externaltools.gnu-tools-for-stm32.13.3.rel1.win32_1.0.0.202411081344/tools/bin/../lib/gcc/arm-none-eabi/13.3.1/../../../../arm-none-eabi/lib/thumb/v7e-m+fp/hard\libc_nano.a(libc_a-init.o)
 .ARM.attributes
                0x0000082f       0x34 C:/ST/STM32CubeIDE_1.18.0/STM32CubeIDE/plugins/com.st.stm32cube.ide.mcu.externaltools.gnu-tools-for-stm32.13.3.rel1.win32_1.0.0.202411081344/tools/bin/../lib/gcc/arm-none-eabi/13.3.1/../../../../arm-none-eabi/lib/thumb/v7e-m+fp/hard\libc_nano.a(libc_a-lock.o)
 .ARM.attributes
                0x00000863       0x34 C:/ST/STM32CubeIDE_1.18.0/STM32CubeIDE/plugins/com.st.stm32cube.ide.mcu.externaltools.gnu-tools-for-stm32.13.3.rel1.win32_1.0.0.202411081344/tools/bin/../lib/gcc/arm-none-eabi/13.3.1/../../../../arm-none-eabi/lib/thumb/v7e-m+fp/hard\libc_nano.a(libc_a-memcpy-stub.o)
 .ARM.attributes
                0x00000897       0x34 C:/ST/STM32CubeIDE_1.18.0/STM32CubeIDE/plugins/com.st.stm32cube.ide.mcu.externaltools.gnu-tools-for-stm32.13.3.rel1.win32_1.0.0.202411081344/tools/bin/../lib/gcc/arm-none-eabi/13.3.1/../../../../arm-none-eabi/lib/thumb/v7e-m+fp/hard\libc_nano.a(libc_a-freer.o)
 .ARM.attributes
                0x000008cb       0x34 C:/ST/STM32CubeIDE_1.18.0/STM32CubeIDE/plugins/com.st.stm32cube.ide.mcu.externaltools.gnu-tools-for-stm32.13.3.rel1.win32_1.0.0.202411081344/tools/bin/../lib/gcc/arm-none-eabi/13.3.1/../../../../arm-none-eabi/lib/thumb/v7e-m+fp/hard\libc_nano.a(libc_a-mallocr.o)
 .ARM.attributes
                0x000008ff       0x34 C:/ST/STM32CubeIDE_1.18.0/STM32CubeIDE/plugins/com.st.stm32cube.ide.mcu.externaltools.gnu-tools-for-stm32.13.3.rel1.win32_1.0.0.202411081344/tools/bin/../lib/gcc/arm-none-eabi/13.3.1/../../../../arm-none-eabi/lib/thumb/v7e-m+fp/hard\libc_nano.a(libc_a-mlock.o)
 .ARM.attributes
                0x00000933       0x34 C:/ST/STM32CubeIDE_1.18.0/STM32CubeIDE/plugins/com.st.stm32cube.ide.mcu.externaltools.gnu-tools-for-stm32.13.3.rel1.win32_1.0.0.202411081344/tools/bin/../lib/gcc/arm-none-eabi/13.3.1/../../../../arm-none-eabi/lib/thumb/v7e-m+fp/hard\libc_nano.a(libc_a-nano-vfprintf.o)
 .ARM.attributes
                0x00000967       0x34 C:/ST/STM32CubeIDE_1.18.0/STM32CubeIDE/plugins/com.st.stm32cube.ide.mcu.externaltools.gnu-tools-for-stm32.13.3.rel1.win32_1.0.0.202411081344/tools/bin/../lib/gcc/arm-none-eabi/13.3.1/../../../../arm-none-eabi/lib/thumb/v7e-m+fp/hard\libc_nano.a(libc_a-nano-vfprintf_i.o)
 .ARM.attributes
                0x0000099b       0x34 C:/ST/STM32CubeIDE_1.18.0/STM32CubeIDE/plugins/com.st.stm32cube.ide.mcu.externaltools.gnu-tools-for-stm32.13.3.rel1.win32_1.0.0.202411081344/tools/bin/../lib/gcc/arm-none-eabi/13.3.1/../../../../arm-none-eabi/lib/thumb/v7e-m+fp/hard\libc_nano.a(libc_a-fflush.o)
 .ARM.attributes
                0x000009cf       0x34 C:/ST/STM32CubeIDE_1.18.0/STM32CubeIDE/plugins/com.st.stm32cube.ide.mcu.externaltools.gnu-tools-for-stm32.13.3.rel1.win32_1.0.0.202411081344/tools/bin/../lib/gcc/arm-none-eabi/13.3.1/../../../../arm-none-eabi/lib/thumb/v7e-m+fp/hard\libc_nano.a(libc_a-makebuf.o)
 .ARM.attributes
                0x00000a03       0x34 C:/ST/STM32CubeIDE_1.18.0/STM32CubeIDE/plugins/com.st.stm32cube.ide.mcu.externaltools.gnu-tools-for-stm32.13.3.rel1.win32_1.0.0.202411081344/tools/bin/../lib/gcc/arm-none-eabi/13.3.1/../../../../arm-none-eabi/lib/thumb/v7e-m+fp/hard\libc_nano.a(libc_a-putc.o)
 .ARM.attributes
                0x00000a37       0x34 C:/ST/STM32CubeIDE_1.18.0/STM32CubeIDE/plugins/com.st.stm32cube.ide.mcu.externaltools.gnu-tools-for-stm32.13.3.rel1.win32_1.0.0.202411081344/tools/bin/../lib/gcc/arm-none-eabi/13.3.1/../../../../arm-none-eabi/lib/thumb/v7e-m+fp/hard\libc_nano.a(libc_a-fstatr.o)
 .ARM.attributes
                0x00000a6b       0x34 C:/ST/STM32CubeIDE_1.18.0/STM32CubeIDE/plugins/com.st.stm32cube.ide.mcu.externaltools.gnu-tools-for-stm32.13.3.rel1.win32_1.0.0.202411081344/tools/bin/../lib/gcc/arm-none-eabi/13.3.1/../../../../arm-none-eabi/lib/thumb/v7e-m+fp/hard\libc_nano.a(libc_a-isattyr.o)
 .ARM.attributes
                0x00000a9f       0x34 C:/ST/STM32CubeIDE_1.18.0/STM32CubeIDE/plugins/com.st.stm32cube.ide.mcu.externaltools.gnu-tools-for-stm32.13.3.rel1.win32_1.0.0.202411081344/tools/bin/../lib/gcc/arm-none-eabi/13.3.1/../../../../arm-none-eabi/lib/thumb/v7e-m+fp/hard\libc_nano.a(libc_a-sbrkr.o)
 .ARM.attributes
                0x00000ad3       0x1c C:/ST/STM32CubeIDE_1.18.0/STM32CubeIDE/plugins/com.st.stm32cube.ide.mcu.externaltools.gnu-tools-for-stm32.13.3.rel1.win32_1.0.0.202411081344/tools/bin/../lib/gcc/arm-none-eabi/13.3.1/../../../../arm-none-eabi/lib/thumb/v7e-m+fp/hard\libc_nano.a(libc_a-memchr.o)
 .ARM.attributes
                0x00000aef       0x22 C:/ST/STM32CubeIDE_1.18.0/STM32CubeIDE/plugins/com.st.stm32cube.ide.mcu.externaltools.gnu-tools-for-stm32.13.3.rel1.win32_1.0.0.202411081344/tools/bin/../lib/gcc/arm-none-eabi/13.3.1/thumb/v7e-m+fp/hard\libgcc.a(_aeabi_uldivmod.o)
 .ARM.attributes
                0x00000b11       0x34 C:/ST/STM32CubeIDE_1.18.0/STM32CubeIDE/plugins/com.st.stm32cube.ide.mcu.externaltools.gnu-tools-for-stm32.13.3.rel1.win32_1.0.0.202411081344/tools/bin/../lib/gcc/arm-none-eabi/13.3.1/thumb/v7e-m+fp/hard\libgcc.a(_udivmoddi4.o)
 .ARM.attributes
                0x00000b45       0x22 C:/ST/STM32CubeIDE_1.18.0/STM32CubeIDE/plugins/com.st.stm32cube.ide.mcu.externaltools.gnu-tools-for-stm32.13.3.rel1.win32_1.0.0.202411081344/tools/bin/../lib/gcc/arm-none-eabi/13.3.1/thumb/v7e-m+fp/hard\libgcc.a(_dvmd_tls.o)
 .ARM.attributes
                0x00000b67       0x22 C:/ST/STM32CubeIDE_1.18.0/STM32CubeIDE/plugins/com.st.stm32cube.ide.mcu.externaltools.gnu-tools-for-stm32.13.3.rel1.win32_1.0.0.202411081344/tools/bin/../lib/gcc/arm-none-eabi/13.3.1/thumb/v7e-m+fp/hard/crtn.o
OUTPUT(53L7A1_ThresholdDetection.elf elf32-littlearm)
LOAD linker stubs
LOAD C:/ST/STM32CubeIDE_1.18.0/STM32CubeIDE/plugins/com.st.stm32cube.ide.mcu.externaltools.gnu-tools-for-stm32.13.3.rel1.win32_1.0.0.202411081344/tools/bin/../lib/gcc/arm-none-eabi/13.3.1/../../../../arm-none-eabi/lib/thumb/v7e-m+fp/hard\libc.a
LOAD C:/ST/STM32CubeIDE_1.18.0/STM32CubeIDE/plugins/com.st.stm32cube.ide.mcu.externaltools.gnu-tools-for-stm32.13.3.rel1.win32_1.0.0.202411081344/tools/bin/../lib/gcc/arm-none-eabi/13.3.1/../../../../arm-none-eabi/lib/thumb/v7e-m+fp/hard\libm.a
LOAD C:/ST/STM32CubeIDE_1.18.0/STM32CubeIDE/plugins/com.st.stm32cube.ide.mcu.externaltools.gnu-tools-for-stm32.13.3.rel1.win32_1.0.0.202411081344/tools/bin/../lib/gcc/arm-none-eabi/13.3.1/thumb/v7e-m+fp/hard\libgcc.a

.debug_line     0x00000000    0x13171
 .debug_line    0x00000000       0x7a ./Application/Startup/startup_stm32f401retx.o
 .debug_line    0x0000007a      0xe07 ./Application/User/app_tof.o
 .debug_line    0x00000e81      0x7f2 ./Application/User/app_tof_pin_conf.o
 .debug_line    0x00001673      0x90a ./Application/User/main.o
 .debug_line    0x00001f7d      0x832 ./Application/User/stm32f4xx_hal_msp.o
 .debug_line    0x000027af      0x8f9 ./Application/User/stm32f4xx_it.o
 .debug_line    0x000030a8      0x989 ./Application/User/stm32f4xx_nucleo.o
 .debug_line    0x00003a31      0xaa0 ./Application/User/stm32f4xx_nucleo_bus.o
 .debug_line    0x000044d1      0x8b4 ./Application/User/syscalls.o
 .debug_line    0x00004d85      0x590 ./Application/User/sysmem.o
 .debug_line    0x00005315      0xe22 ./Drivers/BSP/53L7A1/53l7a1_ranging_sensor.o
 .debug_line    0x00006137      0x6c8 ./Drivers/BSP/Components/platform.o
 .debug_line    0x000067ff      0xd1b ./Drivers/BSP/Components/vl53l7cx.o
 .debug_line    0x0000751a     0x1801 ./Drivers/BSP/Components/vl53l7cx_api.o
 .debug_line    0x00008d1b      0x890 ./Drivers/BSP/Components/vl53l7cx_plugin_detection_thresholds.o
 .debug_line    0x000095ab      0x86a ./Drivers/CMSIS/system_stm32f4xx.o
 .debug_line    0x00009e15      0xa9b ./Drivers/STM32F4xx_HAL_Driver/stm32f4xx_hal.o
 .debug_line    0x0000a8b0      0xd69 ./Drivers/STM32F4xx_HAL_Driver/stm32f4xx_hal_cortex.o
 .debug_line    0x0000b619      0xbb7 ./Drivers/STM32F4xx_HAL_Driver/stm32f4xx_hal_gpio.o
 .debug_line    0x0000c1d0     0x3b4d ./Drivers/STM32F4xx_HAL_Driver/stm32f4xx_hal_i2c.o
 .debug_line    0x0000fd1d      0xeaa ./Drivers/STM32F4xx_HAL_Driver/stm32f4xx_hal_rcc.o
 .debug_line    0x00010bc7     0x25aa ./Drivers/STM32F4xx_HAL_Driver/stm32f4xx_hal_uart.o

.debug_line_str
                0x00000000       0xa3
 .debug_line_str
                0x00000000       0xa3 ./Application/Startup/startup_stm32f401retx.o

.debug_info     0x00000000     0xeea7
 .debug_info    0x00000000       0x30 ./Application/Startup/startup_stm32f401retx.o
 .debug_info    0x00000030      0x623 ./Application/User/app_tof.o
 .debug_info    0x00000653       0xdb ./Application/User/app_tof_pin_conf.o
 .debug_info    0x0000072e      0x88a ./Application/User/main.o
 .debug_info    0x00000fb8      0x291 ./Application/User/stm32f4xx_hal_msp.o
 .debug_info    0x00001249      0x14a ./Application/User/stm32f4xx_it.o
 .debug_info    0x00001393      0xb00 ./Application/User/stm32f4xx_nucleo.o
 .debug_info    0x00001e93      0xdfa ./Application/User/stm32f4xx_nucleo_bus.o
 .debug_info    0x00002c8d      0x6a3 ./Application/User/syscalls.o
 .debug_info    0x00003330      0x168 ./Application/User/sysmem.o
 .debug_info    0x00003498      0xfd1 ./Drivers/BSP/53L7A1/53l7a1_ranging_sensor.o
 .debug_info    0x00004469      0x335 ./Drivers/BSP/Components/platform.o
 .debug_info    0x0000479e     0x1199 ./Drivers/BSP/Components/vl53l7cx.o
 .debug_info    0x00005937     0x128b ./Drivers/BSP/Components/vl53l7cx_api.o
 .debug_info    0x00006bc2      0x490 ./Drivers/BSP/Components/vl53l7cx_plugin_detection_thresholds.o
 .debug_info    0x00007052      0x53e ./Drivers/CMSIS/system_stm32f4xx.o
 .debug_info    0x00007590      0x8bb ./Drivers/STM32F4xx_HAL_Driver/stm32f4xx_hal.o
 .debug_info    0x00007e4b      0xcf6 ./Drivers/STM32F4xx_HAL_Driver/stm32f4xx_hal_cortex.o
 .debug_info    0x00008b41      0x6f9 ./Drivers/STM32F4xx_HAL_Driver/stm32f4xx_hal_gpio.o
 .debug_info    0x0000923a     0x2426 ./Drivers/STM32F4xx_HAL_Driver/stm32f4xx_hal_i2c.o
 .debug_info    0x0000b660      0x8f1 ./Drivers/STM32F4xx_HAL_Driver/stm32f4xx_hal_rcc.o
 .debug_info    0x0000bf51     0x2f56 ./Drivers/STM32F4xx_HAL_Driver/stm32f4xx_hal_uart.o

.debug_abbrev   0x00000000     0x2905
 .debug_abbrev  0x00000000       0x24 ./Application/Startup/startup_stm32f401retx.o
 .debug_abbrev  0x00000024      0x1d0 ./Application/User/app_tof.o
 .debug_abbrev  0x000001f4       0x7f ./Application/User/app_tof_pin_conf.o
 .debug_abbrev  0x00000273      0x229 ./Application/User/main.o
 .debug_abbrev  0x0000049c       0xd8 ./Application/User/stm32f4xx_hal_msp.o
 .debug_abbrev  0x00000574       0xa0 ./Application/User/stm32f4xx_it.o
 .debug_abbrev  0x00000614      0x2aa ./Application/User/stm32f4xx_nucleo.o
 .debug_abbrev  0x000008be      0x2b5 ./Application/User/stm32f4xx_nucleo_bus.o
 .debug_abbrev  0x00000b73      0x1b6 ./Application/User/syscalls.o
 .debug_abbrev  0x00000d29       0xbc ./Application/User/sysmem.o
 .debug_abbrev  0x00000de5      0x265 ./Drivers/BSP/53L7A1/53l7a1_ranging_sensor.o
 .debug_abbrev  0x0000104a      0x10c ./Drivers/BSP/Components/platform.o
 .debug_abbrev  0x00001156      0x2b1 ./Drivers/BSP/Components/vl53l7cx.o
 .debug_abbrev  0x00001407      0x2b3 ./Drivers/BSP/Components/vl53l7cx_api.o
 .debug_abbrev  0x000016ba      0x169 ./Drivers/BSP/Components/vl53l7cx_plugin_detection_thresholds.o
 .debug_abbrev  0x00001823      0x11a ./Drivers/CMSIS/system_stm32f4xx.o
 .debug_abbrev  0x0000193d      0x24b ./Drivers/STM32F4xx_HAL_Driver/stm32f4xx_hal.o
 .debug_abbrev  0x00001b88      0x31d ./Drivers/STM32F4xx_HAL_Driver/stm32f4xx_hal_cortex.o
 .debug_abbrev  0x00001ea5      0x1d3 ./Drivers/STM32F4xx_HAL_Driver/stm32f4xx_hal_gpio.o
 .debug_abbrev  0x00002078      0x2bc ./Drivers/STM32F4xx_HAL_Driver/stm32f4xx_hal_i2c.o
 .debug_abbrev  0x00002334      0x2b6 ./Drivers/STM32F4xx_HAL_Driver/stm32f4xx_hal_rcc.o
 .debug_abbrev  0x000025ea      0x31b ./Drivers/STM32F4xx_HAL_Driver/stm32f4xx_hal_uart.o

.debug_aranges  0x00000000      0xda0
 .debug_aranges
                0x00000000       0x28 ./Application/Startup/startup_stm32f401retx.o
 .debug_aranges
                0x00000028       0x40 ./Application/User/app_tof.o
 .debug_aranges
                0x00000068       0x20 ./Application/User/app_tof_pin_conf.o
 .debug_aranges
                0x00000088       0x38 ./Application/User/main.o
 .debug_aranges
                0x000000c0       0x20 ./Application/User/stm32f4xx_hal_msp.o
 .debug_aranges
                0x000000e0       0x68 ./Application/User/stm32f4xx_it.o
 .debug_aranges
                0x00000148       0x58 ./Application/User/stm32f4xx_nucleo.o
 .debug_aranges
                0x000001a0       0x80 ./Application/User/stm32f4xx_nucleo_bus.o
 .debug_aranges
                0x00000220       0xa8 ./Application/User/syscalls.o
 .debug_aranges
                0x000002c8       0x20 ./Application/User/sysmem.o
 .debug_aranges
                0x000002e8       0x98 ./Drivers/BSP/53L7A1/53l7a1_ranging_sensor.o
 .debug_aranges
                0x00000380       0x48 ./Drivers/BSP/Components/platform.o
 .debug_aranges
                0x000003c8       0xb0 ./Drivers/BSP/Components/vl53l7cx.o
 .debug_aranges
                0x00000478      0x118 ./Drivers/BSP/Components/vl53l7cx_api.o
 .debug_aranges
                0x00000590       0x38 ./Drivers/BSP/Components/vl53l7cx_plugin_detection_thresholds.o
 .debug_aranges
                0x000005c8       0x28 ./Drivers/CMSIS/system_stm32f4xx.o
 .debug_aranges
                0x000005f0       0xf0 ./Drivers/STM32F4xx_HAL_Driver/stm32f4xx_hal.o
 .debug_aranges
                0x000006e0      0x130 ./Drivers/STM32F4xx_HAL_Driver/stm32f4xx_hal_cortex.o
 .debug_aranges
                0x00000810       0x58 ./Drivers/STM32F4xx_HAL_Driver/stm32f4xx_hal_gpio.o
 .debug_aranges
                0x00000868      0x2a8 ./Drivers/STM32F4xx_HAL_Driver/stm32f4xx_hal_i2c.o
 .debug_aranges
                0x00000b10       0x88 ./Drivers/STM32F4xx_HAL_Driver/stm32f4xx_hal_rcc.o
 .debug_aranges
                0x00000b98      0x208 ./Drivers/STM32F4xx_HAL_Driver/stm32f4xx_hal_uart.o

.debug_str      0x00000000    0x8d9b7
 .debug_str     0x00000000    0x8d9b7 ./Application/Startup/startup_stm32f401retx.o
                                 0xbf (size before relaxing)
 .debug_str     0x0008d9b7    0x8779a ./Application/User/app_tof.o
 .debug_str     0x0008d9b7    0x80cbe ./Application/User/app_tof_pin_conf.o
 .debug_str     0x0008d9b7    0x81b48 ./Application/User/main.o
 .debug_str     0x0008d9b7    0x814dc ./Application/User/stm32f4xx_hal_msp.o
 .debug_str     0x0008d9b7    0x8148e ./Application/User/stm32f4xx_it.o
 .debug_str     0x0008d9b7    0x81b0d ./Application/User/stm32f4xx_nucleo.o
 .debug_str     0x0008d9b7    0x8190e ./Application/User/stm32f4xx_nucleo_bus.o
 .debug_str     0x0008d9b7     0x9a20 ./Application/User/syscalls.o
 .debug_str     0x0008d9b7     0x77be ./Application/User/sysmem.o
 .debug_str     0x0008d9b7    0x86f44 ./Drivers/BSP/53L7A1/53l7a1_ranging_sensor.o
 .debug_str     0x0008d9b7     0x7557 ./Drivers/BSP/Components/platform.o
 .debug_str     0x0008d9b7     0x9d11 ./Drivers/BSP/Components/vl53l7cx.o
 .debug_str     0x0008d9b7     0x8c32 ./Drivers/BSP/Components/vl53l7cx_api.o
 .debug_str     0x0008d9b7     0x88ba ./Drivers/BSP/Components/vl53l7cx_plugin_detection_thresholds.o
 .debug_str     0x0008d9b7    0x80d39 ./Drivers/CMSIS/system_stm32f4xx.o
 .debug_str     0x0008d9b7    0x8171f ./Drivers/STM32F4xx_HAL_Driver/stm32f4xx_hal.o
 .debug_str     0x0008d9b7    0x81488 ./Drivers/STM32F4xx_HAL_Driver/stm32f4xx_hal_cortex.o
 .debug_str     0x0008d9b7    0x80e78 ./Drivers/STM32F4xx_HAL_Driver/stm32f4xx_hal_gpio.o
 .debug_str     0x0008d9b7    0x81d0e ./Drivers/STM32F4xx_HAL_Driver/stm32f4xx_hal_i2c.o
 .debug_str     0x0008d9b7    0x81131 ./Drivers/STM32F4xx_HAL_Driver/stm32f4xx_hal_rcc.o
 .debug_str     0x0008d9b7    0x81700 ./Drivers/STM32F4xx_HAL_Driver/stm32f4xx_hal_uart.o

.debug_rnglists
                0x00000000      0xa72
 .debug_rnglists
                0x00000000       0x19 ./Application/Startup/startup_stm32f401retx.o
 .debug_rnglists
                0x00000019       0x2e ./Application/User/app_tof.o
 .debug_rnglists
                0x00000047       0x13 ./Application/User/app_tof_pin_conf.o
 .debug_rnglists
                0x0000005a       0x27 ./Application/User/main.o
 .debug_rnglists
                0x00000081       0x13 ./Application/User/stm32f4xx_hal_msp.o
 .debug_rnglists
                0x00000094       0x49 ./Application/User/stm32f4xx_it.o
 .debug_rnglists
                0x000000dd       0x3e ./Application/User/stm32f4xx_nucleo.o
 .debug_rnglists
                0x0000011b       0x5c ./Application/User/stm32f4xx_nucleo_bus.o
 .debug_rnglists
                0x00000177       0x79 ./Application/User/syscalls.o
 .debug_rnglists
                0x000001f0       0x13 ./Application/User/sysmem.o
 .debug_rnglists
                0x00000203       0x6e ./Drivers/BSP/53L7A1/53l7a1_ranging_sensor.o
 .debug_rnglists
                0x00000271       0x31 ./Drivers/BSP/Components/platform.o
 .debug_rnglists
                0x000002a2       0x85 ./Drivers/BSP/Components/vl53l7cx.o
 .debug_rnglists
                0x00000327       0xdd ./Drivers/BSP/Components/vl53l7cx_api.o
 .debug_rnglists
                0x00000404       0x28 ./Drivers/BSP/Components/vl53l7cx_plugin_detection_thresholds.o
 .debug_rnglists
                0x0000042c       0x1a ./Drivers/CMSIS/system_stm32f4xx.o
 .debug_rnglists
                0x00000446       0xaf ./Drivers/STM32F4xx_HAL_Driver/stm32f4xx_hal.o
 .debug_rnglists
                0x000004f5       0xe0 ./Drivers/STM32F4xx_HAL_Driver/stm32f4xx_hal_cortex.o
 .debug_rnglists
                0x000005d5       0x3f ./Drivers/STM32F4xx_HAL_Driver/stm32f4xx_hal_gpio.o
 .debug_rnglists
                0x00000614      0x23c ./Drivers/STM32F4xx_HAL_Driver/stm32f4xx_hal_i2c.o
 .debug_rnglists
                0x00000850       0x66 ./Drivers/STM32F4xx_HAL_Driver/stm32f4xx_hal_rcc.o
 .debug_rnglists
                0x000008b6      0x1bc ./Drivers/STM32F4xx_HAL_Driver/stm32f4xx_hal_uart.o

.debug_macro    0x00000000    0x1846b
 .debug_macro   0x00000000      0x3c9 ./Application/User/app_tof.o
 .debug_macro   0x000003c9      0xad8 ./Application/User/app_tof.o
 .debug_macro   0x00000ea1      0x29b ./Application/User/app_tof.o
 .debug_macro   0x0000113c       0x2e ./Application/User/app_tof.o
 .debug_macro   0x0000116a       0x28 ./Application/User/app_tof.o
 .debug_macro   0x00001192       0x22 ./Application/User/app_tof.o
 .debug_macro   0x000011b4       0x8e ./Application/User/app_tof.o
 .debug_macro   0x00001242       0x51 ./Application/User/app_tof.o
 .debug_macro   0x00001293      0x103 ./Application/User/app_tof.o
 .debug_macro   0x00001396       0x6a ./Application/User/app_tof.o
 .debug_macro   0x00001400      0x1df ./Application/User/app_tof.o
 .debug_macro   0x000015df       0x1c ./Application/User/app_tof.o
 .debug_macro   0x000015fb       0x22 ./Application/User/app_tof.o
 .debug_macro   0x0000161d       0xd9 ./Application/User/app_tof.o
 .debug_macro   0x000016f6     0x102d ./Application/User/app_tof.o
 .debug_macro   0x00002723      0x11f ./Application/User/app_tof.o
 .debug_macro   0x00002842     0xb86c ./Application/User/app_tof.o
 .debug_macro   0x0000e0ae       0x6d ./Application/User/app_tof.o
 .debug_macro   0x0000e11b     0x369a ./Application/User/app_tof.o
 .debug_macro   0x000117b5      0x190 ./Application/User/app_tof.o
 .debug_macro   0x00011945       0x5c ./Application/User/app_tof.o
 .debug_macro   0x000119a1      0x416 ./Application/User/app_tof.o