Archive member included to satisfy reference by file (symbol)

C:/ST/STM32CubeIDE_1.18.0/STM32CubeIDE/plugins/com.st.stm32cube.ide.mcu.externaltools.gnu-tools-for-stm32.13.3.rel1.win32_1.0.0.202411081344/tools/bin/../lib/gcc/arm-none-eabi/13.3.1/../../../../arm-none-eabi/lib/thumb/v7e-m+fp/hard\libc_nano.a(libc_a-exit.o)
                              C:/ST/STM32CubeIDE_1.18.0/STM32CubeIDE/plugins/com.st.stm32cube.ide.mcu.externaltools.gnu-tools-for-stm32.13.3.rel1.win32_1.0.0.202411081344/tools/bin/../lib/gcc/arm-none-eabi/13.3.1/../../../../arm-none-eabi/lib/thumb/v7e-m+fp/hard/crt0.o (exit)
C:/ST/STM32CubeIDE_1.18.0/STM32CubeIDE/plugins/com.st.stm32cube.ide.mcu.externaltools.gnu-tools-for-stm32.13.3.rel1.win32_1.0.0.202411081344/tools/bin/../lib/gcc/arm-none-eabi/13.3.1/../../../../arm-none-eabi/lib/thumb/v7e-m+fp/hard\libc_nano.a(libc_a-findfp.o)
                              C:/ST/STM32CubeIDE_1.18.0/STM32CubeIDE/plugins/com.st.stm32cube.ide.mcu.externaltools.gnu-tools-for-stm32.13.3.rel1.win32_1.0.0.202411081344/tools/bin/../lib/gcc/arm-none-eabi/13.3.1/../../../../arm-none-eabi/lib/thumb/v7e-m+fp/hard\libc_nano.a(libc_a-exit.o) (__stdio_exit_handler)
C:/ST/STM32CubeIDE_1.18.0/STM32CubeIDE/plugins/com.st.stm32cube.ide.mcu.externaltools.gnu-tools-for-stm32.13.3.rel1.win32_1.0.0.202411081344/tools/bin/../lib/gcc/arm-none-eabi/13.3.1/../../../../arm-none-eabi/lib/thumb/v7e-m+fp/hard\libc_nano.a(libc_a-fwalk.o)
                              C:/ST/STM32CubeIDE_1.18.0/STM32CubeIDE/plugins/com.st.stm32cube.ide.mcu.externaltools.gnu-tools-for-stm32.13.3.rel1.win32_1.0.0.202411081344/tools/bin/../lib/gcc/arm-none-eabi/13.3.1/../../../../arm-none-eabi/lib/thumb/v7e-m+fp/hard\libc_nano.a(libc_a-findfp.o) (_fwalk_sglue)
C:/ST/STM32CubeIDE_1.18.0/STM32CubeIDE/plugins/com.st.stm32cube.ide.mcu.externaltools.gnu-tools-for-stm32.13.3.rel1.win32_1.0.0.202411081344/tools/bin/../lib/gcc/arm-none-eabi/13.3.1/../../../../arm-none-eabi/lib/thumb/v7e-m+fp/hard\libc_nano.a(libc_a-printf.o)
                              ./Application/User/app_tof.o (printf)
C:/ST/STM32CubeIDE_1.18.0/STM32CubeIDE/plugins/com.st.stm32cube.ide.mcu.externaltools.gnu-tools-for-stm32.13.3.rel1.win32_1.0.0.202411081344/tools/bin/../lib/gcc/arm-none-eabi/13.3.1/../../../../arm-none-eabi/lib/thumb/v7e-m+fp/hard\libc_nano.a(libc_a-stdio.o)
                              C:/ST/STM32CubeIDE_1.18.0/STM32CubeIDE/plugins/com.st.stm32cube.ide.mcu.externaltools.gnu-tools-for-stm32.13.3.rel1.win32_1.0.0.202411081344/tools/bin/../lib/gcc/arm-none-eabi/13.3.1/../../../../arm-none-eabi/lib/thumb/v7e-m+fp/hard\libc_nano.a(libc_a-findfp.o) (__sread)
C:/ST/STM32CubeIDE_1.18.0/STM32CubeIDE/plugins/com.st.stm32cube.ide.mcu.externaltools.gnu-tools-for-stm32.13.3.rel1.win32_1.0.0.202411081344/tools/bin/../lib/gcc/arm-none-eabi/13.3.1/../../../../arm-none-eabi/lib/thumb/v7e-m+fp/hard\libc_nano.a(libc_a-memset.o)
                              C:/ST/STM32CubeIDE_1.18.0/STM32CubeIDE/plugins/com.st.stm32cube.ide.mcu.externaltools.gnu-tools-for-stm32.13.3.rel1.win32_1.0.0.202411081344/tools/bin/../lib/gcc/arm-none-eabi/13.3.1/../../../../arm-none-eabi/lib/thumb/v7e-m+fp/hard/crt0.o (memset)
C:/ST/STM32CubeIDE_1.18.0/STM32CubeIDE/plugins/com.st.stm32cube.ide.mcu.externaltools.gnu-tools-for-stm32.13.3.rel1.win32_1.0.0.202411081344/tools/bin/../lib/gcc/arm-none-eabi/13.3.1/../../../../arm-none-eabi/lib/thumb/v7e-m+fp/hard\libc_nano.a(libc_a-closer.o)
                              C:/ST/STM32CubeIDE_1.18.0/STM32CubeIDE/plugins/com.st.stm32cube.ide.mcu.externaltools.gnu-tools-for-stm32.13.3.rel1.win32_1.0.0.202411081344/tools/bin/../lib/gcc/arm-none-eabi/13.3.1/../../../../arm-none-eabi/lib/thumb/v7e-m+fp/hard\libc_nano.a(libc_a-stdio.o) (_close_r)
C:/ST/STM32CubeIDE_1.18.0/STM32CubeIDE/plugins/com.st.stm32cube.ide.mcu.externaltools.gnu-tools-for-stm32.13.3.rel1.win32_1.0.0.202411081344/tools/bin/../lib/gcc/arm-none-eabi/13.3.1/../../../../arm-none-eabi/lib/thumb/v7e-m+fp/hard\libc_nano.a(libc_a-reent.o)
                              C:/ST/STM32CubeIDE_1.18.0/STM32CubeIDE/plugins/com.st.stm32cube.ide.mcu.externaltools.gnu-tools-for-stm32.13.3.rel1.win32_1.0.0.202411081344/tools/bin/../lib/gcc/arm-none-eabi/13.3.1/../../../../arm-none-eabi/lib/thumb/v7e-m+fp/hard\libc_nano.a(libc_a-closer.o) (errno)
C:/ST/STM32CubeIDE_1.18.0/STM32CubeIDE/plugins/com.st.stm32cube.ide.mcu.externaltools.gnu-tools-for-stm32.13.3.rel1.win32_1.0.0.202411081344/tools/bin/../lib/gcc/arm-none-eabi/13.3.1/../../../../arm-none-eabi/lib/thumb/v7e-m+fp/hard\libc_nano.a(libc_a-impure.o)
                              C:/ST/STM32CubeIDE_1.18.0/STM32CubeIDE/plugins/com.st.stm32cube.ide.mcu.externaltools.gnu-tools-for-stm32.13.3.rel1.win32_1.0.0.202411081344/tools/bin/../lib/gcc/arm-none-eabi/13.3.1/../../../../arm-none-eabi/lib/thumb/v7e-m+fp/hard\libc_nano.a(libc_a-printf.o) (_impure_ptr)
[...]
Memory Configuration

Name             Origin             Length             Attributes
RAM              0x20000000         0x00018000         xrw
FLASH            0x08000000         0x00080000         xr
*default*        0x00000000         0xffffffff

Linker script and memory map

LOAD C:/ST/STM32CubeIDE_1.18.0/STM32CubeIDE/plugins/com.st.stm32cube.ide.mcu.externaltools.gnu-tools-for-stm32.13.3.rel1.win32_1.0.0.202411081344/tools/bin/../lib/gcc/arm-none-eabi/13.3.1/thumb/v7e-m+fp/hard/crti.o
LOAD C:/ST/STM32CubeIDE_1.18.0/STM32CubeIDE/plugins/com.st.stm32cube.ide.mcu.externaltools.gnu-tools-for-stm32.13.3.rel1.win32_1.0.0.202411081344/tools/bin/../lib/gcc/arm-none-eabi/13.3.1/thumb/v7e-m+fp/hard/crtbegin.o
LOAD C:/ST/STM32CubeIDE_1.18.0/STM32CubeIDE/plugins/com.st.stm32cube.ide.mcu.externaltools.gnu-tools-for-stm32.13.3.rel1.win32_1.0.0.202411081344/tools/bin/../lib/gcc/arm-none-eabi/13.3.1/../../../../arm-none-eabi/lib/thumb/v7e-m+fp/hard/crt0.o
LOAD ./Application/Startup/startup_stm32f401retx.o
LOAD ./Application/User/app_tof.o
LOAD ./Application/User/app_tof_pin_conf.o
LOAD ./Application/User/main.o
LOAD ./Application/User/stm32f4xx_hal_msp.o
LOAD ./Application/User/stm32f4xx_it.o
LOAD ./Application/User/stm32f4xx_nucleo.o
LOAD ./Application/User/stm32f4xx_nucleo_bus.o
LOAD ./Application/User/syscalls.o
LOAD ./Application/User/sysmem.o
LOAD ./Drivers/BSP/53L7A1/53l7a1_ranging_sensor.o
LOAD ./Drivers/BSP/Components/platform.o
LOAD ./Drivers/BSP/Components/vl53l7cx.o
LOAD ./Drivers/BSP/Components/vl53l7cx_api.o
LOAD ./Drivers/BSP/Components/vl53l7cx_plugin_detection_thresholds.o
LOAD ./Drivers/BSP/Components/vl53l7cx_plugin_motion_indicator.o
LOAD ./Drivers/BSP/Components/vl53l7cx_plugin_xtalk.o
LOAD ./Drivers/CMSIS/system_stm32f4xx.o
LOAD ./Drivers/STM32F4xx_HAL_Driver/stm32f4xx_hal.o
LOAD ./Drivers/STM32F4xx_HAL_Driver/stm32f4xx_hal_cortex.o
LOAD ./Drivers/STM32F4xx_HAL_Driver/stm32f4xx_hal_dma.o
LOAD ./Drivers/STM32F4xx_HAL_Driver/stm32f4xx_hal_dma_ex.o
LOAD ./Drivers/STM32F4xx_HAL_Driver/stm32f4xx_hal_exti.o
LOAD ./Drivers/STM32F4xx_HAL_Driver/stm32f4xx_hal_flash.o
LOAD ./Drivers/STM32F4xx_HAL_Driver/stm32f4xx_hal_flash_ex.o
LOAD ./Drivers/STM32F4xx_HAL_Driver/stm32f4xx_hal_flash_ramfunc.o
LOAD ./Drivers/STM32F4xx_HAL_Driver/stm32f4xx_hal_gpio.o
LOAD ./Drivers/STM32F4xx_HAL_Driver/stm32f4xx_hal_i2c.o
LOAD ./Drivers/STM32F4xx_HAL_Driver/stm32f4xx_hal_i2c_ex.o
LOAD ./Drivers/STM32F4xx_HAL_Driver/stm32f4xx_hal_pwr.o
LOAD ./Drivers/STM32F4xx_HAL_Driver/stm32f4xx_hal_pwr_ex.o
LOAD ./Drivers/STM32F4xx_HAL_Driver/stm32f4xx_hal_rcc.o
LOAD ./Drivers/STM32F4xx_HAL_Driver/stm32f4xx_hal_rcc_ex.o
LOAD ./Drivers/STM32F4xx_HAL_Driver/stm32f4xx_hal_uart.o
START GROUP
LOAD C:/ST/STM32CubeIDE_1.18.0/STM32CubeIDE/plugins/com.st.stm32cube.ide.mcu.externaltools.gnu-tools-for-stm32.13.3.rel1.win32_1.0.0.202411081344/tools/bin/../lib/gcc/arm-none-eabi/13.3.1/../../../../arm-none-eabi/lib/thumb/v7e-m+fp/hard\libc_nano.a
LOAD C:/ST/STM32CubeIDE_1.18.0/STM32CubeIDE/plugins/com.st.stm32cube.ide.mcu.externaltools.gnu-tools-for-stm32.13.3.rel1.win32_1.0.0.202411081344/tools/bin/../lib/gcc/arm-none-eabi/13.3.1/../../../../arm-none-eabi/lib/thumb/v7e-m+fp/hard\libm.a
END GROUP
START GROUP
LOAD C:/ST/STM32CubeIDE_1.18.0/STM32CubeIDE/plugins/com.st.stm32cube.ide.mcu.externaltools.gnu-tools-for-stm32.13.3.rel1.win32_1.0.0.202411081344/tools/bin/../lib/gcc/arm-none-eabi/13.3.1/thumb/v7e-m+fp/hard\libgcc.a
LOAD C:/ST/STM32CubeIDE_1.18.0/STM32CubeIDE/plugins/com.st.stm32cube.ide.mcu.externaltools.gnu-tools-for-stm32.13.3.rel1.win32_1.0.0.202411081344/tools/bin/../lib/gcc/arm-none-eabi/13.3.1/../../../../arm-none-eabi/lib/thumb/v7e-m+fp/hard\libc_nano.a
END GROUP
START GROUP
LOAD C:/ST/STM32CubeIDE_1.18.0/STM32CubeIDE/plugins/com.st.stm32cube.ide.mcu.externaltools.gnu-tools-for-stm32.13.3.rel1.win32_1.0.0.202411081344/tools/bin/../lib/gcc/arm-none-eabi/13.3.1/thumb/v7e-m+fp/hard\libgcc.a
LOAD C:/ST/STM32CubeIDE_1.18.0/STM32CubeIDE/plugins/com.st.stm32cube.ide.mcu.externaltools.gnu-tools-for-stm32.13.3.rel1.win32_1.0.0.202411081344/tools/bin/../lib/gcc/arm-none-eabi/13.3.1/../../../../arm-none-eabi/lib/thumb/v7e-m+fp/hard\libc_nano.a
LOAD C:/ST/STM32CubeIDE_1.18.0/STM32CubeIDE/plugins/com.st.stm32cube.ide.mcu.externaltools.gnu-tools-for-stm32.13.3.rel1.win32_1.0.0.202411081344/tools/bin/../lib/gcc/arm-none-eabi/13.3.1/../../../../arm-none-eabi/lib/thumb/v7e-m+fp/hard\libnosys.a
END GROUP
START GROUP
LOAD C:/ST/STM32CubeIDE_1.18.0/STM32CubeIDE/plugins/com.st.stm32cube.ide.mcu.externaltools.gnu-tools-for-stm32.13.3.rel1.win32_1.0.0.202411081344/tools/bin/../lib/gcc/arm-none-eabi/13.3.1/thumb/v7e-m+fp/hard\libgcc.a
LOAD C:/ST/STM32CubeIDE_1.18.0/STM32CubeIDE/plugins/com.st.stm32cube.ide.mcu.externaltools.gnu-tools-for-stm32.13.3.rel1.win32_1.0.0.202411081344/tools/bin/../lib/gcc/arm-none-eabi/13.3.1/../../../../arm-none-eabi/lib/thumb/v7e-m+fp/hard\libc_nano.a
LOAD C:/ST/STM32CubeIDE_1.18.0/STM32CubeIDE/plugins/com.st.stm32cube.ide.mcu.externaltools.gnu-tools-for-stm32.13.3.rel1.win32_1.0.0.202411081344/tools/bin/../lib/gcc/arm-none-eabi/13.3.1/../../../../arm-none-eabi/lib/thumb/v7e-m+fp/hard\libnosys.a
END GROUP
LOAD C:/ST/STM32CubeIDE_1.18.0/STM32CubeIDE/plugins/com.st.stm32cube.ide.mcu.externaltools.gnu-tools-for-stm32.13.3.rel1.win32_1.0.0.202411081344/tools/bin/../lib/gcc/arm-none-eabi/13.3.1/thumb/v7e-m+fp/hard/crtend.o
LOAD C:/ST/STM32CubeIDE_1.18.0/STM32CubeIDE/plugins/com.st.stm32cube.ide.mcu.externaltools.gnu-tools-for-stm32.13.3.rel1.win32_1.0.0.202411081344/tools/bin/../lib/gcc/arm-none-eabi/13.3.1/thumb/v7e-m+fp/hard/crtn.o
                0x20018000                        _estack = (ORIGIN (RAM) + LENGTH (RAM))
                0x00000200                        _Min_Heap_Size = 0x200
                0x00000800                        _Min_Stack_Size = 0x800

.isr_vector     0x08000000      0x194
                0x08000000                        . = ALIGN (0x4)
 *(.isr_vector)
 .isr_vector    0x08000000      0x194 ./Application/Startup/startup_stm32f401retx.o
                0x08000000                g_pfnVectors
                0x08000194                        . = ALIGN (0x4)

.text           0x080001a0     0x7e5c
                0x080001a0                        . = ALIGN (0x4)
 *(.text)
 .text          0x080001a0       0x40 C:/ST/STM32CubeIDE_1.18.0/STM32CubeIDE/plugins/com.st.stm32cube.ide.mcu.externaltools.gnu-tools-for-stm32.13.3.rel1.win32_1.0.0.202411081344/tools/bin/../lib/gcc/arm-none-eabi/13.3.1/thumb/v7e-m+fp/hard/crtbegin.o
 .text          0x080001e0       0xa0 C:/ST/STM32CubeIDE_1.18.0/STM32CubeIDE/plugins/com.st.stm32cube.ide.mcu.externaltools.gnu-tools-for-stm32.13.3.rel1.win32_1.0.0.202411081344/tools/bin/../lib/gcc/arm-none-eabi/13.3.1/../../../../arm-none-eabi/lib/thumb/v7e-m+fp/hard\libc_nano.a(libc_a-memchr.o)
                0x080001e0                memchr
 .text          0x08000280       0x30 C:/ST/STM32CubeIDE_1.18.0/STM32CubeIDE/plugins/com.st.stm32cube.ide.mcu.externaltools.gnu-tools-for-stm32.13.3.rel1.win32_1.0.0.202411081344/tools/bin/../lib/gcc/arm-none-eabi/13.3.1/thumb/v7e-m+fp/hard\libgcc.a(_aeabi_uldivmod.o)
                0x08000280                __aeabi_uldivmod
 .text          0x080002b0      0x2f8 C:/ST/STM32CubeIDE_1.18.0/STM32CubeIDE/plugins/com.st.stm32cube.ide.mcu.externaltools.gnu-tools-for-stm32.13.3.rel1.win32_1.0.0.202411081344/tools/bin/../lib/gcc/arm-none-eabi/13.3.1/thumb/v7e-m+fp/hard\libgcc.a(_udivmoddi4.o)
                0x080002b0                __udivmoddi4
 .text          0x080005a8        0x4 C:/ST/STM32CubeIDE_1.18.0/STM32CubeIDE/plugins/com.st.stm32cube.ide.mcu.externaltools.gnu-tools-for-stm32.13.3.rel1.win32_1.0.0.202411081344/tools/bin/../lib/gcc/arm-none-eabi/13.3.1/thumb/v7e-m+fp/hard\libgcc.a(_dvmd_tls.o)
                0x080005a8                __aeabi_idiv0
                0x080005a8                __aeabi_ldiv0
 *(.text*)
 .text.Reset_Handler
                0x080005ac       0x50 ./Application/Startup/startup_stm32f401retx.o
                0x080005ac                Reset_Handler
 .text.Default_Handler
                0x080005fc        0x2 ./Application/Startup/startup_stm32f401retx.o
                0x080005fc                RTC_Alarm_IRQHandler
                0x080005fc                EXTI2_IRQHandler
                0x080005fc                SPI4_IRQHandler
                0x080005fc                TIM1_CC_IRQHandler
                0x080005fc                DMA2_Stream5_IRQHandler
                0x080005fc                DMA1_Stream5_IRQHandler
                0x080005fc                PVD_IRQHandler
                0x080005fc                SDIO_IRQHandler
                0x080005fc                TAMP_STAMP_IRQHandler
                0x080005fc                EXTI3_IRQHandler
                0x080005fc                TIM1_UP_TIM10_IRQHandler
                0x080005fc                I2C3_ER_IRQHandler
                0x080005fc                EXTI0_IRQHandler
                0x080005fc                I2C2_EV_IRQHandler
                0x080005fc                DMA1_Stream2_IRQHandler
                0x080005fc                FPU_IRQHandler
                0x080005fc                DMA2_Stream2_IRQHandler
                0x080005fc                SPI1_IRQHandler
                0x080005fc                TIM1_BRK_TIM9_IRQHandler
                0x080005fc                DMA2_Stream3_IRQHandler
                0x080005fc                USART6_IRQHandler
                0x080005fc                DMA2_Stream0_IRQHandler
                0x080005fc                TIM4_IRQHandler
                0x080005fc                I2C1_EV_IRQHandler
                0x080005fc                DMA1_Stream6_IRQHandler
                0x080005fc                DMA1_Stream1_IRQHandler
                0x080005fc                TIM3_IRQHandler
                0x080005fc                RCC_IRQHandler
                0x080005fc                Default_Handler
                0x080005fc                EXTI15_10_IRQHandler
                0x080005fc                ADC_IRQHandler
                0x080005fc                DMA1_Stream7_IRQHandler
                0x080005fc                TIM5_IRQHandler
                0x080005fc                DMA2_Stream7_IRQHandler
                0x080005fc                I2C3_EV_IRQHandler
                0x080005fc                EXTI9_5_IRQHandler
                0x080005fc                RTC_WKUP_IRQHandler
                0x080005fc                SPI2_IRQHandler
                0x080005fc                DMA1_Stream0_IRQHandler
                0x080005fc                WWDG_IRQHandler
                0x080005fc                TIM2_IRQHandler
                0x080005fc                OTG_FS_WKUP_IRQHandler
                0x080005fc                TIM1_TRG_COM_TIM11_IRQHandler
                0x080005fc                EXTI1_IRQHandler
                0x080005fc                USART2_IRQHandler
                0x080005fc                I2C2_ER_IRQHandler
                0x080005fc                DMA2_Stream1_IRQHandler
                0x080005fc                FLASH_IRQHandler
                0x080005fc                DMA2_Stream4_IRQHandler
                0x080005fc                USART1_IRQHandler
                0x080005fc                OTG_FS_IRQHandler
                0x080005fc                SPI3_IRQHandler
                0x080005fc                DMA1_Stream4_IRQHandler
                0x080005fc                I2C1_ER_IRQHandler
                0x080005fc                DMA2_Stream6_IRQHandler
                0x080005fc                DMA1_Stream3_IRQHandler
 *fill*         0x080005fe        0x2 
 .text.send_gpio_pulses
                0x08000600       0x4c ./Application/User/app_tof.o
 .text.detect_gesture
                0x0800064c      0x1e0 ./Application/User/app_tof.o
 .text.process_gestures
                0x0800082c       0x74 ./Application/User/app_tof.o
 .text.MX_TOF_Init
                0x080008a0        0xc ./Application/User/app_tof.o
                0x080008a0                MX_TOF_Init
 .text.MX_TOF_Process
                0x080008ac        0xc ./Application/User/app_tof.o
                0x080008ac                MX_TOF_Process
 .text.MX_53L7A1_ThresholdDetection_Init
                0x080008b8       0x78 ./Application/User/app_tof.o
 .text.MX_53L7A1_ThresholdDetection_Process
                0x08000930       0xec ./Application/User/app_tof.o
 .text.HAL_GPIO_EXTI_Callback
                0x08000a1c       0x28 ./Application/User/app_tof_pin_conf.o
                0x08000a1c                HAL_GPIO_EXTI_Callback
 .text.main     0x08000a44       0x1a ./Application/User/main.o
                0x08000a44                main
 *fill*         0x08000a5e        0x2 
 .text.SystemClock_Config
                0x08000a60       0xd8 ./Application/User/main.o
                0x08000a60                SystemClock_Config
 .text.MX_GPIO_Init
                0x08000b38      0x13c ./Application/User/main.o
 .text.Error_Handler
                0x08000c74        0xc ./Application/User/main.o
                0x08000c74                Error_Handler
 .text.HAL_MspInit
                0x08000c80       0x50 ./Application/User/stm32f4xx_hal_msp.o
                0x08000c80                HAL_MspInit
 .text.NMI_Handler
                0x08000cd0        0x8 ./Application/User/stm32f4xx_it.o
                0x08000cd0                NMI_Handler
 .text.HardFault_Handler
                0x08000cd8        0x8 ./Application/User/stm32f4xx_it.o
                0x08000cd8                HardFault_Handler
 .text.MemManage_Handler
                0x08000ce0        0x8 ./Application/User/stm32f4xx_it.o
                0x08000ce0                MemManage_Handler
 .text.BusFault_Handler
                0x08000ce8        0x8 ./Application/User/stm32f4xx_it.o
                0x08000ce8                BusFault_Handler
 .text.UsageFault_Handler
                0x08000cf0        0x8 ./Application/User/stm32f4xx_it.o
                0x08000cf0                UsageFault_Handler
 .text.SVC_Handler
                0x08000cf8        0xe ./Application/User/stm32f4xx_it.o
                0x08000cf8                SVC_Handler
 .text.DebugMon_Handler
                0x08000d06        0xe ./Application/User/stm32f4xx_it.o
                0x08000d06                DebugMon_Handler
 .text.PendSV_Handler
                0x08000d14        0xe ./Application/User/stm32f4xx_it.o
                0x08000d14                PendSV_Handler
 .text.SysTick_Handler
                0x08000d22        0xc ./Application/User/stm32f4xx_it.o
                0x08000d22                SysTick_Handler
 .text.EXTI4_IRQHandler
                0x08000d2e        0xe ./Application/User/stm32f4xx_it.o
                0x08000d2e                EXTI4_IRQHandler
 .text.BSP_COM_Init
                0x08000d3c       0x7c ./Application/User/stm32f4xx_nucleo.o
                0x08000d3c                BSP_COM_Init
 .text.MX_USART2_UART_Init
                0x08000db8       0x5c ./Application/User/stm32f4xx_nucleo.o
                0x08000db8                MX_USART2_UART_Init
 .text.__io_putchar
                0x08000e14       0x38 ./Application/User/stm32f4xx_nucleo.o
                0x08000e14                __io_putchar
 .text.USART2_MspInit
                0x08000e4c       0x90 ./Application/User/stm32f4xx_nucleo.o
 .text.BSP_I2C1_Init
                0x08000edc       0x64 ./Application/User/stm32f4xx_nucleo_bus.o
                0x08000edc                BSP_I2C1_Init
 .text.BSP_I2C1_DeInit
                0x08000f40       0x50 ./Application/User/stm32f4xx_nucleo_bus.o
                0x08000f40                BSP_I2C1_DeInit
 .text.BSP_I2C1_WriteReg16
                0x08000f90       0x64 ./Application/User/stm32f4xx_nucleo_bus.o
                0x08000f90                BSP_I2C1_WriteReg16
 .text.BSP_I2C1_ReadReg16
                0x08000ff4       0x64 ./Application/User/stm32f4xx_nucleo_bus.o
                0x08000ff4                BSP_I2C1_ReadReg16
 .text.BSP_GetTick
                0x08001058        0xe ./Application/User/stm32f4xx_nucleo_bus.o
                0x08001058                BSP_GetTick
 *fill*         0x08001066        0x2 
 .text.MX_I2C1_Init
                0x08001068       0x68 ./Application/User/stm32f4xx_nucleo_bus.o
                0x08001068                MX_I2C1_Init
 .text.I2C1_MspInit
                0x080010d0       0x94 ./Application/User/stm32f4xx_nucleo_bus.o
 .text.I2C1_MspDeInit
                0x08001164       0x38 ./Application/User/stm32f4xx_nucleo_bus.o
 .text._read    0x0800119c       0x3a ./Application/User/syscalls.o
                0x0800119c                _read
 .text._write   0x080011d6       0x38 ./Application/User/syscalls.o
                0x080011d6                _write
 .text._close   0x0800120e       0x18 ./Application/User/syscalls.o
                0x0800120e                _close
 .text._fstat   0x08001226       0x20 ./Application/User/syscalls.o
                0x08001226                _fstat
 .text._isatty  0x08001246       0x16 ./Application/User/syscalls.o
                0x08001246                _isatty
 .text._lseek   0x0800125c       0x1a ./Application/User/syscalls.o
                0x0800125c                _lseek
 *fill*         0x08001276        0x2 
 .text._sbrk    0x08001278       0x6c ./Application/User/sysmem.o
                0x08001278                _sbrk
 .text.VL53L7A1_RANGING_SENSOR_Init
                0x080012e4       0x28 ./Drivers/BSP/53L7A1/53l7a1_ranging_sensor.o
                0x080012e4                VL53L7A1_RANGING_SENSOR_Init
 .text.VL53L7A1_RANGING_SENSOR_ReadID
                0x0800130c       0x50 ./Drivers/BSP/53L7A1/53l7a1_ranging_sensor.o
                0x0800130c                VL53L7A1_RANGING_SENSOR_ReadID
 .text.VL53L7A1_RANGING_SENSOR_GetCapabilities
                0x0800135c       0x50 ./Drivers/BSP/53L7A1/53l7a1_ranging_sensor.o
                0x0800135c                VL53L7A1_RANGING_SENSOR_GetCapabilities
 .text.VL53L7A1_RANGING_SENSOR_ConfigProfile
                0x080013ac       0x50 ./Drivers/BSP/53L7A1/53l7a1_ranging_sensor.o
                0x080013ac                VL53L7A1_RANGING_SENSOR_ConfigProfile
 .text.VL53L7A1_RANGING_SENSOR_ConfigIT
                0x080013fc       0x50 ./Drivers/BSP/53L7A1/53l7a1_ranging_sensor.o
                0x080013fc                VL53L7A1_RANGING_SENSOR_ConfigIT
 .text.VL53L7A1_RANGING_SENSOR_GetDistance
                0x0800144c       0x50 ./Drivers/BSP/53L7A1/53l7a1_ranging_sensor.o
                0x0800144c                VL53L7A1_RANGING_SENSOR_GetDistance
 .text.VL53L7A1_RANGING_SENSOR_Start
                0x0800149c       0x50 ./Drivers/BSP/53L7A1/53l7a1_ranging_sensor.o
                0x0800149c                VL53L7A1_RANGING_SENSOR_Start
 .text.VL53L7CX_Probe
                0x080014ec      0x118 ./Drivers/BSP/53L7A1/53l7a1_ranging_sensor.o
 .text.VL53L7CX_RdByte
                0x08001604       0x2a ./Drivers/BSP/Components/platform.o
                0x08001604                VL53L7CX_RdByte
 .text.VL53L7CX_WrByte
                0x0800162e       0x2c ./Drivers/BSP/Components/platform.o
                0x0800162e                VL53L7CX_WrByte
 .text.VL53L7CX_WrMulti
                0x0800165a       0x2e ./Drivers/BSP/Components/platform.o
                0x0800165a                VL53L7CX_WrMulti
 .text.VL53L7CX_RdMulti
                0x08001688       0x2e ./Drivers/BSP/Components/platform.o
                0x08001688                VL53L7CX_RdMulti
 .text.VL53L7CX_SwapBuffer
                0x080016b6       0x6c ./Drivers/BSP/Components/platform.o
                0x080016b6                VL53L7CX_SwapBuffer
 .text.VL53L7CX_WaitMs
                0x08001722       0x34 ./Drivers/BSP/Components/platform.o
                0x08001722                VL53L7CX_WaitMs
 .text.VL53L7CX_RegisterBusIO
                0x08001756       0x90 ./Drivers/BSP/Components/vl53l7cx.o
                0x08001756                VL53L7CX_RegisterBusIO
 .text.VL53L7CX_Init
                0x080017e6       0x7e ./Drivers/BSP/Components/vl53l7cx.o
                0x080017e6                VL53L7CX_Init
 .text.VL53L7CX_DeInit
                0x08001864       0x52 ./Drivers/BSP/Components/vl53l7cx.o
                0x08001864                VL53L7CX_DeInit
 .text.VL53L7CX_ReadID
                0x080018b6       0xc0 ./Drivers/BSP/Components/vl53l7cx.o
                0x080018b6                VL53L7CX_ReadID
 .text.VL53L7CX_GetCapabilities
                0x08001976       0x48 ./Drivers/BSP/Components/vl53l7cx.o
                0x08001976                VL53L7CX_GetCapabilities
 *fill*         0x080019be        0x2 
 .text.VL53L7CX_ConfigProfile
                0x080019c0      0x13c ./Drivers/BSP/Components/vl53l7cx.o
                0x080019c0                VL53L7CX_ConfigProfile
 .text.VL53L7CX_ConfigROI
                0x08001afc       0x1a ./Drivers/BSP/Components/vl53l7cx.o
                0x08001afc                VL53L7CX_ConfigROI
 *fill*         0x08001b16        0x2 
 .text.VL53L7CX_ConfigIT
                0x08001b18      0x170 ./Drivers/BSP/Components/vl53l7cx.o
                0x08001b18                VL53L7CX_ConfigIT
 .text.VL53L7CX_GetDistance
                0x08001c88       0x74 ./Drivers/BSP/Components/vl53l7cx.o
                0x08001c88                VL53L7CX_GetDistance
 .text.VL53L7CX_Start
                0x08001cfc       0xbc ./Drivers/BSP/Components/vl53l7cx.o
                0x08001cfc                VL53L7CX_Start
 .text.VL53L7CX_Stop
                0x08001db8       0x56 ./Drivers/BSP/Components/vl53l7cx.o
                0x08001db8                VL53L7CX_Stop
 .text.VL53L7CX_SetAddress
                0x08001e0e       0x4e ./Drivers/BSP/Components/vl53l7cx.o
                0x08001e0e                VL53L7CX_SetAddress
 .text.VL53L7CX_GetAddress
                0x08001e5c       0x3a ./Drivers/BSP/Components/vl53l7cx.o
                0x08001e5c                VL53L7CX_GetAddress
 .text.VL53L7CX_SetPowerMode
                0x08001e96       0x58 ./Drivers/BSP/Components/vl53l7cx.o
                0x08001e96                VL53L7CX_SetPowerMode
 .text.VL53L7CX_GetPowerMode
                0x08001eee       0x58 ./Drivers/BSP/Components/vl53l7cx.o
                0x08001eee                VL53L7CX_GetPowerMode
 .text.vl53l7cx_poll_for_measurement
                0x08001f46       0x66 ./Drivers/BSP/Components/vl53l7cx.o
 .text.vl53l7cx_get_result
                0x08001fac      0x1cc ./Drivers/BSP/Components/vl53l7cx.o
 .text.vl53l7cx_map_target_status
                0x08002178       0x3a ./Drivers/BSP/Components/vl53l7cx.o
 .text._vl53l7cx_poll_for_answer
                0x080021b2       0xa0 ./Drivers/BSP/Components/vl53l7cx_api.o
 .text._vl53l7cx_poll_for_mcu_boot
                0x08002252       0x82 ./Drivers/BSP/Components/vl53l7cx_api.o
 .text._vl53l7cx_send_offset_data
                0x080022d4      0x398 ./Drivers/BSP/Components/vl53l7cx_api.o
 .text._vl53l7cx_send_xtalk_data
                0x0800266c      0x298 ./Drivers/BSP/Components/vl53l7cx_api.o
 .text.vl53l7cx_init
                0x08002904      0x8d8 ./Drivers/BSP/Components/vl53l7cx_api.o
                0x08002904                vl53l7cx_init
 .text.vl53l7cx_set_i2c_address
                0x080031dc       0x6c ./Drivers/BSP/Components/vl53l7cx_api.o
                0x080031dc                vl53l7cx_set_i2c_address
 .text.vl53l7cx_get_power_mode
                0x08003248       0x86 ./Drivers/BSP/Components/vl53l7cx_api.o
                0x08003248                vl53l7cx_get_power_mode
 .text.vl53l7cx_set_power_mode
                0x080032ce       0xfc ./Drivers/BSP/Components/vl53l7cx_api.o
                0x080032ce                vl53l7cx_set_power_mode
 *fill*         0x080033ca        0x2 
 .text.vl53l7cx_start_ranging
                0x080033cc      0x2f4 ./Drivers/BSP/Components/vl53l7cx_api.o
                0x080033cc                vl53l7cx_start_ranging
 .text.vl53l7cx_stop_ranging
                0x080036c0      0x1a0 ./Drivers/BSP/Components/vl53l7cx_api.o
                0x080036c0                vl53l7cx_stop_ranging
 .text.vl53l7cx_check_data_ready
                0x08003860       0xa0 ./Drivers/BSP/Components/vl53l7cx_api.o
                0x08003860                vl53l7cx_check_data_ready
 .text.vl53l7cx_get_ranging_data
                0x08003900      0x434 ./Drivers/BSP/Components/vl53l7cx_api.o
                0x08003900                vl53l7cx_get_ranging_data
 .text.vl53l7cx_get_resolution
                0x08003d34       0x4a ./Drivers/BSP/Components/vl53l7cx_api.o
                0x08003d34                vl53l7cx_get_resolution
 .text.vl53l7cx_set_resolution
                0x08003d7e      0x1a8 ./Drivers/BSP/Components/vl53l7cx_api.o
                0x08003d7e                vl53l7cx_set_resolution
 .text.vl53l7cx_set_ranging_frequency_hz
                0x08003f26       0x42 ./Drivers/BSP/Components/vl53l7cx_api.o
                0x08003f26                vl53l7cx_set_ranging_frequency_hz
 .text.vl53l7cx_set_integration_time_ms
                0x08003f68       0x6a ./Drivers/BSP/Components/vl53l7cx_api.o
                0x08003f68                vl53l7cx_set_integration_time_ms
 .text.vl53l7cx_set_ranging_mode
                0x08003fd2       0xae ./Drivers/BSP/Components/vl53l7cx_api.o
                0x08003fd2                vl53l7cx_set_ranging_mode
 .text.vl53l7cx_dci_read_data
                0x08004080      0x114 ./Drivers/BSP/Components/vl53l7cx_api.o
                0x08004080                vl53l7cx_dci_read_data
 .text.vl53l7cx_dci_write_data
                0x08004194      0x13c ./Drivers/BSP/Components/vl53l7cx_api.o
                0x08004194                vl53l7cx_dci_write_data
 .text.vl53l7cx_dci_replace_data
                0x080042d0       0x58 ./Drivers/BSP/Components/vl53l7cx_api.o
                0x080042d0                vl53l7cx_dci_replace_data
 .text.vl53l7cx_set_detection_thresholds_enable
                0x08004328       0x8c ./Drivers/BSP/Components/vl53l7cx_plugin_detection_thresholds.o
                0x08004328                vl53l7cx_set_detection_thresholds_enable
 .text.vl53l7cx_set_detection_thresholds
                0x080043b4      0x2b0 ./Drivers/BSP/Components/vl53l7cx_plugin_detection_thresholds.o
                0x080043b4                vl53l7cx_set_detection_thresholds
 .text.SystemInit
                0x08004664       0x24 ./Drivers/CMSIS/system_stm32f4xx.o
                0x08004664                SystemInit
 .text.HAL_Init
                0x08004688       0x44 ./Drivers/STM32F4xx_HAL_Driver/stm32f4xx_hal.o
                0x08004688                HAL_Init
 .text.HAL_InitTick
                0x080046cc       0x60 ./Drivers/STM32F4xx_HAL_Driver/stm32f4xx_hal.o
                0x080046cc                HAL_InitTick
 .text.HAL_IncTick
                0x0800472c       0x28 ./Drivers/STM32F4xx_HAL_Driver/stm32f4xx_hal.o
                0x0800472c                HAL_IncTick
 .text.HAL_GetTick
                0x08004754       0x18 ./Drivers/STM32F4xx_HAL_Driver/stm32f4xx_hal.o
                0x08004754                HAL_GetTick
 .text.HAL_Delay
                0x0800476c       0x48 ./Drivers/STM32F4xx_HAL_Driver/stm32f4xx_hal.o
                0x0800476c                HAL_Delay
 .text.__NVIC_SetPriorityGrouping
                0x080047b4       0x48 ./Drivers/STM32F4xx_HAL_Driver/stm32f4xx_hal_cortex.o
 .text.__NVIC_GetPriorityGrouping
                0x080047fc       0x1c ./Drivers/STM32F4xx_HAL_Driver/stm32f4xx_hal_cortex.o
 .text.__NVIC_EnableIRQ
                0x08004818       0x3c ./Drivers/STM32F4xx_HAL_Driver/stm32f4xx_hal_cortex.o
 .text.__NVIC_SetPriority
                0x08004854       0x54 ./Drivers/STM32F4xx_HAL_Driver/stm32f4xx_hal_cortex.o
 .text.NVIC_EncodePriority
                0x080048a8       0x66 ./Drivers/STM32F4xx_HAL_Driver/stm32f4xx_hal_cortex.o
 *fill*         0x0800490e        0x2 
 .text.SysTick_Config
                0x08004910       0x44 ./Drivers/STM32F4xx_HAL_Driver/stm32f4xx_hal_cortex.o
 .text.HAL_NVIC_SetPriorityGrouping
                0x08004954       0x16 ./Drivers/STM32F4xx_HAL_Driver/stm32f4xx_hal_cortex.o
                0x08004954                HAL_NVIC_SetPriorityGrouping
 .text.HAL_NVIC_SetPriority
                0x0800496a       0x38 ./Drivers/STM32F4xx_HAL_Driver/stm32f4xx_hal_cortex.o
                0x0800496a                HAL_NVIC_SetPriority
 .text.HAL_NVIC_EnableIRQ
                0x080049a2       0x1c ./Drivers/STM32F4xx_HAL_Driver/stm32f4xx_hal_cortex.o
                0x080049a2                HAL_NVIC_EnableIRQ
 .text.HAL_SYSTICK_Config
                0x080049be       0x18 ./Drivers/STM32F4xx_HAL_Driver/stm32f4xx_hal_cortex.o
                0x080049be                HAL_SYSTICK_Config
 *fill*         0x080049d6        0x2 
 .text.HAL_GPIO_Init
                0x080049d8      0x308 ./Drivers/STM32F4xx_HAL_Driver/stm32f4xx_hal_gpio.o
                0x080049d8                HAL_GPIO_Init
 .text.HAL_GPIO_DeInit
                0x08004ce0      0x1c8 ./Drivers/STM32F4xx_HAL_Driver/stm32f4xx_hal_gpio.o
                0x08004ce0                HAL_GPIO_DeInit
 .text.HAL_GPIO_WritePin
                0x08004ea8       0x32 ./Drivers/STM32F4xx_HAL_Driver/stm32f4xx_hal_gpio.o
                0x08004ea8                HAL_GPIO_WritePin
 *fill*         0x08004eda        0x2 
 .text.HAL_GPIO_EXTI_IRQHandler
                0x08004edc       0x30 ./Drivers/STM32F4xx_HAL_Driver/stm32f4xx_hal_gpio.o
                0x08004edc                HAL_GPIO_EXTI_IRQHandler
 .text.HAL_I2C_Init
                0x08004f0c      0x288 ./Drivers/STM32F4xx_HAL_Driver/stm32f4xx_hal_i2c.o
                0x08004f0c                HAL_I2C_Init
 .text.HAL_I2C_DeInit
                0x08005194       0x5e ./Drivers/STM32F4xx_HAL_Driver/stm32f4xx_hal_i2c.o
                0x08005194                HAL_I2C_DeInit
 .text.HAL_I2C_MspInit
                0x080051f2       0x14 ./Drivers/STM32F4xx_HAL_Driver/stm32f4xx_hal_i2c.o
                0x080051f2                HAL_I2C_MspInit
 .text.HAL_I2C_MspDeInit
                0x08005206       0x14 ./Drivers/STM32F4xx_HAL_Driver/stm32f4xx_hal_i2c.o
                0x08005206                HAL_I2C_MspDeInit
 *fill*         0x0800521a        0x2 
 .text.HAL_I2C_Mem_Write
                0x0800521c      0x1f4 ./Drivers/STM32F4xx_HAL_Driver/stm32f4xx_hal_i2c.o
                0x0800521c                HAL_I2C_Mem_Write
 .text.HAL_I2C_Mem_Read
                0x08005410      0x464 ./Drivers/STM32F4xx_HAL_Driver/stm32f4xx_hal_i2c.o
                0x08005410                HAL_I2C_Mem_Read
 .text.HAL_I2C_GetState
                0x08005874       0x1c ./Drivers/STM32F4xx_HAL_Driver/stm32f4xx_hal_i2c.o
                0x08005874                HAL_I2C_GetState
 .text.HAL_I2C_GetError
                0x08005890       0x18 ./Drivers/STM32F4xx_HAL_Driver/stm32f4xx_hal_i2c.o
                0x08005890                HAL_I2C_GetError
 .text.I2C_RequestMemoryWrite
                0x080058a8      0x12c ./Drivers/STM32F4xx_HAL_Driver/stm32f4xx_hal_i2c.o
 .text.I2C_RequestMemoryRead
                0x080059d4      0x1d0 ./Drivers/STM32F4xx_HAL_Driver/stm32f4xx_hal_i2c.o
 .text.I2C_WaitOnFlagUntilTimeout
                0x08005ba4       0xf4 ./Drivers/STM32F4xx_HAL_Driver/stm32f4xx_hal_i2c.o
 .text.I2C_WaitOnMasterAddressFlagUntilTimeout
                0x08005c98      0x140 ./Drivers/STM32F4xx_HAL_Driver/stm32f4xx_hal_i2c.o
 .text.I2C_WaitOnTXEFlagUntilTimeout
                0x08005dd8       0x90 ./Drivers/STM32F4xx_HAL_Driver/stm32f4xx_hal_i2c.o
 .text.I2C_WaitOnBTFFlagUntilTimeout
                0x08005e68       0x90 ./Drivers/STM32F4xx_HAL_Driver/stm32f4xx_hal_i2c.o
 .text.I2C_WaitOnRXNEFlagUntilTimeout
                0x08005ef8       0xba ./Drivers/STM32F4xx_HAL_Driver/stm32f4xx_hal_i2c.o
 .text.I2C_IsAcknowledgeFailed
                0x08005fb2       0x5e ./Drivers/STM32F4xx_HAL_Driver/stm32f4xx_hal_i2c.o
 .text.HAL_RCC_OscConfig
                0x08006010      0x4f0 ./Drivers/STM32F4xx_HAL_Driver/stm32f4xx_hal_rcc.o
                0x08006010                HAL_RCC_OscConfig
 .text.HAL_RCC_ClockConfig
                0x08006500      0x1cc ./Drivers/STM32F4xx_HAL_Driver/stm32f4xx_hal_rcc.o
                0x08006500                HAL_RCC_ClockConfig
 .text.HAL_RCC_GetSysClockFreq
                0x080066cc      0x20c ./Drivers/STM32F4xx_HAL_Driver/stm32f4xx_hal_rcc.o
                0x080066cc                HAL_RCC_GetSysClockFreq
 .text.HAL_RCC_GetHCLKFreq
                0x080068d8       0x18 ./Drivers/STM32F4xx_HAL_Driver/stm32f4xx_hal_rcc.o
                0x080068d8                HAL_RCC_GetHCLKFreq
 .text.HAL_RCC_GetPCLK1Freq
                0x080068f0       0x28 ./Drivers/STM32F4xx_HAL_Driver/stm32f4xx_hal_rcc.o
                0x080068f0                HAL_RCC_GetPCLK1Freq
 .text.HAL_RCC_GetPCLK2Freq
                0x08006918       0x28 ./Drivers/STM32F4xx_HAL_Driver/stm32f4xx_hal_rcc.o
                0x08006918                HAL_RCC_GetPCLK2Freq
 .text.HAL_UART_Init
                0x08006940       0xa0 ./Drivers/STM32F4xx_HAL_Driver/stm32f4xx_hal_uart.o
                0x08006940                HAL_UART_Init
 .text.HAL_UART_MspInit
                0x080069e0       0x14 ./Drivers/STM32F4xx_HAL_Driver/stm32f4xx_hal_uart.o
                0x080069e0                HAL_UART_MspInit
 .text.HAL_UART_Transmit
                0x080069f4      0x116 ./Drivers/STM32F4xx_HAL_Driver/stm32f4xx_hal_uart.o
                0x080069f4                HAL_UART_Transmit
 .text.UART_WaitOnFlagUntilTimeout
                0x08006b0a       0xb2 ./Drivers/STM32F4xx_HAL_Driver/stm32f4xx_hal_uart.o
 .text.UART_EndRxTransfer
                0x08006bbc       0xc6 ./Drivers/STM32F4xx_HAL_Driver/stm32f4xx_hal_uart.o
 *fill*         0x08006c82        0x2 
 .text.UART_SetConfig
                0x08006c84      0x4e8 ./Drivers/STM32F4xx_HAL_Driver/stm32f4xx_hal_uart.o
 .text.std      0x0800716c       0x6c C:/ST/STM32CubeIDE_1.18.0/STM32CubeIDE/plugins/com.st.stm32cube.ide.mcu.externaltools.gnu-tools-for-stm32.13.3.rel1.win32_1.0.0.202411081344/tools/bin/../lib/gcc/arm-none-eabi/13.3.1/../../../../arm-none-eabi/lib/thumb/v7e-m+fp/hard\libc_nano.a(libc_a-findfp.o)
 .text.stdio_exit_handler
                0x080071d8       0x18 C:/ST/STM32CubeIDE_1.18.0/STM32CubeIDE/plugins/com.st.stm32cube.ide.mcu.externaltools.gnu-tools-for-stm32.13.3.rel1.win32_1.0.0.202411081344/tools/bin/../lib/gcc/arm-none-eabi/13.3.1/../../../../arm-none-eabi/lib/thumb/v7e-m+fp/hard\libc_nano.a(libc_a-findfp.o)
 .text.cleanup_stdio
                0x080071f0       0x40 C:/ST/STM32CubeIDE_1.18.0/STM32CubeIDE/plugins/com.st.stm32cube.ide.mcu.externaltools.gnu-tools-for-stm32.13.3.rel1.win32_1.0.0.202411081344/tools/bin/../lib/gcc/arm-none-eabi/13.3.1/../../../../arm-none-eabi/lib/thumb/v7e-m+fp/hard\libc_nano.a(libc_a-findfp.o)
 .text.global_stdio_init.part.0
                0x08007230       0x3c C:/ST/STM32CubeIDE_1.18.0/STM32CubeIDE/plugins/com.st.stm32cube.ide.mcu.externaltools.gnu-tools-for-stm32.13.3.rel1.win32_1.0.0.202411081344/tools/bin/../lib/gcc/arm-none-eabi/13.3.1/../../../../arm-none-eabi/lib/thumb/v7e-m+fp/hard\libc_nano.a(libc_a-findfp.o)
 .text.__sfp_lock_acquire
                0x0800726c        0xc C:/ST/STM32CubeIDE_1.18.0/STM32CubeIDE/plugins/com.st.stm32cube.ide.mcu.externaltools.gnu-tools-for-stm32.13.3.rel1.win32_1.0.0.202411081344/tools/bin/../lib/gcc/arm-none-eabi/13.3.1/../../../../arm-none-eabi/lib/thumb/v7e-m+fp/hard\libc_nano.a(libc_a-findfp.o)
                0x0800726c                __sfp_lock_acquire
 .text.__sfp_lock_release
                0x08007278        0xc C:/ST/STM32CubeIDE_1.18.0/STM32CubeIDE/plugins/com.st.stm32cube.ide.mcu.externaltools.gnu-tools-for-stm32.13.3.rel1.win32_1.0.0.202411081344/tools/bin/../lib/gcc/arm-none-eabi/13.3.1/../../../../arm-none-eabi/lib/thumb/v7e-m+fp/hard\libc_nano.a(libc_a-findfp.o)
                0x08007278                __sfp_lock_release
 .text.__sinit  0x08007284       0x30 C:/ST/STM32CubeIDE_1.18.0/STM32CubeIDE/plugins/com.st.stm32cube.ide.mcu.externaltools.gnu-tools-for-stm32.13.3.rel1.win32_1.0.0.202411081344/tools/bin/../lib/gcc/arm-none-eabi/13.3.1/../../../../arm-none-eabi/lib/thumb/v7e-m+fp/hard\libc_nano.a(libc_a-findfp.o)
                0x08007284                __sinit
 .text._fwalk_sglue
                0x080072b4       0x3c C:/ST/STM32CubeIDE_1.18.0/STM32CubeIDE/plugins/com.st.stm32cube.ide.mcu.externaltools.gnu-tools-for-stm32.13.3.rel1.win32_1.0.0.202411081344/tools/bin/../lib/gcc/arm-none-eabi/13.3.1/../../../../arm-none-eabi/lib/thumb/v7e-m+fp/hard\libc_nano.a(libc_a-fwalk.o)
                0x080072b4                _fwalk_sglue
 .text.printf   0x080072f0       0x24 C:/ST/STM32CubeIDE_1.18.0/STM32CubeIDE/plugins/com.st.stm32cube.ide.mcu.externaltools.gnu-tools-for-stm32.13.3.rel1.win32_1.0.0.202411081344/tools/bin/../lib/gcc/arm-none-eabi/13.3.1/../../../../arm-none-eabi/lib/thumb/v7e-m+fp/hard\libc_nano.a(libc_a-printf.o)
                0x080072f0                iprintf
                0x080072f0                printf
 .text.__sread  0x08007314       0x22 C:/ST/STM32CubeIDE_1.18.0/STM32CubeIDE/plugins/com.st.stm32cube.ide.mcu.externaltools.gnu-tools-for-stm32.13.3.rel1.win32_1.0.0.202411081344/tools/bin/../lib/gcc/arm-none-eabi/13.3.1/../../../../arm-none-eabi/lib/thumb/v7e-m+fp/hard\libc_nano.a(libc_a-stdio.o)
                0x08007314                __sread
 .text.__swrite
                0x08007336       0x38 C:/ST/STM32CubeIDE_1.18.0/STM32CubeIDE/plugins/com.st.stm32cube.ide.mcu.externaltools.gnu-tools-for-stm32.13.3.rel1.win32_1.0.0.202411081344/tools/bin/../lib/gcc/arm-none-eabi/13.3.1/../../../../arm-none-eabi/lib/thumb/v7e-m+fp/hard\libc_nano.a(libc_a-stdio.o)
                0x08007336                __swrite
 .text.__sseek  0x0800736e       0x24 C:/ST/STM32CubeIDE_1.18.0/STM32CubeIDE/plugins/com.st.stm32cube.ide.mcu.externaltools.gnu-tools-for-stm32.13.3.rel1.win32_1.0.0.202411081344/tools/bin/../lib/gcc/arm-none-eabi/13.3.1/../../../../arm-none-eabi/lib/thumb/v7e-m+fp/hard\libc_nano.a(libc_a-stdio.o)
                0x0800736e                __sseek
 .text.__sclose
                0x08007392        0x8 C:/ST/STM32CubeIDE_1.18.0/STM32CubeIDE/plugins/com.st.stm32cube.ide.mcu.externaltools.gnu-tools-for-stm32.13.3.rel1.win32_1.0.0.202411081344/tools/bin/../lib/gcc/arm-none-eabi/13.3.1/../../../../arm-none-eabi/lib/thumb/v7e-m+fp/hard\libc_nano.a(libc_a-stdio.o)
                0x08007392                __sclose
 .text.memset   0x0800739a       0x10 C:/ST/STM32CubeIDE_1.18.0/STM32CubeIDE/plugins/com.st.stm32cube.ide.mcu.externaltools.gnu-tools-for-stm32.13.3.rel1.win32_1.0.0.202411081344/tools/bin/../lib/gcc/arm-none-eabi/13.3.1/../../../../arm-none-eabi/lib/thumb/v7e-m+fp/hard\libc_nano.a(libc_a-memset.o)
                0x0800739a                memset
 *fill*         0x080073aa        0x2 
 .text._close_r
                0x080073ac       0x20 C:/ST/STM32CubeIDE_1.18.0/STM32CubeIDE/plugins/com.st.stm32cube.ide.mcu.externaltools.gnu-tools-for-stm32.13.3.rel1.win32_1.0.0.202411081344/tools/bin/../lib/gcc/arm-none-eabi/13.3.1/../../../../arm-none-eabi/lib/thumb/v7e-m+fp/hard\libc_nano.a(libc_a-closer.o)
                0x080073ac                _close_r
 .text._lseek_r
                0x080073cc       0x24 C:/ST/STM32CubeIDE_1.18.0/STM32CubeIDE/plugins/com.st.stm32cube.ide.mcu.externaltools.gnu-tools-for-stm32.13.3.rel1.win32_1.0.0.202411081344/tools/bin/../lib/gcc/arm-none-eabi/13.3.1/../../../../arm-none-eabi/lib/thumb/v7e-m+fp/hard\libc_nano.a(libc_a-lseekr.o)
                0x080073cc                _lseek_r
 .text._read_r  0x080073f0       0x24 C:/ST/STM32CubeIDE_1.18.0/STM32CubeIDE/plugins/com.st.stm32cube.ide.mcu.externaltools.gnu-tools-for-stm32.13.3.rel1.win32_1.0.0.202411081344/tools/bin/../lib/gcc/arm-none-eabi/13.3.1/../../../../arm-none-eabi/lib/thumb/v7e-m+fp/hard\libc_nano.a(libc_a-readr.o)
                0x080073f0                _read_r
 .text._write_r
                0x08007414       0x24 C:/ST/STM32CubeIDE_1.18.0/STM32CubeIDE/plugins/com.st.stm32cube.ide.mcu.externaltools.gnu-tools-for-stm32.13.3.rel1.win32_1.0.0.202411081344/tools/bin/../lib/gcc/arm-none-eabi/13.3.1/../../../../arm-none-eabi/lib/thumb/v7e-m+fp/hard\libc_nano.a(libc_a-writer.o)
                0x08007414                _write_r
 .text.__errno  0x08007438        0xc C:/ST/STM32CubeIDE_1.18.0/STM32CubeIDE/plugins/com.st.stm32cube.ide.mcu.externaltools.gnu-tools-for-stm32.13.3.rel1.win32_1.0.0.202411081344/tools/bin/../lib/gcc/arm-none-eabi/13.3.1/../../../../arm-none-eabi/lib/thumb/v7e-m+fp/hard\libc_nano.a(libc_a-errno.o)
                0x08007438                __errno
 .text.__libc_init_array
                0x08007444       0x48 C:/ST/STM32CubeIDE_1.18.0/STM32CubeIDE/plugins/com.st.stm32cube.ide.mcu.externaltools.gnu-tools-for-stm32.13.3.rel1.win32_1.0.0.202411081344/tools/bin/../lib/gcc/arm-none-eabi/13.3.1/../../../../arm-none-eabi/lib/thumb/v7e-m+fp/hard\libc_nano.a(libc_a-init.o)
                0x08007444                __libc_init_array
 .text.__retarget_lock_init_recursive
                0x0800748c        0x2 C:/ST/STM32CubeIDE_1.18.0/STM32CubeIDE/plugins/com.st.stm32cube.ide.mcu.externaltools.gnu-tools-for-stm32.13.3.rel1.win32_1.0.0.202411081344/tools/bin/../lib/gcc/arm-none-eabi/13.3.1/../../../../arm-none-eabi/lib/thumb/v7e-m+fp/hard\libc_nano.a(libc_a-lock.o)
                0x0800748c                __retarget_lock_init_recursive
 .text.__retarget_lock_acquire_recursive
                0x0800748e        0x2 C:/ST/STM32CubeIDE_1.18.0/STM32CubeIDE/plugins/com.st.stm32cube.ide.mcu.externaltools.gnu-tools-for-stm32.13.3.rel1.win32_1.0.0.202411081344/tools/bin/../lib/gcc/arm-none-eabi/13.3.1/../../../../arm-none-eabi/lib/thumb/v7e-m+fp/hard\libc_nano.a(libc_a-lock.o)
                0x0800748e                __retarget_lock_acquire_recursive
 .text.__retarget_lock_release_recursive
                0x08007490        0x2 C:/ST/STM32CubeIDE_1.18.0/STM32CubeIDE/plugins/com.st.stm32cube.ide.mcu.externaltools.gnu-tools-for-stm32.13.3.rel1.win32_1.0.0.202411081344/tools/bin/../lib/gcc/arm-none-eabi/13.3.1/../../../../arm-none-eabi/lib/thumb/v7e-m+fp/hard\libc_nano.a(libc_a-lock.o)
                0x08007490                __retarget_lock_release_recursive
 .text.memcpy   0x08007492       0x1c C:/ST/STM32CubeIDE_1.18.0/STM32CubeIDE/plugins/com.st.stm32cube.ide.mcu.externaltools.gnu-tools-for-stm32.13.3.rel1.win32_1.0.0.202411081344/tools/bin/../lib/gcc/arm-none-eabi/13.3.1/../../../../arm-none-eabi/lib/thumb/v7e-m+fp/hard\libc_nano.a(libc_a-memcpy-stub.o)
                0x08007492                memcpy
 *fill*         0x080074ae        0x2 
 .text._free_r  0x080074b0       0x94 C:/ST/STM32CubeIDE_1.18.0/STM32CubeIDE/plugins/com.st.stm32cube.ide.mcu.externaltools.gnu-tools-for-stm32.13.3.rel1.win32_1.0.0.202411081344/tools/bin/../lib/gcc/arm-none-eabi/13.3.1/../../../../arm-none-eabi/lib/thumb/v7e-m+fp/hard\libc_nano.a(libc_a-freer.o)
                0x080074b0                _free_r
 .text.sbrk_aligned
                0x08007544       0x44 C:/ST/STM32CubeIDE_1.18.0/STM32CubeIDE/plugins/com.st.stm32cube.ide.mcu.externaltools.gnu-tools-for-stm32.13.3.rel1.win32_1.0.0.202411081344/tools/bin/../lib/gcc/arm-none-eabi/13.3.1/../../../../arm-none-eabi/lib/thumb/v7e-m+fp/hard\libc_nano.a(libc_a-mallocr.o)
 .text._malloc_r
                0x08007588      0x100 C:/ST/STM32CubeIDE_1.18.0/STM32CubeIDE/plugins/com.st.stm32cube.ide.mcu.externaltools.gnu-tools-for-stm32.13.3.rel1.win32_1.0.0.202411081344/tools/bin/../lib/gcc/arm-none-eabi/13.3.1/../../../../arm-none-eabi/lib/thumb/v7e-m+fp/hard\libc_nano.a(libc_a-mallocr.o)
                0x08007588                _malloc_r
 .text.__malloc_lock
                0x08007688        0xc C:/ST/STM32CubeIDE_1.18.0/STM32CubeIDE/plugins/com.st.stm32cube.ide.mcu.externaltools.gnu-tools-for-stm32.13.3.rel1.win32_1.0.0.202411081344/tools/bin/../lib/gcc/arm-none-eabi/13.3.1/../../../../arm-none-eabi/lib/thumb/v7e-m+fp/hard\libc_nano.a(libc_a-mlock.o)
                0x08007688                __malloc_lock
 .text.__malloc_unlock
                0x08007694        0xc C:/ST/STM32CubeIDE_1.18.0/STM32CubeIDE/plugins/com.st.stm32cube.ide.mcu.externaltools.gnu-tools-for-stm32.13.3.rel1.win32_1.0.0.202411081344/tools/bin/../lib/gcc/arm-none-eabi/13.3.1/../../../../arm-none-eabi/lib/thumb/v7e-m+fp/hard\libc_nano.a(libc_a-mlock.o)
                0x08007694                __malloc_unlock
 .text.__sfputc_r
                0x080076a0       0x2e C:/ST/STM32CubeIDE_1.18.0/STM32CubeIDE/plugins/com.st.stm32cube.ide.mcu.externaltools.gnu-tools-for-stm32.13.3.rel1.win32_1.0.0.202411081344/tools/bin/../lib/gcc/arm-none-eabi/13.3.1/../../../../arm-none-eabi/lib/thumb/v7e-m+fp/hard\libc_nano.a(libc_a-nano-vfprintf.o)
 .text.__sfputs_r
                0x080076ce       0x24 C:/ST/STM32CubeIDE_1.18.0/STM32CubeIDE/plugins/com.st.stm32cube.ide.mcu.externaltools.gnu-tools-for-stm32.13.3.rel1.win32_1.0.0.202411081344/tools/bin/../lib/gcc/arm-none-eabi/13.3.1/../../../../arm-none-eabi/lib/thumb/v7e-m+fp/hard\libc_nano.a(libc_a-nano-vfprintf.o)
                0x080076ce                __sfputs_r
 *fill*         0x080076f2        0x2 
 .text._vfprintf_r
                0x080076f4      0x230 C:/ST/STM32CubeIDE_1.18.0/STM32CubeIDE/plugins/com.st.stm32cube.ide.mcu.externaltools.gnu-tools-for-stm32.13.3.rel1.win32_1.0.0.202411081344/tools/bin/../lib/gcc/arm-none-eabi/13.3.1/../../../../arm-none-eabi/lib/thumb/v7e-m+fp/hard\libc_nano.a(libc_a-nano-vfprintf.o)
                0x080076f4                _vfprintf_r
                0x080076f4                _vfiprintf_r
 .text._printf_common
                0x08007924       0xda C:/ST/STM32CubeIDE_1.18.0/STM32CubeIDE/plugins/com.st.stm32cube.ide.mcu.externaltools.gnu-tools-for-stm32.13.3.rel1.win32_1.0.0.202411081344/tools/bin/../lib/gcc/arm-none-eabi/13.3.1/../../../../arm-none-eabi/lib/thumb/v7e-m+fp/hard\libc_nano.a(libc_a-nano-vfprintf_i.o)
                0x08007924                _printf_common
 *fill*         0x080079fe        0x2 
 .text._printf_i
                0x08007a00      0x23c C:/ST/STM32CubeIDE_1.18.0/STM32CubeIDE/plugins/com.st.stm32cube.ide.mcu.externaltools.gnu-tools-for-stm32.13.3.rel1.win32_1.0.0.202411081344/tools/bin/../lib/gcc/arm-none-eabi/13.3.1/../../../../arm-none-eabi/lib/thumb/v7e-m+fp/hard\libc_nano.a(libc_a-nano-vfprintf_i.o)
                0x08007a00                _printf_i
 .text.__sflush_r
                0x08007c3c      0x108 C:/ST/STM32CubeIDE_1.18.0/STM32CubeIDE/plugins/com.st.stm32cube.ide.mcu.externaltools.gnu-tools-for-stm32.13.3.rel1.win32_1.0.0.202411081344/tools/bin/../lib/gcc/arm-none-eabi/13.3.1/../../../../arm-none-eabi/lib/thumb/v7e-m+fp/hard\libc_nano.a(libc_a-fflush.o)
                0x08007c3c                __sflush_r
 .text._fflush_r
                0x08007d44       0x50 C:/ST/STM32CubeIDE_1.18.0/STM32CubeIDE/plugins/com.st.stm32cube.ide.mcu.externaltools.gnu-tools-for-stm32.13.3.rel1.win32_1.0.0.202411081344/tools/bin/../lib/gcc/arm-none-eabi/13.3.1/../../../../arm-none-eabi/lib/thumb/v7e-m+fp/hard\libc_nano.a(libc_a-fflush.o)
                0x08007d44                _fflush_r
 .text.__swbuf_r
                0x08007d94       0x7c C:/ST/STM32CubeIDE_1.18.0/STM32CubeIDE/plugins/com.st.stm32cube.ide.mcu.externaltools.gnu-tools-for-stm32.13.3.rel1.win32_1.0.0.202411081344/tools/bin/../lib/gcc/arm-none-eabi/13.3.1/../../../../arm-none-eabi/lib/thumb/v7e-m+fp/hard\libc_nano.a(libc_a-wbuf.o)
                0x08007d94                __swbuf_r
 .text.__swsetup_r
                0x08007e10       0xac C:/ST/STM32CubeIDE_1.18.0/STM32CubeIDE/plugins/com.st.stm32cube.ide.mcu.externaltools.gnu-tools-for-stm32.13.3.rel1.win32_1.0.0.202411081344/tools/bin/../lib/gcc/arm-none-eabi/13.3.1/../../../../arm-none-eabi/lib/thumb/v7e-m+fp/hard\libc_nano.a(libc_a-wsetup.o)
                0x08007e10                __swsetup_r
 .text._sbrk_r  0x08007ebc       0x20 C:/ST/STM32CubeIDE_1.18.0/STM32CubeIDE/plugins/com.st.stm32cube.ide.mcu.externaltools.gnu-tools-for-stm32.13.3.rel1.win32_1.0.0.202411081344/tools/bin/../lib/gcc/arm-none-eabi/13.3.1/../../../../arm-none-eabi/lib/thumb/v7e-m+fp/hard\libc_nano.a(libc_a-sbrkr.o)
                0x08007ebc                _sbrk_r
 .text.__swhatbuf_r
                0x08007edc       0x4c C:/ST/STM32CubeIDE_1.18.0/STM32CubeIDE/plugins/com.st.stm32cube.ide.mcu.externaltools.gnu-tools-for-stm32.13.3.rel1.win32_1.0.0.202411081344/tools/bin/../lib/gcc/arm-none-eabi/13.3.1/../../../../arm-none-eabi/lib/thumb/v7e-m+fp/hard\libc_nano.a(libc_a-makebuf.o)
                0x08007edc                __swhatbuf_r
 .text.__smakebuf_r
                0x08007f28       0x78 C:/ST/STM32CubeIDE_1.18.0/STM32CubeIDE/plugins/com.st.stm32cube.ide.mcu.externaltools.gnu-tools-for-stm32.13.3.rel1.win32_1.0.0.202411081344/tools/bin/../lib/gcc/arm-none-eabi/13.3.1/../../../../arm-none-eabi/lib/thumb/v7e-m+fp/hard\libc_nano.a(libc_a-makebuf.o)
                0x08007f28                __smakebuf_r
 .text._fstat_r
                0x08007fa0       0x24 C:/ST/STM32CubeIDE_1.18.0/STM32CubeIDE/plugins/com.st.stm32cube.ide.mcu.externaltools.gnu-tools-for-stm32.13.3.rel1.win32_1.0.0.202411081344/tools/bin/../lib/gcc/arm-none-eabi/13.3.1/../../../../arm-none-eabi/lib/thumb/v7e-m+fp/hard\libc_nano.a(libc_a-fstatr.o)
                0x08007fa0                _fstat_r
 .text._isatty_r
                0x08007fc4       0x20 C:/ST/STM32CubeIDE_1.18.0/STM32CubeIDE/plugins/com.st.stm32cube.ide.mcu.externaltools.gnu-tools-for-stm32.13.3.rel1.win32_1.0.0.202411081344/tools/bin/../lib/gcc/arm-none-eabi/13.3.1/../../../../arm-none-eabi/lib/thumb/v7e-m+fp/hard\libc_nano.a(libc_a-isattyr.o)
                0x08007fc4                _isatty_r
 *(.glue_7)
 .glue_7        0x08007fe4        0x0 linker stubs
 *(.glue_7t)
 .glue_7t       0x08007fe4        0x0 linker stubs
 *(.eh_frame)
 .eh_frame      0x08007fe4        0x0 C:/ST/STM32CubeIDE_1.18.0/STM32CubeIDE/plugins/com.st.stm32cube.ide.mcu.externaltools.gnu-tools-for-stm32.13.3.rel1.win32_1.0.0.202411081344/tools/bin/../lib/gcc/arm-none-eabi/13.3.1/thumb/v7e-m+fp/hard/crtbegin.o
 *(.init)
 .init          0x08007fe4        0x4 C:/ST/STM32CubeIDE_1.18.0/STM32CubeIDE/plugins/com.st.stm32cube.ide.mcu.externaltools.gnu-tools-for-stm32.13.3.rel1.win32_1.0.0.202411081344/tools/bin/../lib/gcc/arm-none-eabi/13.3.1/thumb/v7e-m+fp/hard/crti.o
                0x08007fe4                _init
 .init          0x08007fe8        0x8 C:/ST/STM32CubeIDE_1.18.0/STM32CubeIDE/plugins/com.st.stm32cube.ide.mcu.externaltools.gnu-tools-for-stm32.13.3.rel1.win32_1.0.0.202411081344/tools/bin/../lib/gcc/arm-none-eabi/13.3.1/thumb/v7e-m+fp/hard/crtn.o
 *(.fini)
 .fini          0x08007ff0        0x4 C:/ST/STM32CubeIDE_1.18.0/STM32CubeIDE/plugins/com.st.stm32cube.ide.mcu.externaltools.gnu-tools-for-stm32.13.3.rel1.win32_1.0.0.202411081344/tools/bin/../lib/gcc/arm-none-eabi/13.3.1/thumb/v7e-m+fp/hard/crti.o
                0x08007ff0                _fini
 .fini          0x08007ff4        0x8 C:/ST/STM32CubeIDE_1.18.0/STM32CubeIDE/plugins/com.st.stm32cube.ide.mcu.externaltools.gnu-tools-for-stm32.13.3.rel1.win32_1.0.0.202411081344/tools/bin/../lib/gcc/arm-none-eabi/13.3.1/thumb/v7e-m+fp/hard/crtn.o
                0x08007ffc                        . = ALIGN (0x4)
                0x08007ffc                        _etext = .

.vfp11_veneer   0x08007ffc        0x0
 .vfp11_veneer  0x08007ffc        0x0 linker stubs

.v4_bx          0x08007ffc        0x0
 .v4_bx         0x08007ffc        0x0 linker stubs

.iplt           0x08007ffc        0x0
 .iplt          0x08007ffc        0x0 C:/ST/STM32CubeIDE_1.18.0/STM32CubeIDE/plugins/com.st.stm32cube.ide.mcu.externaltools.gnu-tools-for-stm32.13.3.rel1.win32_1.0.0.202411081344/tools/bin/../lib/gcc/arm-none-eabi/13.3.1/thumb/v7e-m+fp/hard/crtbegin.o

.rodata         0x08007ffc    0x15b04
                0x08007ffc                        . = ALIGN (0x4)
 *(.rodata)
 .rodata        0x08007ffc      0x348 ./Application/User/app_tof.o
 .rodata        0x08008344       0x6c ./Drivers/BSP/Components/vl53l7cx_api.o
 .rodata        0x080083b0        0x8 ./Drivers/BSP/Components/vl53l7cx_plugin_detection_thresholds.o
 *(.rodata*)
 .rodata.VL53L7CX_FIRMWARE
                0x080083b8    0x15000 ./Drivers/BSP/Components/vl53l7cx_api.o
                0x080083b8                VL53L7CX_FIRMWARE
 .rodata.VL53L7CX_DEFAULT_CONFIGURATION
                0x0801d3b8      0x3cc ./Drivers/BSP/Components/vl53l7cx_api.o
                0x0801d3b8                VL53L7CX_DEFAULT_CONFIGURATION
 .rodata.VL53L7CX_DEFAULT_XTALK
                0x0801d784      0x308 ./Drivers/BSP/Components/vl53l7cx_api.o
                0x0801d784                VL53L7CX_DEFAULT_XTALK
 .rodata.VL53L7CX_GET_NVM_CMD
                0x0801da8c       0x28 ./Drivers/BSP/Components/vl53l7cx_api.o
                0x0801da8c                VL53L7CX_GET_NVM_CMD
 .rodata.AHBPrescTable
                0x0801dab4       0x10 ./Drivers/CMSIS/system_stm32f4xx.o
                0x0801dab4                AHBPrescTable
 .rodata.APBPrescTable
                0x0801dac4        0x8 ./Drivers/CMSIS/system_stm32f4xx.o
                0x0801dac4                APBPrescTable
 .rodata._vfprintf_r.str1.1
                0x0801dacc       0x33 C:/ST/STM32CubeIDE_1.18.0/STM32CubeIDE/plugins/com.st.stm32cube.ide.mcu.externaltools.gnu-tools-for-stm32.13.3.rel1.win32_1.0.0.202411081344/tools/bin/../lib/gcc/arm-none-eabi/13.3.1/../../../../arm-none-eabi/lib/thumb/v7e-m+fp/hard\libc_nano.a(libc_a-nano-vfprintf.o)
                                 0x11 (size before relaxing)
 .rodata._printf_i.str1.1
                0x0801daff       0x22 C:/ST/STM32CubeIDE_1.18.0/STM32CubeIDE/plugins/com.st.stm32cube.ide.mcu.externaltools.gnu-tools-for-stm32.13.3.rel1.win32_1.0.0.202411081344/tools/bin/../lib/gcc/arm-none-eabi/13.3.1/../../../../arm-none-eabi/lib/thumb/v7e-m+fp/hard\libc_nano.a(libc_a-nano-vfprintf_i.o)
                0x0801db24                        . = ALIGN (0x4)
 *fill*         0x0801daff        0x1 

.ARM.extab      0x0801db00        0x0
                0x0801db00                        . = ALIGN (0x4)
 *(.ARM.extab* .gnu.linkonce.armextab.*)
                0x0801db00                        . = ALIGN (0x4)

.ARM            0x0801db00        0x8
                0x0801db00                        . = ALIGN (0x4)
                0x0801db00                        __exidx_start = .
 *(.ARM.exidx*)
 .ARM.exidx     0x0801db00        0x8 C:/ST/STM32CubeIDE_1.18.0/STM32CubeIDE/plugins/com.st.stm32cube.ide.mcu.externaltools.gnu-tools-for-stm32.13.3.rel1.win32_1.0.0.202411081344/tools/bin/../lib/gcc/arm-none-eabi/13.3.1/../../../../arm-none-eabi/lib/thumb/v7e-m+fp/hard\libc_nano.a(libc_a-memchr.o)
 .ARM.exidx     0x0801db08        0x0 C:/ST/STM32CubeIDE_1.18.0/STM32CubeIDE/plugins/com.st.stm32cube.ide.mcu.externaltools.gnu-tools-for-stm32.13.3.rel1.win32_1.0.0.202411081344/tools/bin/../lib/gcc/arm-none-eabi/13.3.1/thumb/v7e-m+fp/hard\libgcc.a(_udivmoddi4.o)
                                  0x8 (size before relaxing)
                0x0801db08                        __exidx_end = .
                0x0801db08                        . = ALIGN (0x4)

.preinit_array  0x0801db08        0x0
                0x0801db08                        . = ALIGN (0x4)
                0x0801db08                        PROVIDE (__preinit_array_start = .)
 *(.preinit_array*)
                0x0801db08                        PROVIDE (__preinit_array_end = .)
                0x0801db08                        . = ALIGN (0x4)

.init_array     0x0801db08        0x4
                0x0801db08                        . = ALIGN (0x4)
                0x0801db08                        PROVIDE (__init_array_start = .)
 *(SORT_BY_NAME(.init_array.*))
 *(.init_array*)
 .init_array    0x0801db08        0x4 C:/ST/STM32CubeIDE_1.18.0/STM32CubeIDE/plugins/com.st.stm32cube.ide.mcu.externaltools.gnu-tools-for-stm32.13.3.rel1.win32_1.0.0.202411081344/tools/bin/../lib/gcc/arm-none-eabi/13.3.1/thumb/v7e-m+fp/hard/crtbegin.o
                0x0801db0c                        PROVIDE (__init_array_end = .)
                0x0801db0c                        . = ALIGN (0x4)

.fini_array     0x0801db0c        0x4
                0x0801db0c                        . = ALIGN (0x4)
                [!provide]                        PROVIDE (__fini_array_start = .)
 *(SORT_BY_NAME(.fini_array.*))
 *(.fini_array*)
 .fini_array    0x0801db0c        0x4 C:/ST/STM32CubeIDE_1.18.0/STM32CubeIDE/plugins/com.st.stm32cube.ide.mcu.externaltools.gnu-tools-for-stm32.13.3.rel1.win32_1.0.0.202411081344/tools/bin/../lib/gcc/arm-none-eabi/13.3.1/thumb/v7e-m+fp/hard/crtbegin.o
                [!provide]                        PROVIDE (__fini_array_end = .)
                0x0801db10                        . = ALIGN (0x4)
                0x0801db10                        _sidata = LOADADDR (.data)

.rel.dyn        0x0801db10        0x0
 .rel.iplt      0x0801db10        0x0 C:/ST/STM32CubeIDE_1.18.0/STM32CubeIDE/plugins/com.st.stm32cube.ide.mcu.externaltools.gnu-tools-for-stm32.13.3.rel1.win32_1.0.0.202411081344/tools/bin/../lib/gcc/arm-none-eabi/13.3.1/thumb/v7e-m+fp/hard/crtbegin.o

.data           0x20000000       0xa8 load address 0x0801db10
                0x20000000                        . = ALIGN (0x4)
                0x20000000                        _sdata = .
 *(.data)
 *(.data*)
 .data.entry_row
                0x20000000        0x1 ./Application/User/app_tof.o
 .data.last_row
                0x20000001        0x1 ./Application/User/app_tof.o
 *fill*         0x20000002        0x2 
 .data.COM_USART
                0x20000004        0x4 ./Application/User/stm32f4xx_nucleo.o
                0x20000004                COM_USART
 .data.VL53L7CX_RANGING_SENSOR_Driver
                0x20000008       0x38 ./Drivers/BSP/Components/vl53l7cx.o
                0x20000008                VL53L7CX_RANGING_SENSOR_Driver
 .data.SystemCoreClock
                0x20000040        0x4 ./Drivers/CMSIS/system_stm32f4xx.o
                0x20000040                SystemCoreClock
 .data.uwTickPrio
                0x20000044        0x4 ./Drivers/STM32F4xx_HAL_Driver/stm32f4xx_hal.o
                0x20000044                uwTickPrio
 .data.uwTickFreq
                0x20000048        0x1 ./Drivers/STM32F4xx_HAL_Driver/stm32f4xx_hal.o
                0x20000048                uwTickFreq
 *fill*         0x20000049        0x3 
 .data.__sglue  0x2000004c        0xc C:/ST/STM32CubeIDE_1.18.0/STM32CubeIDE/plugins/com.st.stm32cube.ide.mcu.externaltools.gnu-tools-for-stm32.13.3.rel1.win32_1.0.0.202411081344/tools/bin/../lib/gcc/arm-none-eabi/13.3.1/../../../../arm-none-eabi/lib/thumb/v7e-m+fp/hard\libc_nano.a(libc_a-findfp.o)
                0x2000004c                __sglue
 .data._impure_ptr
                0x20000058        0x4 C:/ST/STM32CubeIDE_1.18.0/STM32CubeIDE/plugins/com.st.stm32cube.ide.mcu.externaltools.gnu-tools-for-stm32.13.3.rel1.win32_1.0.0.202411081344/tools/bin/../lib/gcc/arm-none-eabi/13.3.1/../../../../arm-none-eabi/lib/thumb/v7e-m+fp/hard\libc_nano.a(libc_a-impure.o)
                0x20000058                _impure_ptr
 .data._impure_data
                0x2000005c       0x4c C:/ST/STM32CubeIDE_1.18.0/STM32CubeIDE/plugins/com.st.stm32cube.ide.mcu.externaltools.gnu-tools-for-stm32.13.3.rel1.win32_1.0.0.202411081344/tools/bin/../lib/gcc/arm-none-eabi/13.3.1/../../../../arm-none-eabi/lib/thumb/v7e-m+fp/hard\libc_nano.a(libc_a-impure.o)
                0x2000005c                _impure_data
 *(.RamFunc)
 *(.RamFunc*)
                0x200000a8                        . = ALIGN (0x4)
                0x200000a8                        _edata = .

.igot.plt       0x200000a8        0x0 load address 0x0801dbb8
 .igot.plt      0x200000a8        0x0 C:/ST/STM32CubeIDE_1.18.0/STM32CubeIDE/plugins/com.st.stm32cube.ide.mcu.externaltools.gnu-tools-for-stm32.13.3.rel1.win32_1.0.0.202411081344/tools/bin/../lib/gcc/arm-none-eabi/13.3.1/thumb/v7e-m+fp/hard/crtbegin.o
                0x200000a8                        . = ALIGN (0x4)

.bss            0x200000a8     0x3054 load address 0x0801dbb8
                0x200000a8                        _sbss = .
                0x200000a8                        __bss_start__ = _sbss
 *(.bss)
 .bss           0x200000a8       0x1c C:/ST/STM32CubeIDE_1.18.0/STM32CubeIDE/plugins/com.st.stm32cube.ide.mcu.externaltools.gnu-tools-for-stm32.13.3.rel1.win32_1.0.0.202411081344/tools/bin/../lib/gcc/arm-none-eabi/13.3.1/thumb/v7e-m+fp/hard/crtbegin.o
 *(.bss*)
 .bss.Cap       0x200000c4       0x10 ./Application/User/app_tof.o
 .bss.Profile   0x200000d4       0x14 ./Application/User/app_tof.o
 .bss.Result    0x200000e8      0x504 ./Application/User/app_tof.o
 .bss.status    0x200005ec        0x4 ./Application/User/app_tof.o
 .bss.ToF_EventDetected
                0x200005f0        0x1 ./Application/User/app_tof.o
                0x200005f0                ToF_EventDetected
 .bss.gesture_state
                0x200005f1        0x1 ./Application/User/app_tof.o
 .bss.detected_direction
                0x200005f2        0x1 ./Application/User/app_tof.o
 .bss.gesture_reported
                0x200005f3        0x1 ./Application/User/app_tof.o
 .bss.hcom_uart
                0x200005f4       0x48 ./Application/User/stm32f4xx_nucleo.o
                0x200005f4                hcom_uart
 .bss.COM_ActiveLogPort
                0x2000063c        0x1 ./Application/User/stm32f4xx_nucleo.o
 *fill*         0x2000063d        0x3 
 .bss.hi2c1     0x20000640       0x54 ./Application/User/stm32f4xx_nucleo_bus.o
                0x20000640                hi2c1
 .bss.I2C1InitCounter
                0x20000694        0x4 ./Application/User/stm32f4xx_nucleo_bus.o
 .bss.__sbrk_heap_end
                0x20000698        0x4 ./Application/User/sysmem.o
 .bss.VL53L7A1_RANGING_SENSOR_CompObj
                0x2000069c        0xc ./Drivers/BSP/53L7A1/53l7a1_ranging_sensor.o
                0x2000069c                VL53L7A1_RANGING_SENSOR_CompObj
 .bss.VL53L7A1_RANGING_SENSOR_Drv
                0x200006a8        0x4 ./Drivers/BSP/53L7A1/53l7a1_ranging_sensor.o
 .bss.VL53L7A1_RANGING_SENSOR_Cap
                0x200006ac       0x10 ./Drivers/BSP/53L7A1/53l7a1_ranging_sensor.o
 .bss.VL53L7CXObj.0
                0x200006bc     0x20a0 ./Drivers/BSP/53L7A1/53l7a1_ranging_sensor.o
 .bss.thresholds.1
                0x2000275c      0x300 ./Drivers/BSP/Components/vl53l7cx.o
 .bss.data.0    0x20002a5c      0x550 ./Drivers/BSP/Components/vl53l7cx.o
 .bss.uwTick    0x20002fac        0x4 ./Drivers/STM32F4xx_HAL_Driver/stm32f4xx_hal.o
                0x20002fac                uwTick
 .bss.__sf      0x20002fb0      0x138 C:/ST/STM32CubeIDE_1.18.0/STM32CubeIDE/plugins/com.st.stm32cube.ide.mcu.externaltools.gnu-tools-for-stm32.13.3.rel1.win32_1.0.0.202411081344/tools/bin/../lib/gcc/arm-none-eabi/13.3.1/../../../../arm-none-eabi/lib/thumb/v7e-m+fp/hard\libc_nano.a(libc_a-findfp.o)
                0x20002fb0                __sf
 .bss.__stdio_exit_handler
                0x200030e8        0x4 C:/ST/STM32CubeIDE_1.18.0/STM32CubeIDE/plugins/com.st.stm32cube.ide.mcu.externaltools.gnu-tools-for-stm32.13.3.rel1.win32_1.0.0.202411081344/tools/bin/../lib/gcc/arm-none-eabi/13.3.1/../../../../arm-none-eabi/lib/thumb/v7e-m+fp/hard\libc_nano.a(libc_a-findfp.o)
                0x200030e8                __stdio_exit_handler
 .bss.errno     0x200030ec        0x4 C:/ST/STM32CubeIDE_1.18.0/STM32CubeIDE/plugins/com.st.stm32cube.ide.mcu.externaltools.gnu-tools-for-stm32.13.3.rel1.win32_1.0.0.202411081344/tools/bin/../lib/gcc/arm-none-eabi/13.3.1/../../../../arm-none-eabi/lib/thumb/v7e-m+fp/hard\libc_nano.a(libc_a-reent.o)
                0x200030ec                errno
 .bss.__lock___malloc_recursive_mutex
                0x200030f0        0x1 C:/ST/STM32CubeIDE_1.18.0/STM32CubeIDE/plugins/com.st.stm32cube.ide.mcu.externaltools.gnu-tools-for-stm32.13.3.rel1.win32_1.0.0.202411081344/tools/bin/../lib/gcc/arm-none-eabi/13.3.1/../../../../arm-none-eabi/lib/thumb/v7e-m+fp/hard\libc_nano.a(libc_a-lock.o)
                0x200030f0                __lock___malloc_recursive_mutex
 .bss.__lock___sfp_recursive_mutex
                0x200030f1        0x1 C:/ST/STM32CubeIDE_1.18.0/STM32CubeIDE/plugins/com.st.stm32cube.ide.mcu.externaltools.gnu-tools-for-stm32.13.3.rel1.win32_1.0.0.202411081344/tools/bin/../lib/gcc/arm-none-eabi/13.3.1/../../../../arm-none-eabi/lib/thumb/v7e-m+fp/hard\libc_nano.a(libc_a-lock.o)
                0x200030f1                __lock___sfp_recursive_mutex
 *fill*         0x200030f2        0x2 
 .bss.__malloc_sbrk_start
                0x200030f4        0x4 C:/ST/STM32CubeIDE_1.18.0/STM32CubeIDE/plugins/com.st.stm32cube.ide.mcu.externaltools.gnu-tools-for-stm32.13.3.rel1.win32_1.0.0.202411081344/tools/bin/../lib/gcc/arm-none-eabi/13.3.1/../../../../arm-none-eabi/lib/thumb/v7e-m+fp/hard\libc_nano.a(libc_a-mallocr.o)
                0x200030f4                __malloc_sbrk_start
 .bss.__malloc_free_list
                0x200030f8        0x4 C:/ST/STM32CubeIDE_1.18.0/STM32CubeIDE/plugins/com.st.stm32cube.ide.mcu.externaltools.gnu-tools-for-stm32.13.3.rel1.win32_1.0.0.202411081344/tools/bin/../lib/gcc/arm-none-eabi/13.3.1/../../../../arm-none-eabi/lib/thumb/v7e-m+fp/hard\libc_nano.a(libc_a-mallocr.o)
                0x200030f8                __malloc_free_list
 *(COMMON)
                0x200030fc                        . = ALIGN (0x4)
                0x200030fc                        _ebss = .
                0x200030fc                        __bss_end__ = _ebss

._user_heap_stack
                0x200030fc      0xa04 load address 0x0801dbb8
                0x20003100                        . = ALIGN (0x8)
 *fill*         0x200030fc        0x4 
                [!provide]                        PROVIDE (end = .)
                0x20003100                        PROVIDE (_end = .)
                0x20003300                        . = (. + _Min_Heap_Size)
 *fill*         0x20003100      0x200 
                0x20003b00                        . = (. + _Min_Stack_Size)
 *fill*         0x20003300      0x800 
                0x20003b00                        . = ALIGN (0x8)

/DISCARD/
 libc.a(*)
 libm.a(*)
 libgcc.a(*)

.ARM.attributes
                0x00000000       0x30
 *(.ARM.attributes)
 .ARM.attributes
                0x00000000       0x22 C:/ST/STM32CubeIDE_1.18.0/STM32CubeIDE/plugins/com.st.stm32cube.ide.mcu.externaltools.gnu-tools-for-stm32.13.3.rel1.win32_1.0.0.202411081344/tools/bin/../lib/gcc/arm-none-eabi/13.3.1/thumb/v7e-m+fp/hard/crti.o
 .ARM.attributes
                0x00000022       0x34 C:/ST/STM32CubeIDE_1.18.0/STM32CubeIDE/plugins/com.st.stm32cube.ide.mcu.externaltools.gnu-tools-for-stm32.13.3.rel1.win32_1.0.0.202411081344/tools/bin/../lib/gcc/arm-none-eabi/13.3.1/thumb/v7e-m+fp/hard/crtbegin.o
 .ARM.attributes
                0x00000056       0x21 ./Application/Startup/startup_stm32f401retx.o
 .ARM.attributes
                0x00000077       0x34 ./Application/User/app_tof.o
 .ARM.attributes
                0x000000ab       0x34 ./Application/User/app_tof_pin_conf.o
 .ARM.attributes
                0x000000df       0x34 ./Application/User/main.o
 .ARM.attributes
                0x00000113       0x34 ./Application/User/stm32f4xx_hal_msp.o
 .ARM.attributes
                0x00000147       0x34 ./Application/User/stm32f4xx_it.o
 .ARM.attributes
                0x0000017b       0x34 ./Application/User/stm32f4xx_nucleo.o
 .ARM.attributes
                0x000001af       0x34 ./Application/User/stm32f4xx_nucleo_bus.o
 .ARM.attributes
                0x000001e3       0x34 ./Application/User/syscalls.o
 .ARM.attributes
                0x00000217       0x34 ./Application/User/sysmem.o
 .ARM.attributes
                0x0000024b       0x34 ./Drivers/BSP/53L7A1/53l7a1_ranging_sensor.o
 .ARM.attributes
                0x0000027f       0x34 ./Drivers/BSP/Components/platform.o
 .ARM.attributes
                0x000002b3       0x34 ./Drivers/BSP/Components/vl53l7cx.o
 .ARM.attributes
                0x000002e7       0x34 ./Drivers/BSP/Components/vl53l7cx_api.o
 .ARM.attributes
                0x0000031b       0x34 ./Drivers/BSP/Components/vl53l7cx_plugin_detection_thresholds.o
 .ARM.attributes
                0x0000034f       0x34 ./Drivers/CMSIS/system_stm32f4xx.o
 .ARM.attributes
                0x00000383       0x34 ./Drivers/STM32F4xx_HAL_Driver/stm32f4xx_hal.o
 .ARM.attributes
                0x000003b7       0x34 ./Drivers/STM32F4xx_HAL_Driver/stm32f4xx_hal_cortex.o
 .ARM.attributes
                0x000003eb       0x34 ./Drivers/STM32F4xx_HAL_Driver/stm32f4xx_hal_gpio.o
 .ARM.attributes
                0x0000041f       0x34 ./Drivers/STM32F4xx_HAL_Driver/stm32f4xx_hal_i2c.o
 .ARM.attributes
                0x00000453       0x34 ./Drivers/STM32F4xx_HAL_Driver/stm32f4xx_hal_rcc.o
 .ARM.attributes
                0x00000487       0x34 ./Drivers/STM32F4xx_HAL_Driver/stm32f4xx_hal_uart.o
 .ARM.attributes
                0x000004bb       0x34 C:/ST/STM32CubeIDE_1.18.0/STM32CubeIDE/plugins/com.st.stm32cube.ide.mcu.externaltools.gnu-tools-for-stm32.13.3.rel1.win32_1.0.0.202411081344/tools/bin/../lib/gcc/arm-none-eabi/13.3.1/../../../../arm-none-eabi/lib/thumb/v7e-m+fp/hard\libc_nano.a(libc_a-findfp.o)
 .ARM.attributes
                0x000004ef       0x34 C:/ST/STM32CubeIDE_1.18.0/STM32CubeIDE/plugins/com.st.stm32cube.ide.mcu.externaltools.gnu-tools-for-stm32.13.3.rel1.win32_1.0.0.202411081344/tools/bin/../lib/gcc/arm-none-eabi/13.3.1/../../../../arm-none-eabi/lib/thumb/v7e-m+fp/hard\libc_nano.a(libc_a-fwalk.o)
 .ARM.attributes
                0x00000523       0x34 C:/ST/STM32CubeIDE_1.18.0/STM32CubeIDE/plugins/com.st.stm32cube.ide.mcu.externaltools.gnu-tools-for-stm32.13.3.rel1.win32_1.0.0.202411081344/tools/bin/../lib/gcc/arm-none-eabi/13.3.1/../../../../arm-none-eabi/lib/thumb/v7e-m+fp/hard\libc_nano.a(libc_a-printf.o)
 .ARM.attributes
                0x00000557       0x34 C:/ST/STM32CubeIDE_1.18.0/STM32CubeIDE/plugins/com.st.stm32cube.ide.mcu.externaltools.gnu-tools-for-stm32.13.3.rel1.win32_1.0.0.202411081344/tools/bin/../lib/gcc/arm-none-eabi/13.3.1/../../../../arm-none-eabi/lib/thumb/v7e-m+fp/hard\libc_nano.a(libc_a-stdio.o)
 .ARM.attributes
                0x0000058b       0x34 C:/ST/STM32CubeIDE_1.18.0/STM32CubeIDE/plugins/com.st.stm32cube.ide.mcu.externaltools.gnu-tools-for-stm32.13.3.rel1.win32_1.0.0.202411081344/tools/bin/../lib/gcc/arm-none-eabi/13.3.1/../../../../arm-none-eabi/lib/thumb/v7e-m+fp/hard\libc_nano.a(libc_a-memset.o)
 .ARM.attributes
                0x000005bf       0x34 C:/ST/STM32CubeIDE_1.18.0/STM32CubeIDE/plugins/com.st.stm32cube.ide.mcu.externaltools.gnu-tools-for-stm32.13.3.rel1.win32_1.0.0.202411081344/tools/bin/../lib/gcc/arm-none-eabi/13.3.1/../../../../arm-none-eabi/lib/thumb/v7e-m+fp/hard\libc_nano.a(libc_a-closer.o)
 .ARM.attributes
                0x000005f3       0x34 C:/ST/STM32CubeIDE_1.18.0/STM32CubeIDE/plugins/com.st.stm32cube.ide.mcu.externaltools.gnu-tools-for-stm32.13.3.rel1.win32_1.0.0.202411081344/tools/bin/../lib/gcc/arm-none-eabi/13.3.1/../../../../arm-none-eabi/lib/thumb/v7e-m+fp/hard\libc_nano.a(libc_a-reent.o)
 .ARM.attributes
                0x00000627       0x34 C:/ST/STM32CubeIDE_1.18.0/STM32CubeIDE/plugins/com.st.stm32cube.ide.mcu.externaltools.gnu-tools-for-stm32.13.3.rel1.win32_1.0.0.202411081344/tools/bin/../lib/gcc/arm-none-eabi/13.3.1/../../../../arm-none-eabi/lib/thumb/v7e-m+fp/hard\libc_nano.a(libc_a-impure.o)
 .ARM.attributes
                0x0000065b       0x34 C:/ST/STM32CubeIDE_1.18.0/STM32CubeIDE/plugins/com.st.stm32cube.ide.mcu.externaltools.gnu-tools-for-stm32.13.3.rel1.win32_1.0.0.202411081344/tools/bin/../lib/gcc/arm-none-eabi/13.3.1/../../../../arm-none-eabi/lib/thumb/v7e-m+fp/hard\libc_nano.a(libc_a-lseekr.o)
 .ARM.attributes
                0x0000068f       0x34 C:/ST/STM32CubeIDE_1.18.0/STM32CubeIDE/plugins/com.st.stm32cube.ide.mcu.externaltools.gnu-tools-for-stm32.13.3.rel1.win32_1.0.0.202411081344/tools/bin/../lib/gcc/arm-none-eabi/13.3.1/../../../../arm-none-eabi/lib/thumb/v7e-m+fp/hard\libc_nano.a(libc_a-readr.o)
 .ARM.attributes
                0x000006c3       0x34 C:/ST/STM32CubeIDE_1.18.0/STM32CubeIDE/plugins/com.st.stm32cube.ide.mcu.externaltools.gnu-tools-for-stm32.13.3.rel1.win32_1.0.0.202411081344/tools/bin/../lib/gcc/arm-none-eabi/13.3.1/../../../../arm-none-eabi/lib/thumb/v7e-m+fp/hard\libc_nano.a(libc_a-writer.o)
 .ARM.attributes
                0x000006f7       0x34 C:/ST/STM32CubeIDE_1.18.0/STM32CubeIDE/plugins/com.st.stm32cube.ide.mcu.externaltools.gnu-tools-for-stm32.13.3.rel1.win32_1.0.0.202411081344/tools/bin/../lib/gcc/arm-none-eabi/13.3.1/../../../../arm-none-eabi/lib/thumb/v7e-m+fp/hard\libc_nano.a(libc_a-errno.o)
 .ARM.attributes
                0x0000072b       0x34 C:/ST/STM32CubeIDE_1.18.0/STM32CubeIDE/plugins/com.st.stm32cube.ide.mcu.externaltools.gnu-tools-for-stm32.13.3.rel1.win32_1.0.0.202411081344/tools/bin/../lib/gcc/arm-none-eabi/13.3.1/../../../../arm-none-eabi/lib/thumb/v7e-m+fp/hard\libc_nano.a(libc_a-init.o)
 .ARM.attributes
                0x0000075f       0x34 C:/ST/STM32CubeIDE_1.18.0/STM32CubeIDE/plugins/com.st.stm32cube.ide.mcu.externaltools.gnu-tools-for-stm32.13.3.rel1.win32_1.0.0.202411081344/tools/bin/../lib/gcc/arm-none-eabi/13.3.1/../../../../arm-none-eabi/lib/thumb/v7e-m+fp/hard\libc_nano.a(libc_a-lock.o)
 .ARM.attributes
                0x00000793       0x34 C:/ST/STM32CubeIDE_1.18.0/STM32CubeIDE/plugins/com.st.stm32cube.ide.mcu.externaltools.gnu-tools-for-stm32.13.3.rel1.win32_1.0.0.202411081344/tools/bin/../lib/gcc/arm-none-eabi/13.3.1/../../../../arm-none-eabi/lib/thumb/v7e-m+fp/hard\libc_nano.a(libc_a-memcpy-stub.o)
 .ARM.attributes
                0x000007c7       0x34 C:/ST/STM32CubeIDE_1.18.0/STM32CubeIDE/plugins/com.st.stm32cube.ide.mcu.externaltools.gnu-tools-for-stm32.13.3.rel1.win32_1.0.0.202411081344/tools/bin/../lib/gcc/arm-none-eabi/13.3.1/../../../../arm-none-eabi/lib/thumb/v7e-m+fp/hard\libc_nano.a(libc_a-freer.o)
 .ARM.attributes
                0x000007fb       0x34 C:/ST/STM32CubeIDE_1.18.0/STM32CubeIDE/plugins/com.st.stm32cube.ide.mcu.externaltools.gnu-tools-for-stm32.13.3.rel1.win32_1.0.0.202411081344/tools/bin/../lib/gcc/arm-none-eabi/13.3.1/../../../../arm-none-eabi/lib/thumb/v7e-m+fp/hard\libc_nano.a(libc_a-mallocr.o)
 .ARM.attributes
                0x0000082f       0x34 C:/ST/STM32CubeIDE_1.18.0/STM32CubeIDE/plugins/com.st.stm32cube.ide.mcu.externaltools.gnu-tools-for-stm32.13.3.rel1.win32_1.0.0.202411081344/tools/bin/../lib/gcc/arm-none-eabi/13.3.1/../../../../arm-none-eabi/lib/thumb/v7e-m+fp/hard\libc_nano.a(libc_a-mlock.o)
 .ARM.attributes
                0x00000863       0x34 C:/ST/STM32CubeIDE_1.18.0/STM32CubeIDE/plugins/com.st.stm32cube.ide.mcu.externaltools.gnu-tools-for-stm32.13.3.rel1.win32_1.0.0.202411081344/tools/bin/../lib/gcc/arm-none-eabi/13.3.1/../../../../arm-none-eabi/lib/thumb/v7e-m+fp/hard\libc_nano.a(libc_a-nano-vfprintf.o)
 .ARM.attributes
                0x00000897       0x34 C:/ST/STM32CubeIDE_1.18.0/STM32CubeIDE/plugins/com.st.stm32cube.ide.mcu.externaltools.gnu-tools-for-stm32.13.3.rel1.win32_1.0.0.202411081344/tools/bin/../lib/gcc/arm-none-eabi/13.3.1/../../../../arm-none-eabi/lib/thumb/v7e-m+fp/hard\libc_nano.a(libc_a-nano-vfprintf_i.o)
 .ARM.attributes
                0x000008cb       0x34 C:/ST/STM32CubeIDE_1.18.0/STM32CubeIDE/plugins/com.st.stm32cube.ide.mcu.externaltools.gnu-tools-for-stm32.13.3.rel1.win32_1.0.0.202411081344/tools/bin/../lib/gcc/arm-none-eabi/13.3.1/../../../../arm-none-eabi/lib/thumb/v7e-m+fp/hard\libc_nano.a(libc_a-fflush.o)
 .ARM.attributes
                0x000008ff       0x34 C:/ST/STM32CubeIDE_1.18.0/STM32CubeIDE/plugins/com.st.stm32cube.ide.mcu.externaltools.gnu-tools-for-stm32.13.3.rel1.win32_1.0.0.202411081344/tools/bin/../lib/gcc/arm-none-eabi/13.3.1/../../../../arm-none-eabi/lib/thumb/v7e-m+fp/hard\libc_nano.a(libc_a-wbuf.o)
 .ARM.attributes
                0x00000933       0x34 C:/ST/STM32CubeIDE_1.18.0/STM32CubeIDE/plugins/com.st.stm32cube.ide.mcu.externaltools.gnu-tools-for-stm32.13.3.rel1.win32_1.0.0.202411081344/tools/bin/../lib/gcc/arm-none-eabi/13.3.1/../../../../arm-none-eabi/lib/thumb/v7e-m+fp/hard\libc_nano.a(libc_a-wsetup.o)
 .ARM.attributes
                0x00000967       0x34 C:/ST/STM32CubeIDE_1.18.0/STM32CubeIDE/plugins/com.st.stm32cube.ide.mcu.externaltools.gnu-tools-for-stm32.13.3.rel1.win32_1.0.0.202411081344/tools/bin/../lib/gcc/arm-none-eabi/13.3.1/../../../../arm-none-eabi/lib/thumb/v7e-m+fp/hard\libc_nano.a(libc_a-sbrkr.o)
 .ARM.attributes
                0x0000099b       0x1c C:/ST/STM32CubeIDE_1.18.0/STM32CubeIDE/plugins/com.st.stm32cube.ide.mcu.externaltools.gnu-tools-for-stm32.13.3.rel1.win32_1.0.0.202411081344/tools/bin/../lib/gcc/arm-none-eabi/13.3.1/../../../../arm-none-eabi/lib/thumb/v7e-m+fp/hard\libc_nano.a(libc_a-memchr.o)
 .ARM.attributes
                0x000009b7       0x34 C:/ST/STM32CubeIDE_1.18.0/STM32CubeIDE/plugins/com.st.stm32cube.ide.mcu.externaltools.gnu-tools-for-stm32.13.3.rel1.win32_1.0.0.202411081344/tools/bin/../lib/gcc/arm-none-eabi/13.3.1/../../../../arm-none-eabi/lib/thumb/v7e-m+fp/hard\libc_nano.a(libc_a-makebuf.o)
 .ARM.attributes
                0x000009eb       0x34 C:/ST/STM32CubeIDE_1.18.0/STM32CubeIDE/plugins/com.st.stm32cube.ide.mcu.externaltools.gnu-tools-for-stm32.13.3.rel1.win32_1.0.0.202411081344/tools/bin/../lib/gcc/arm-none-eabi/13.3.1/../../../../arm-none-eabi/lib/thumb/v7e-m+fp/hard\libc_nano.a(libc_a-fstatr.o)
 .ARM.attributes
                0x00000a1f       0x34 C:/ST/STM32CubeIDE_1.18.0/STM32CubeIDE/plugins/com.st.stm32cube.ide.mcu.externaltools.gnu-tools-for-stm32.13.3.rel1.win32_1.0.0.202411081344/tools/bin/../lib/gcc/arm-none-eabi/13.3.1/../../../../arm-none-eabi/lib/thumb/v7e-m+fp/hard\libc_nano.a(libc_a-isattyr.o)
 .ARM.attributes
                0x00000a53       0x22 C:/ST/STM32CubeIDE_1.18.0/STM32CubeIDE/plugins/com.st.stm32cube.ide.mcu.externaltools.gnu-tools-for-stm32.13.3.rel1.win32_1.0.0.202411081344/tools/bin/../lib/gcc/arm-none-eabi/13.3.1/thumb/v7e-m+fp/hard\libgcc.a(_aeabi_uldivmod.o)
 .ARM.attributes
                0x00000a75       0x34 C:/ST/STM32CubeIDE_1.18.0/STM32CubeIDE/plugins/com.st.stm32cube.ide.mcu.externaltools.gnu-tools-for-stm32.13.3.rel1.win32_1.0.0.202411081344/tools/bin/../lib/gcc/arm-none-eabi/13.3.1/thumb/v7e-m+fp/hard\libgcc.a(_udivmoddi4.o)
 .ARM.attributes
                0x00000aa9       0x22 C:/ST/STM32CubeIDE_1.18.0/STM32CubeIDE/plugins/com.st.stm32cube.ide.mcu.externaltools.gnu-tools-for-stm32.13.3.rel1.win32_1.0.0.202411081344/tools/bin/../lib/gcc/arm-none-eabi/13.3.1/thumb/v7e-m+fp/hard\libgcc.a(_dvmd_tls.o)
 .ARM.attributes
                0x00000acb       0x22 C:/ST/STM32CubeIDE_1.18.0/STM32CubeIDE/plugins/com.st.stm32cube.ide.mcu.externaltools.gnu-tools-for-stm32.13.3.rel1.win32_1.0.0.202411081344/tools/bin/../lib/gcc/arm-none-eabi/13.3.1/thumb/v7e-m+fp/hard/crtn.o
OUTPUT(TeslaBlinker.elf elf32-littlearm)
LOAD linker stubs
LOAD C:/ST/STM32CubeIDE_1.18.0/STM32CubeIDE/plugins/com.st.stm32cube.ide.mcu.externaltools.gnu-tools-for-stm32.13.3.rel1.win32_1.0.0.202411081344/tools/bin/../lib/gcc/arm-none-eabi/13.3.1/../../../../arm-none-eabi/lib/thumb/v7e-m+fp/hard\libc.a
LOAD C:/ST/STM32CubeIDE_1.18.0/STM32CubeIDE/plugins/com.st.stm32cube.ide.mcu.externaltools.gnu-tools-for-stm32.13.3.rel1.win32_1.0.0.202411081344/tools/bin/../lib/gcc/arm-none-eabi/13.3.1/../../../../arm-none-eabi/lib/thumb/v7e-m+fp/hard\libm.a
LOAD C:/ST/STM32CubeIDE_1.18.0/STM32CubeIDE/plugins/com.st.stm32cube.ide.mcu.externaltools.gnu-tools-for-stm32.13.3.rel1.win32_1.0.0.202411081344/tools/bin/../lib/gcc/arm-none-eabi/13.3.1/thumb/v7e-m+fp/hard\libgcc.a

.debug_line     0x00000000    0x12b2f
 .debug_line    0x00000000       0x7a ./Application/Startup/startup_stm32f401retx.o
 .debug_line    0x0000007a      0xd3a ./Application/User/app_tof.o
 .debug_line    0x00000db4      0x776 ./Application/User/app_tof_pin_conf.o
 .debug_line    0x0000152a      0x88e ./Application/User/main.o
 .debug_line    0x00001db8      0x7b6 ./Application/User/stm32f4xx_hal_msp.o
 .debug_line    0x0000256e      0x87d ./Application/User/stm32f4xx_it.o
 .debug_line    0x00002deb      0x90d ./Application/User/stm32f4xx_nucleo.o
 .debug_line    0x000036f8      0xa24 ./Application/User/stm32f4xx_nucleo_bus.o
 .debug_line    0x0000411c      0x8b4 ./Application/User/syscalls.o
 .debug_line    0x000049d0      0x590 ./Application/User/sysmem.o
 .debug_line    0x00004f60      0xdab ./Drivers/BSP/53L7A1/53l7a1_ranging_sensor.o
 .debug_line    0x00005d0b      0x6c9 ./Drivers/BSP/Components/platform.o
 .debug_line    0x000063d4      0xcfe ./Drivers/BSP/Components/vl53l7cx.o
 .debug_line    0x000070d2     0x17f3 ./Drivers/BSP/Components/vl53l7cx_api.o
 .debug_line    0x000088c5      0x882 ./Drivers/BSP/Components/vl53l7cx_plugin_detection_thresholds.o
 .debug_line    0x00009147      0x7ee ./Drivers/CMSIS/system_stm32f4xx.o
 .debug_line    0x00009935      0xa60 ./Drivers/STM32F4xx_HAL_Driver/stm32f4xx_hal.o
 .debug_line    0x0000a395      0xd2e ./Drivers/STM32F4xx_HAL_Driver/stm32f4xx_hal_cortex.o
 .debug_line    0x0000b0c3      0xb7c ./Drivers/STM32F4xx_HAL_Driver/stm32f4xx_hal_gpio.o
 .debug_line    0x0000bc3f     0x3b12 ./Drivers/STM32F4xx_HAL_Driver/stm32f4xx_hal_i2c.o
 .debug_line    0x0000f751      0xe6f ./Drivers/STM32F4xx_HAL_Driver/stm32f4xx_hal_rcc.o
 .debug_line    0x000105c0     0x256f ./Drivers/STM32F4xx_HAL_Driver/stm32f4xx_hal_uart.o

.debug_line_str
                0x00000000       0x63
 .debug_line_str
                0x00000000       0x63 ./Application/Startup/startup_stm32f401retx.o

.debug_info     0x00000000     0xeff3
 .debug_info    0x00000000       0x30 ./Application/Startup/startup_stm32f401retx.o
 .debug_info    0x00000030      0x76f ./Application/User/app_tof.o
 .debug_info    0x0000079f       0xdb ./Application/User/app_tof_pin_conf.o
 .debug_info    0x0000087a      0x88a ./Application/User/main.o
 .debug_info    0x00001104      0x291 ./Application/User/stm32f4xx_hal_msp.o
 .debug_info    0x00001395      0x14a ./Application/User/stm32f4xx_it.o
 .debug_info    0x000014df      0xb00 ./Application/User/stm32f4xx_nucleo.o
 .debug_info    0x00001fdf      0xdfa ./Application/User/stm32f4xx_nucleo_bus.o
 .debug_info    0x00002dd9      0x6a3 ./Application/User/syscalls.o
 .debug_info    0x0000347c      0x168 ./Application/User/sysmem.o
 .debug_info    0x000035e4      0xfd1 ./Drivers/BSP/53L7A1/53l7a1_ranging_sensor.o
 .debug_info    0x000045b5      0x335 ./Drivers/BSP/Components/platform.o
 .debug_info    0x000048ea     0x1199 ./Drivers/BSP/Components/vl53l7cx.o
 .debug_info    0x00005a83     0x128b ./Drivers/BSP/Components/vl53l7cx_api.o
 .debug_info    0x00006d0e      0x490 ./Drivers/BSP/Components/vl53l7cx_plugin_detection_thresholds.o
 .debug_info    0x0000719e      0x53e ./Drivers/CMSIS/system_stm32f4xx.o
 .debug_info    0x000076dc      0x8bb ./Drivers/STM32F4xx_HAL_Driver/stm32f4xx_hal.o
 .debug_info    0x00007f97      0xcf6 ./Drivers/STM32F4xx_HAL_Driver/stm32f4xx_hal_cortex.o
 .debug_info    0x00008c8d      0x6f9 ./Drivers/STM32F4xx_HAL_Driver/stm32f4xx_hal_gpio.o
 .debug_info    0x00009386     0x2426 ./Drivers/STM32F4xx_HAL_Driver/stm32f4xx_hal_i2c.o
 .debug_info    0x0000b7ac      0x8f1 ./Drivers/STM32F4xx_HAL_Driver/stm32f4xx_hal_rcc.o
 .debug_info    0x0000c09d     0x2f56 ./Drivers/STM32F4xx_HAL_Driver/stm32f4xx_hal_uart.o

.debug_abbrev   0x00000000     0x294b
 .debug_abbrev  0x00000000       0x24 ./Application/Startup/startup_stm32f401retx.o
 .debug_abbrev  0x00000024      0x216 ./Application/User/app_tof.o
 .debug_abbrev  0x0000023a       0x7f ./Application/User/app_tof_pin_conf.o
 .debug_abbrev  0x000002b9      0x229 ./Application/User/main.o
 .debug_abbrev  0x000004e2       0xd8 ./Application/User/stm32f4xx_hal_msp.o
 .debug_abbrev  0x000005ba       0xa0 ./Application/User/stm32f4xx_it.o
 .debug_abbrev  0x0000065a      0x2aa ./Application/User/stm32f4xx_nucleo.o
 .debug_abbrev  0x00000904      0x2b5 ./Application/User/stm32f4xx_nucleo_bus.o
 .debug_abbrev  0x00000bb9      0x1b6 ./Application/User/syscalls.o
 .debug_abbrev  0x00000d6f       0xbc ./Application/User/sysmem.o
 .debug_abbrev  0x00000e2b      0x265 ./Drivers/BSP/53L7A1/53l7a1_ranging_sensor.o
 .debug_abbrev  0x00001090      0x10c ./Drivers/BSP/Components/platform.o
 .debug_abbrev  0x0000119c      0x2b1 ./Drivers/BSP/Components/vl53l7cx.o
 .debug_abbrev  0x0000144d      0x2b3 ./Drivers/BSP/Components/vl53l7cx_api.o
 .debug_abbrev  0x00001700      0x169 ./Drivers/BSP/Components/vl53l7cx_plugin_detection_thresholds.o
 .debug_abbrev  0x00001869      0x11a ./Drivers/CMSIS/system_stm32f4xx.o
 .debug_abbrev  0x00001983      0x24b ./Drivers/STM32F4xx_HAL_Driver/stm32f4xx_hal.o
 .debug_abbrev  0x00001bce      0x31d ./Drivers/STM32F4xx_HAL_Driver/stm32f4xx_hal_cortex.o
 .debug_abbrev  0x00001eeb      0x1d3 ./Drivers/STM32F4xx_HAL_Driver/stm32f4xx_hal_gpio.o
 .debug_abbrev  0x000020be      0x2bc ./Drivers/STM32F4xx_HAL_Driver/stm32f4xx_hal_i2c.o
 .debug_abbrev  0x0000237a      0x2b6 ./Drivers/STM32F4xx_HAL_Driver/stm32f4xx_hal_rcc.o
 .debug_abbrev  0x00002630      0x31b ./Drivers/STM32F4xx_HAL_Driver/stm32f4xx_hal_uart.o

.debug_aranges  0x00000000      0xdb0
 .debug_aranges
                0x00000000       0x28 ./Application/Startup/startup_stm32f401retx.o
 .debug_aranges
                0x00000028       0x50 ./Application/User/app_tof.o
 .debug_aranges
                0x00000078       0x20 ./Application/User/app_tof_pin_conf.o
 .debug_aranges
                0x00000098       0x38 ./Application/User/main.o
 .debug_aranges
                0x000000d0       0x20 ./Application/User/stm32f4xx_hal_msp.o
 .debug_aranges
                0x000000f0       0x68 ./Application/User/stm32f4xx_it.o
 .debug_aranges
                0x00000158       0x58 ./Application/User/stm32f4xx_nucleo.o
 .debug_aranges
                0x000001b0       0x80 ./Application/User/stm32f4xx_nucleo_bus.o
 .debug_aranges
                0x00000230       0xa8 ./Application/User/syscalls.o
 .debug_aranges
                0x000002d8       0x20 ./Application/User/sysmem.o
 .debug_aranges
                0x000002f8       0x98 ./Drivers/BSP/53L7A1/53l7a1_ranging_sensor.o
 .debug_aranges
                0x00000390       0x48 ./Drivers/BSP/Components/platform.o
 .debug_aranges
                0x000003d8       0xb0 ./Drivers/BSP/Components/vl53l7cx.o
 .debug_aranges
                0x00000488      0x118 ./Drivers/BSP/Components/vl53l7cx_api.o
 .debug_aranges
                0x000005a0       0x38 ./Drivers/BSP/Components/vl53l7cx_plugin_detection_thresholds.o
 .debug_aranges
                0x000005d8       0x28 ./Drivers/CMSIS/system_stm32f4xx.o
 .debug_aranges
                0x00000600       0xf0 ./Drivers/STM32F4xx_HAL_Driver/stm32f4xx_hal.o
 .debug_aranges
                0x000006f0      0x130 ./Drivers/STM32F4xx_HAL_Driver/stm32f4xx_hal_cortex.o
 .debug_aranges
                0x00000820       0x58 ./Drivers/STM32F4xx_HAL_Driver/stm32f4xx_hal_gpio.o
 .debug_aranges
                0x00000878      0x2a8 ./Drivers/STM32F4xx_HAL_Driver/stm32f4xx_hal_i2c.o
 .debug_aranges
                0x00000b20       0x88 ./Drivers/STM32F4xx_HAL_Driver/stm32f4xx_hal_rcc.o
 .debug_aranges
                0x00000ba8      0x208 ./Drivers/STM32F4xx_HAL_Driver/stm32f4xx_hal_uart.o

.debug_str      0x00000000    0x8d928
 .debug_str     0x00000000    0x8d928 ./Application/Startup/startup_stm32f401retx.o
                                 0x7f (size before relaxing)
 .debug_str     0x0008d928    0x87998 ./Application/User/app_tof.o
 .debug_str     0x0008d928    0x80c3e ./Application/User/app_tof_pin_conf.o
 .debug_str     0x0008d928    0x81ac8 ./Application/User/main.o
 .debug_str     0x0008d928    0x8145c ./Application/User/stm32f4xx_hal_msp.o
 .debug_str     0x0008d928    0x8140e ./Application/User/stm32f4xx_it.o
 .debug_str     0x0008d928    0x81a8d ./Application/User/stm32f4xx_nucleo.o
 .debug_str     0x0008d928    0x8188e ./Application/User/stm32f4xx_nucleo_bus.o
 .debug_str     0x0008d928     0x99e0 ./Application/User/syscalls.o
 .debug_str     0x0008d928     0x777e ./Application/User/sysmem.o
 .debug_str     0x0008d928    0x86f05 ./Drivers/BSP/53L7A1/53l7a1_ranging_sensor.o
 .debug_str     0x0008d928     0x7518 ./Drivers/BSP/Components/platform.o
 .debug_str     0x0008d928     0x9cd2 ./Drivers/BSP/Components/vl53l7cx.o
 .debug_str     0x0008d928     0x8bf3 ./Drivers/BSP/Components/vl53l7cx_api.o
 .debug_str     0x0008d928     0x887b ./Drivers/BSP/Components/vl53l7cx_plugin_detection_thresholds.o
 .debug_str     0x0008d928    0x80cb9 ./Drivers/CMSIS/system_stm32f4xx.o
 .debug_str     0x0008d928    0x816e0 ./Drivers/STM32F4xx_HAL_Driver/stm32f4xx_hal.o
 .debug_str     0x0008d928    0x81449 ./Drivers/STM32F4xx_HAL_Driver/stm32f4xx_hal_cortex.o
 .debug_str     0x0008d928    0x80e39 ./Drivers/STM32F4xx_HAL_Driver/stm32f4xx_hal_gpio.o
 .debug_str     0x0008d928    0x81ccf ./Drivers/STM32F4xx_HAL_Driver/stm32f4xx_hal_i2c.o
 .debug_str     0x0008d928    0x810f2 ./Drivers/STM32F4xx_HAL_Driver/stm32f4xx_hal_rcc.o
 .debug_str     0x0008d928    0x816c1 ./Drivers/STM32F4xx_HAL_Driver/stm32f4xx_hal_uart.o

.debug_rnglists
                0x00000000      0xa7d
 .debug_rnglists
                0x00000000       0x19 ./Application/Startup/startup_stm32f401retx.o
 .debug_rnglists
                0x00000019       0x39 ./Application/User/app_tof.o
 .debug_rnglists
                0x00000052       0x13 ./Application/User/app_tof_pin_conf.o
 .debug_rnglists
                0x00000065       0x27 ./Application/User/main.o
 .debug_rnglists
                0x0000008c       0x13 ./Application/User/stm32f4xx_hal_msp.o
 .debug_rnglists
                0x0000009f       0x49 ./Application/User/stm32f4xx_it.o
 .debug_rnglists
                0x000000e8       0x3e ./Application/User/stm32f4xx_nucleo.o
 .debug_rnglists
                0x00000126       0x5c ./Application/User/stm32f4xx_nucleo_bus.o
 .debug_rnglists
                0x00000182       0x79 ./Application/User/syscalls.o
 .debug_rnglists
                0x000001fb       0x13 ./Application/User/sysmem.o
 .debug_rnglists
                0x0000020e       0x6e ./Drivers/BSP/53L7A1/53l7a1_ranging_sensor.o
 .debug_rnglists
                0x0000027c       0x31 ./Drivers/BSP/Components/platform.o
 .debug_rnglists
                0x000002ad       0x85 ./Drivers/BSP/Components/vl53l7cx.o
 .debug_rnglists
                0x00000332       0xdd ./Drivers/BSP/Components/vl53l7cx_api.o
 .debug_rnglists
                0x0000040f       0x28 ./Drivers/BSP/Components/vl53l7cx_plugin_detection_thresholds.o
 .debug_rnglists
                0x00000437       0x1a ./Drivers/CMSIS/system_stm32f4xx.o
 .debug_rnglists
                0x00000451       0xaf ./Drivers/STM32F4xx_HAL_Driver/stm32f4xx_hal.o
 .debug_rnglists
                0x00000500       0xe0 ./Drivers/STM32F4xx_HAL_Driver/stm32f4xx_hal_cortex.o
 .debug_rnglists
                0x000005e0       0x3f ./Drivers/STM32F4xx_HAL_Driver/stm32f4xx_hal_gpio.o
 .debug_rnglists
                0x0000061f      0x23c ./Drivers/STM32F4xx_HAL_Driver/stm32f4xx_hal_i2c.o
 .debug_rnglists
                0x0000085b       0x66 ./Drivers/STM32F4xx_HAL_Driver/stm32f4xx_hal_rcc.o
 .debug_rnglists
                0x000008c1      0x1bc ./Drivers/STM32F4xx_HAL_Driver/stm32f4xx_hal_uart.o

.debug_macro    0x00000000    0x184c9
 .debug_macro   0x00000000      0x427 ./Application/User/app_tof.o
 .debug_macro   0x00000427      0xad8 ./Application/User/app_tof.o
 .debug_macro   0x00000eff      0x29b ./Application/User/app_tof.o
 .debug_macro   0x0000119a       0x2e ./Application/User/app_tof.o
 .debug_macro   0x000011c8       0x28 ./Application/User/app_tof.o
 .debug_macro   0x000011f0       0x22 ./Application/User/app_tof.o
 .debug_macro   0x00001212       0x8e ./Application/User/app_tof.o
 .debug_macro   0x000012a0       0x51 ./Application/User/app_tof.o
 .debug_macro   0x000012f1      0x103 ./Application/User/app_tof.o
 .debug_macro   0x000013f4       0x6a ./Application/User/app_tof.o
 .debug_macro   0x0000145e      0x1df ./Application/User/app_tof.o
 .debug_macro   0x0000163d       0x1c ./Application/User/app_tof.o
 .debug_macro   0x00001659       0x22 ./Application/User/app_tof.o
 .debug_macro   0x0000167b       0xd9 ./Application/User/app_tof.o
 .debug_macro   0x00001754     0x102d ./Application/User/app_tof.o
 .debug_macro   0x00002781      0x11f ./Application/User/app_tof.o
 .debug_macro   0x000028a0     0xb86c ./Application/User/app_tof.o
 .debug_macro   0x0000e10c       0x6d ./Application/User/app_tof.o
 .debug_macro   0x0000e179     0x369a ./Application/User/app_tof.o
 .debug_macro   0x00011813      0x190 ./Application/User/app_tof.o
 .debug_macro   0x000119a3       0x5c ./Application/User/app_tof.o
 .debug_macro   0x000119ff      0x416 ./Application/User/app_tof.o
 .debug_macro   0x00011e15      0x9e9 ./Application/User/app_tof.o
 .debug_macro   0x000127fe      0x115 ./Application/User/app_tof.o
 .debug_macro   0x00012913       0xf8 ./Application/User/app_tof.o
 .debug_macro   0x00012a0b       0xa5 ./Application/User/app_tof.o
 .debug_macro   0x00012ab0      0x15f ./Application/User/app_tof.o
 .debug_macro   0x00012c0f      0x287 ./Application/User/app_tof.o
 .debug_macro   0x00012e96       0x5f ./Application/User/app_tof.o
 .debug_macro   0x00012ef5      0x236 ./Application/User/app_tof.o
 .debug_macro   0x0001312b      0x132 ./Application/User/app_tof.o
 .debug_macro   0x0001325d      0x264 ./Application/User/app_tof.o
 .debug_macro   0x000134c1       0x2e ./Application/User/app_tof.o
 .debug_macro   0x000134ef      0x1b5 ./Application/User/app_tof.o
 .debug_macro   0x000136a4       0x22 ./Application/User/app_tof.o
 .debug_macro   0x000136c6       0xd6 ./Application/User/app_tof.o
 .debug_macro   0x0001379c      0x127 ./Application/User/app_tof.o
 .debug_macro   0x000138c3       0x85 ./Application/User/app_tof.o
 .debug_macro   0x00013948       0x89 ./Application/User/app_tof.o
 .debug_macro   0x000139d1      0x2aa ./Application/User/app_tof.o
 .debug_macro   0x00013c7b      0x126 ./Application/User/app_tof.o
 .debug_macro   0x00013da1       0x2e ./Application/User/app_tof.o
 .debug_macro   0x00013dcf       0x82 ./Application/User/app_tof.o
 .debug_macro   0x00013e51       0xa8 ./Application/User/app_tof.o
 .debug_macro   0x00013ef9       0x34 ./Application/User/app_tof.o
 .debug_macro   0x00013f2d       0x61 ./Application/User/app_tof.o
 .debug_macro   0x00013f8e       0x2a ./Application/User/app_tof.o
 .debug_macro   0x00013fb8       0x43 ./Application/User/app_tof.o