Archive member included to satisfy reference by file (symbol)

C:/ST/STM32CubeIDE_1.18.0/STM32CubeIDE/plugins/com.st.stm32cube.ide.mcu.externaltools.gnu-tools-for-stm32.13.3.rel1.win32_1.0.0.202411081344/tools/bin/../lib/gcc/arm-none-eabi/13.3.1/../../../../arm-none-eabi/lib/thumb/v7e-m+fp/hard\libc_nano.a(libc_a-exit.o)
                              C:/ST/STM32CubeIDE_1.18.0/STM32CubeIDE/plugins/com.st.stm32cube.ide.mcu.externaltools.gnu-tools-for-stm32.13.3.rel1.win32_1.0.0.202411081344/tools/bin/../lib/gcc/arm-none-eabi/13.3.1/../../../../arm-none-eabi/lib/thumb/v7e-m+fp/hard/crt0.o (exit)
C:/ST/STM32CubeIDE_1.18.0/STM32CubeIDE/plugins/com.st.stm32cube.ide.mcu.externaltools.gnu-tools-for-stm32.13.3.rel1.win32_1.0.0.202411081344/tools/bin/../lib/gcc/arm-none-eabi/13.3.1/../../../../arm-none-eabi/lib/thumb/v7e-m+fp/hard\libc_nano.a(libc_a-findfp.o)
                              C:/ST/STM32CubeIDE_1.18.0/STM32CubeIDE/plugins/com.st.stm32cube.ide.mcu.externaltools.gnu-tools-for-stm32.13.3.rel1.win32_1.0.0.202411081344/tools/bin/../lib/gcc/arm-none-eabi/13.3.1/../../../../arm-none-eabi/lib/thumb/v7e-m+fp/hard\libc_nano.a(libc_a-exit.o) (__stdio_exit_handler)
C:/ST/STM32CubeIDE_1.18.0/STM32CubeIDE/plugins/com.st.stm32cube.ide.mcu.externaltools.gnu-tools-for-stm32.13.3.rel1.win32_1.0.0.202411081344/tools/bin/../lib/gcc/arm-none-eabi/13.3.1/../../../../arm-none-eabi/lib/thumb/v7e-m+fp/hard\libc_nano.a(libc_a-fwalk.o)
                              C:/ST/STM32CubeIDE_1.18.0/STM32CubeIDE/plugins/com.st.stm32cube.ide.mcu.externaltools.gnu-tools-for-stm32.13.3.rel1.win32_1.0.0.202411081344/tools/bin/../lib/gcc/arm-none-eabi/13.3.1/../../../../arm-none-eabi/lib/thumb/v7e-m+fp/hard\libc_nano.a(libc_a-findfp.o) (_fwalk_sglue)
C:/ST/STM32CubeIDE_1.18.0/STM32CubeIDE/plugins/com.st.stm32cube.ide.mcu.externaltools.gnu-tools-for-stm32.13.3.rel1.win32_1.0.0.202411081344/tools/bin/../lib/gcc/arm-none-eabi/13.3.1/../../../../arm-none-eabi/lib/thumb/v7e-m+fp/hard\libc_nano.a(libc_a-printf.o)
                              ./Application/User/app_tof.o (printf)
C:/ST/STM32CubeIDE_1.18.0/STM32CubeIDE/plugins/com.st.stm32cube.ide.mcu.externaltools.gnu-tools-for-stm32.13.3.rel1.win32_1.0.0.202411081344/tools/bin/../lib/gcc/arm-none-eabi/13.3.1/../../../../arm-none-eabi/lib/thumb/v7e-m+fp/hard\libc_nano.a(libc_a-stdio.o)
                              C:/ST/STM32CubeIDE_1.18.0/STM32CubeIDE/plugins/com.st.stm32cube.ide.mcu.externaltools.gnu-tools-for-stm32.13.3.rel1.win32_1.0.0.202411081344/tools/bin/../lib/gcc/arm-none-eabi/13.3.1/../../../../arm-none-eabi/lib/thumb/v7e-m+fp/hard\libc_nano.a(libc_a-findfp.o) (__sread)
C:/ST/STM32CubeIDE_1.18.0/STM32CubeIDE/plugins/com.st.stm32cube.ide.mcu.externaltools.gnu-tools-for-stm32.13.3.rel1.win32_1.0.0.202411081344/tools/bin/../lib/gcc/arm-none-eabi/13.3.1/../../../../arm-none-eabi/lib/thumb/v7e-m+fp/hard\libc_nano.a(libc_a-memset.o)
                              C:/ST/STM32CubeIDE_1.18.0/STM32CubeIDE/plugins/com.st.stm32cube.ide.mcu.externaltools.gnu-tools-for-stm32.13.3.rel1.win32_1.0.0.202411081344/tools/bin/../lib/gcc/arm-none-eabi/13.3.1/../../../../arm-none-eabi/lib/thumb/v7e-m+fp/hard/crt0.o (memset)
C:/ST/STM32CubeIDE_1.18.0/STM32CubeIDE/plugins/com.st.stm32cube.ide.mcu.externaltools.gnu-tools-for-stm32.13.3.rel1.win32_1.0.0.202411081344/tools/bin/../lib/gcc/arm-none-eabi/13.3.1/../../../../arm-none-eabi/lib/thumb/v7e-m+fp/hard\libc_nano.a(libc_a-closer.o)
                              C:/ST/STM32CubeIDE_1.18.0/STM32CubeIDE/plugins/com.st.stm32cube.ide.mcu.externaltools.gnu-tools-for-stm32.13.3.rel1.win32_1.0.0.202411081344/tools/bin/../lib/gcc/arm-none-eabi/13.3.1/../../../../arm-none-eabi/lib/thumb/v7e-m+fp/hard\libc_nano.a(libc_a-stdio.o) (_close_r)
C:/ST/STM32CubeIDE_1.18.0/STM32CubeIDE/plugins/com.st.stm32cube.ide.mcu.externaltools.gnu-tools-for-stm32.13.3.rel1.win32_1.0.0.202411081344/tools/bin/../lib/gcc/arm-none-eabi/13.3.1/../../../../arm-none-eabi/lib/thumb/v7e-m+fp/hard\libc_nano.a(libc_a-reent.o)
                              C:/ST/STM32CubeIDE_1.18.0/STM32CubeIDE/plugins/com.st.stm32cube.ide.mcu.externaltools.gnu-tools-for-stm32.13.3.rel1.win32_1.0.0.202411081344/tools/bin/../lib/gcc/arm-none-eabi/13.3.1/../../../../arm-none-eabi/lib/thumb/v7e-m+fp/hard\libc_nano.a(libc_a-closer.o) (errno)
C:/ST/STM32CubeIDE_1.18.0/STM32CubeIDE/plugins/com.st.stm32cube.ide.mcu.externaltools.gnu-tools-for-stm32.13.3.rel1.win32_1.0.0.202411081344/tools/bin/../lib/gcc/arm-none-eabi/13.3.1/../../../../arm-none-eabi/lib/thumb/v7e-m+fp/hard\libc_nano.a(libc_a-impure.o)
                              C:/ST/STM32CubeIDE_1.18.0/STM32CubeIDE/plugins/com.st.stm32cube.ide.mcu.externaltools.gnu-tools-for-stm32.13.3.rel1.win32_1.0.0.202411081344/tools/bin/../lib/gcc/arm-none-eabi/13.3.1/../../../../arm-none-eabi/lib/thumb/v7e-m+fp/hard\libc_nano.a(libc_a-printf.o) (_impure_ptr)
[...]
Memory Configuration

Name             Origin             Length             Attributes
RAM              0x20000000         0x00018000         xrw
FLASH            0x08000000         0x00080000         xr
*default*        0x00000000         0xffffffff

Linker script and memory map

LOAD C:/ST/STM32CubeIDE_1.18.0/STM32CubeIDE/plugins/com.st.stm32cube.ide.mcu.externaltools.gnu-tools-for-stm32.13.3.rel1.win32_1.0.0.202411081344/tools/bin/../lib/gcc/arm-none-eabi/13.3.1/thumb/v7e-m+fp/hard/crti.o
LOAD C:/ST/STM32CubeIDE_1.18.0/STM32CubeIDE/plugins/com.st.stm32cube.ide.mcu.externaltools.gnu-tools-for-stm32.13.3.rel1.win32_1.0.0.202411081344/tools/bin/../lib/gcc/arm-none-eabi/13.3.1/thumb/v7e-m+fp/hard/crtbegin.o
LOAD C:/ST/STM32CubeIDE_1.18.0/STM32CubeIDE/plugins/com.st.stm32cube.ide.mcu.externaltools.gnu-tools-for-stm32.13.3.rel1.win32_1.0.0.202411081344/tools/bin/../lib/gcc/arm-none-eabi/13.3.1/../../../../arm-none-eabi/lib/thumb/v7e-m+fp/hard/crt0.o
LOAD ./Application/Startup/startup_stm32f401retx.o
LOAD ./Application/User/app_tof.o
LOAD ./Application/User/app_tof_pin_conf.o
LOAD ./Application/User/main.o
LOAD ./Application/User/stm32f4xx_hal_msp.o
LOAD ./Application/User/stm32f4xx_it.o
LOAD ./Application/User/stm32f4xx_nucleo.o
LOAD ./Application/User/stm32f4xx_nucleo_bus.o
LOAD ./Application/User/syscalls.o
LOAD ./Application/User/sysmem.o
LOAD ./Drivers/BSP/53L7A1/53l7a1_ranging_sensor.o
LOAD ./Drivers/BSP/Components/platform.o
LOAD ./Drivers/BSP/Components/vl53l7cx.o
LOAD ./Drivers/BSP/Components/vl53l7cx_api.o
LOAD ./Drivers/BSP/Components/vl53l7cx_plugin_detection_thresholds.o
LOAD ./Drivers/BSP/Components/vl53l7cx_plugin_motion_indicator.o
LOAD ./Drivers/BSP/Components/vl53l7cx_plugin_xtalk.o
LOAD ./Drivers/CMSIS/system_stm32f4xx.o
LOAD ./Drivers/STM32F4xx_HAL_Driver/stm32f4xx_hal.o
LOAD ./Drivers/STM32F4xx_HAL_Driver/stm32f4xx_hal_cortex.o
LOAD ./Drivers/STM32F4xx_HAL_Driver/stm32f4xx_hal_dma.o
LOAD ./Drivers/STM32F4xx_HAL_Driver/stm32f4xx_hal_dma_ex.o
LOAD ./Drivers/STM32F4xx_HAL_Driver/stm32f4xx_hal_exti.o
LOAD ./Drivers/STM32F4xx_HAL_Driver/stm32f4xx_hal_flash.o
LOAD ./Drivers/STM32F4xx_HAL_Driver/stm32f4xx_hal_flash_ex.o
LOAD ./Drivers/STM32F4xx_HAL_Driver/stm32f4xx_hal_flash_ramfunc.o
LOAD ./Drivers/STM32F4xx_HAL_Driver/stm32f4xx_hal_gpio.o
LOAD ./Drivers/STM32F4xx_HAL_Driver/stm32f4xx_hal_i2c.o
LOAD ./Drivers/STM32F4xx_HAL_Driver/stm32f4xx_hal_i2c_ex.o
LOAD ./Drivers/STM32F4xx_HAL_Driver/stm32f4xx_hal_pwr.o
LOAD ./Drivers/STM32F4xx_HAL_Driver/stm32f4xx_hal_pwr_ex.o
LOAD ./Drivers/STM32F4xx_HAL_Driver/stm32f4xx_hal_rcc.o
LOAD ./Drivers/STM32F4xx_HAL_Driver/stm32f4xx_hal_rcc_ex.o
LOAD ./Drivers/STM32F4xx_HAL_Driver/stm32f4xx_hal_uart.o
START GROUP
LOAD C:/ST/STM32CubeIDE_1.18.0/STM32CubeIDE/plugins/com.st.stm32cube.ide.mcu.externaltools.gnu-tools-for-stm32.13.3.rel1.win32_1.0.0.202411081344/tools/bin/../lib/gcc/arm-none-eabi/13.3.1/../../../../arm-none-eabi/lib/thumb/v7e-m+fp/hard\libc_nano.a
LOAD C:/ST/STM32CubeIDE_1.18.0/STM32CubeIDE/plugins/com.st.stm32cube.ide.mcu.externaltools.gnu-tools-for-stm32.13.3.rel1.win32_1.0.0.202411081344/tools/bin/../lib/gcc/arm-none-eabi/13.3.1/../../../../arm-none-eabi/lib/thumb/v7e-m+fp/hard\libm.a
END GROUP
START GROUP
LOAD C:/ST/STM32CubeIDE_1.18.0/STM32CubeIDE/plugins/com.st.stm32cube.ide.mcu.externaltools.gnu-tools-for-stm32.13.3.rel1.win32_1.0.0.202411081344/tools/bin/../lib/gcc/arm-none-eabi/13.3.1/thumb/v7e-m+fp/hard\libgcc.a
LOAD C:/ST/STM32CubeIDE_1.18.0/STM32CubeIDE/plugins/com.st.stm32cube.ide.mcu.externaltools.gnu-tools-for-stm32.13.3.rel1.win32_1.0.0.202411081344/tools/bin/../lib/gcc/arm-none-eabi/13.3.1/../../../../arm-none-eabi/lib/thumb/v7e-m+fp/hard\libc_nano.a
END GROUP
START GROUP
LOAD C:/ST/STM32CubeIDE_1.18.0/STM32CubeIDE/plugins/com.st.stm32cube.ide.mcu.externaltools.gnu-tools-for-stm32.13.3.rel1.win32_1.0.0.202411081344/tools/bin/../lib/gcc/arm-none-eabi/13.3.1/thumb/v7e-m+fp/hard\libgcc.a
LOAD C:/ST/STM32CubeIDE_1.18.0/STM32CubeIDE/plugins/com.st.stm32cube.ide.mcu.externaltools.gnu-tools-for-stm32.13.3.rel1.win32_1.0.0.202411081344/tools/bin/../lib/gcc/arm-none-eabi/13.3.1/../../../../arm-none-eabi/lib/thumb/v7e-m+fp/hard\libc_nano.a
LOAD C:/ST/STM32CubeIDE_1.18.0/STM32CubeIDE/plugins/com.st.stm32cube.ide.mcu.externaltools.gnu-tools-for-stm32.13.3.rel1.win32_1.0.0.202411081344/tools/bin/../lib/gcc/arm-none-eabi/13.3.1/../../../../arm-none-eabi/lib/thumb/v7e-m+fp/hard\libnosys.a
END GROUP
START GROUP
LOAD C:/ST/STM32CubeIDE_1.18.0/STM32CubeIDE/plugins/com.st.stm32cube.ide.mcu.externaltools.gnu-tools-for-stm32.13.3.rel1.win32_1.0.0.202411081344/tools/bin/../lib/gcc/arm-none-eabi/13.3.1/thumb/v7e-m+fp/hard\libgcc.a
LOAD C:/ST/STM32CubeIDE_1.18.0/STM32CubeIDE/plugins/com.st.stm32cube.ide.mcu.externaltools.gnu-tools-for-stm32.13.3.rel1.win32_1.0.0.202411081344/tools/bin/../lib/gcc/arm-none-eabi/13.3.1/../../../../arm-none-eabi/lib/thumb/v7e-m+fp/hard\libc_nano.a
LOAD C:/ST/STM32CubeIDE_1.18.0/STM32CubeIDE/plugins/com.st.stm32cube.ide.mcu.externaltools.gnu-tools-for-stm32.13.3.rel1.win32_1.0.0.202411081344/tools/bin/../lib/gcc/arm-none-eabi/13.3.1/../../../../arm-none-eabi/lib/thumb/v7e-m+fp/hard\libnosys.a
END GROUP
LOAD C:/ST/STM32CubeIDE_1.18.0/STM32CubeIDE/plugins/com.st.stm32cube.ide.mcu.externaltools.gnu-tools-for-stm32.13.3.rel1.win32_1.0.0.202411081344/tools/bin/../lib/gcc/arm-none-eabi/13.3.1/thumb/v7e-m+fp/hard/crtend.o
LOAD C:/ST/STM32CubeIDE_1.18.0/STM32CubeIDE/plugins/com.st.stm32cube.ide.mcu.externaltools.gnu-tools-for-stm32.13.3.rel1.win32_1.0.0.202411081344/tools/bin/../lib/gcc/arm-none-eabi/13.3.1/thumb/v7e-m+fp/hard/crtn.o
                0x20018000                        _estack = (ORIGIN (RAM) + LENGTH (RAM))
                0x00000200                        _Min_Heap_Size = 0x200
                0x00000800                        _Min_Stack_Size = 0x800

.isr_vector     0x08000000      0x194
                0x08000000                        . = ALIGN (0x4)
 *(.isr_vector)
 .isr_vector    0x08000000      0x194 ./Application/Startup/startup_stm32f401retx.o
                0x08000000                g_pfnVectors
                0x08000194                        . = ALIGN (0x4)

.text           0x080001a0     0x7f10
                0x080001a0                        . = ALIGN (0x4)
 *(.text)
 .text          0x080001a0       0x40 C:/ST/STM32CubeIDE_1.18.0/STM32CubeIDE/plugins/com.st.stm32cube.ide.mcu.externaltools.gnu-tools-for-stm32.13.3.rel1.win32_1.0.0.202411081344/tools/bin/../lib/gcc/arm-none-eabi/13.3.1/thumb/v7e-m+fp/hard/crtbegin.o
 .text          0x080001e0       0xa0 C:/ST/STM32CubeIDE_1.18.0/STM32CubeIDE/plugins/com.st.stm32cube.ide.mcu.externaltools.gnu-tools-for-stm32.13.3.rel1.win32_1.0.0.202411081344/tools/bin/../lib/gcc/arm-none-eabi/13.3.1/../../../../arm-none-eabi/lib/thumb/v7e-m+fp/hard\libc_nano.a(libc_a-memchr.o)
                0x080001e0                memchr
 .text          0x08000280       0x30 C:/ST/STM32CubeIDE_1.18.0/STM32CubeIDE/plugins/com.st.stm32cube.ide.mcu.externaltools.gnu-tools-for-stm32.13.3.rel1.win32_1.0.0.202411081344/tools/bin/../lib/gcc/arm-none-eabi/13.3.1/thumb/v7e-m+fp/hard\libgcc.a(_aeabi_uldivmod.o)
                0x08000280                __aeabi_uldivmod
 .text          0x080002b0      0x2f8 C:/ST/STM32CubeIDE_1.18.0/STM32CubeIDE/plugins/com.st.stm32cube.ide.mcu.externaltools.gnu-tools-for-stm32.13.3.rel1.win32_1.0.0.202411081344/tools/bin/../lib/gcc/arm-none-eabi/13.3.1/thumb/v7e-m+fp/hard\libgcc.a(_udivmoddi4.o)
                0x080002b0                __udivmoddi4
 .text          0x080005a8        0x4 C:/ST/STM32CubeIDE_1.18.0/STM32CubeIDE/plugins/com.st.stm32cube.ide.mcu.externaltools.gnu-tools-for-stm32.13.3.rel1.win32_1.0.0.202411081344/tools/bin/../lib/gcc/arm-none-eabi/13.3.1/thumb/v7e-m+fp/hard\libgcc.a(_dvmd_tls.o)
                0x080005a8                __aeabi_idiv0
                0x080005a8                __aeabi_ldiv0
 *(.text*)
 .text.Reset_Handler
                0x080005ac       0x50 ./Application/Startup/startup_stm32f401retx.o
                0x080005ac                Reset_Handler
 .text.Default_Handler
                0x080005fc        0x2 ./Application/Startup/startup_stm32f401retx.o
                0x080005fc                RTC_Alarm_IRQHandler
                0x080005fc                EXTI2_IRQHandler
                0x080005fc                SPI4_IRQHandler
                0x080005fc                TIM1_CC_IRQHandler
                0x080005fc                DMA2_Stream5_IRQHandler
                0x080005fc                DMA1_Stream5_IRQHandler
                0x080005fc                PVD_IRQHandler
                0x080005fc                SDIO_IRQHandler
                0x080005fc                TAMP_STAMP_IRQHandler
                0x080005fc                EXTI3_IRQHandler
                0x080005fc                TIM1_UP_TIM10_IRQHandler
                0x080005fc                I2C3_ER_IRQHandler
                0x080005fc                EXTI0_IRQHandler
                0x080005fc                I2C2_EV_IRQHandler
                0x080005fc                DMA1_Stream2_IRQHandler
                0x080005fc                FPU_IRQHandler
                0x080005fc                DMA2_Stream2_IRQHandler
                0x080005fc                SPI1_IRQHandler
                0x080005fc                TIM1_BRK_TIM9_IRQHandler
                0x080005fc                DMA2_Stream3_IRQHandler
                0x080005fc                USART6_IRQHandler
                0x080005fc                DMA2_Stream0_IRQHandler
                0x080005fc                TIM4_IRQHandler
                0x080005fc                I2C1_EV_IRQHandler
                0x080005fc                DMA1_Stream6_IRQHandler
                0x080005fc                DMA1_Stream1_IRQHandler
                0x080005fc                TIM3_IRQHandler
                0x080005fc                RCC_IRQHandler
                0x080005fc                Default_Handler
                0x080005fc                EXTI15_10_IRQHandler
                0x080005fc                ADC_IRQHandler
                0x080005fc                DMA1_Stream7_IRQHandler
                0x080005fc                TIM5_IRQHandler
                0x080005fc                DMA2_Stream7_IRQHandler
                0x080005fc                I2C3_EV_IRQHandler
                0x080005fc                EXTI9_5_IRQHandler
                0x080005fc                RTC_WKUP_IRQHandler
                0x080005fc                SPI2_IRQHandler
                0x080005fc                DMA1_Stream0_IRQHandler
                0x080005fc                WWDG_IRQHandler
                0x080005fc                TIM2_IRQHandler
                0x080005fc                OTG_FS_WKUP_IRQHandler
                0x080005fc                TIM1_TRG_COM_TIM11_IRQHandler
                0x080005fc                EXTI1_IRQHandler
                0x080005fc                USART2_IRQHandler
                0x080005fc                I2C2_ER_IRQHandler
                0x080005fc                DMA2_Stream1_IRQHandler
                0x080005fc                FLASH_IRQHandler
                0x080005fc                DMA2_Stream4_IRQHandler
                0x080005fc                USART1_IRQHandler
                0x080005fc                OTG_FS_IRQHandler
                0x080005fc                SPI3_IRQHandler
                0x080005fc                DMA1_Stream4_IRQHandler
                0x080005fc                I2C1_ER_IRQHandler
                0x080005fc                DMA2_Stream6_IRQHandler
                0x080005fc                DMA1_Stream3_IRQHandler
 *fill*         0x080005fe        0x2 
 .text.send_gpio_pulses
                0x08000600       0x4c ./Application/User/app_tof.o
 .text.detect_gesture
                0x0800064c      0x218 ./Application/User/app_tof.o
 .text.process_gestures
                0x08000864       0x3c ./Application/User/app_tof.o
 .text.check_no_detection_timeout
                0x080008a0       0x4c ./Application/User/app_tof.o
 .text.MX_TOF_Init
                0x080008ec        0xc ./Application/User/app_tof.o
                0x080008ec                MX_TOF_Init
 .text.MX_TOF_Process
                0x080008f8        0xc ./Application/User/app_tof.o
                0x080008f8                MX_TOF_Process
 .text.MX_53L7A1_ThresholdDetection_Init
                0x08000904       0xb4 ./Application/User/app_tof.o
 .text.MX_53L7A1_ThresholdDetection_Process
                0x080009b8      0x10c ./Application/User/app_tof.o
 .text.HAL_GPIO_EXTI_Callback
                0x08000ac4       0x28 ./Application/User/app_tof_pin_conf.o
                0x08000ac4                HAL_GPIO_EXTI_Callback
 .text.main     0x08000aec       0x28 ./Application/User/main.o
                0x08000aec                main
 .text.SystemClock_Config
                0x08000b14       0xd8 ./Application/User/main.o
                0x08000b14                SystemClock_Config
 .text.MX_GPIO_Init
                0x08000bec      0x13c ./Application/User/main.o
 .text.Error_Handler
                0x08000d28        0xc ./Application/User/main.o
                0x08000d28                Error_Handler
 .text.HAL_MspInit
                0x08000d34       0x50 ./Application/User/stm32f4xx_hal_msp.o
                0x08000d34                HAL_MspInit
 .text.NMI_Handler
                0x08000d84        0x8 ./Application/User/stm32f4xx_it.o
                0x08000d84                NMI_Handler
 .text.HardFault_Handler
                0x08000d8c        0x8 ./Application/User/stm32f4xx_it.o
                0x08000d8c                HardFault_Handler
 .text.MemManage_Handler
                0x08000d94        0x8 ./Application/User/stm32f4xx_it.o
                0x08000d94                MemManage_Handler
 .text.BusFault_Handler
                0x08000d9c        0x8 ./Application/User/stm32f4xx_it.o
                0x08000d9c                BusFault_Handler
 .text.UsageFault_Handler
                0x08000da4        0x8 ./Application/User/stm32f4xx_it.o
                0x08000da4                UsageFault_Handler
 .text.SVC_Handler
                0x08000dac        0xe ./Application/User/stm32f4xx_it.o
                0x08000dac                SVC_Handler
 .text.DebugMon_Handler
                0x08000dba        0xe ./Application/User/stm32f4xx_it.o
                0x08000dba                DebugMon_Handler
 .text.PendSV_Handler
                0x08000dc8        0xe ./Application/User/stm32f4xx_it.o
                0x08000dc8                PendSV_Handler
 .text.SysTick_Handler
                0x08000dd6        0xc ./Application/User/stm32f4xx_it.o
                0x08000dd6                SysTick_Handler
 .text.EXTI4_IRQHandler
                0x08000de2        0xe ./Application/User/stm32f4xx_it.o
                0x08000de2                EXTI4_IRQHandler
 .text.BSP_COM_Init
                0x08000df0       0x7c ./Application/User/stm32f4xx_nucleo.o
                0x08000df0                BSP_COM_Init
 .text.MX_USART2_UART_Init
                0x08000e6c       0x5c ./Application/User/stm32f4xx_nucleo.o
                0x08000e6c                MX_USART2_UART_Init
 .text.__io_putchar
                0x08000ec8       0x38 ./Application/User/stm32f4xx_nucleo.o
                0x08000ec8                __io_putchar
 .text.USART2_MspInit
                0x08000f00       0x90 ./Application/User/stm32f4xx_nucleo.o
 .text.BSP_I2C1_Init
                0x08000f90       0x64 ./Application/User/stm32f4xx_nucleo_bus.o
                0x08000f90                BSP_I2C1_Init
 .text.BSP_I2C1_DeInit
                0x08000ff4       0x50 ./Application/User/stm32f4xx_nucleo_bus.o
                0x08000ff4                BSP_I2C1_DeInit
 .text.BSP_I2C1_WriteReg16
                0x08001044       0x64 ./Application/User/stm32f4xx_nucleo_bus.o
                0x08001044                BSP_I2C1_WriteReg16
 .text.BSP_I2C1_ReadReg16
                0x080010a8       0x64 ./Application/User/stm32f4xx_nucleo_bus.o
                0x080010a8                BSP_I2C1_ReadReg16
 .text.BSP_GetTick
                0x0800110c        0xe ./Application/User/stm32f4xx_nucleo_bus.o
                0x0800110c                BSP_GetTick
 *fill*         0x0800111a        0x2 
 .text.MX_I2C1_Init
                0x0800111c       0x68 ./Application/User/stm32f4xx_nucleo_bus.o
                0x0800111c                MX_I2C1_Init
 .text.I2C1_MspInit
                0x08001184       0x94 ./Application/User/stm32f4xx_nucleo_bus.o
 .text.I2C1_MspDeInit
                0x08001218       0x38 ./Application/User/stm32f4xx_nucleo_bus.o
 .text._read    0x08001250       0x3a ./Application/User/syscalls.o
                0x08001250                _read
 .text._write   0x0800128a       0x38 ./Application/User/syscalls.o
                0x0800128a                _write
 .text._close   0x080012c2       0x18 ./Application/User/syscalls.o
                0x080012c2                _close
 .text._fstat   0x080012da       0x20 ./Application/User/syscalls.o
                0x080012da                _fstat
 .text._isatty  0x080012fa       0x16 ./Application/User/syscalls.o
                0x080012fa                _isatty
 .text._lseek   0x08001310       0x1a ./Application/User/syscalls.o
                0x08001310                _lseek
 *fill*         0x0800132a        0x2 
 .text._sbrk    0x0800132c       0x6c ./Application/User/sysmem.o
                0x0800132c                _sbrk
 .text.VL53L7A1_RANGING_SENSOR_Init
                0x08001398       0x28 ./Drivers/BSP/53L7A1/53l7a1_ranging_sensor.o
                0x08001398                VL53L7A1_RANGING_SENSOR_Init
 .text.VL53L7A1_RANGING_SENSOR_ReadID
                0x080013c0       0x50 ./Drivers/BSP/53L7A1/53l7a1_ranging_sensor.o
                0x080013c0                VL53L7A1_RANGING_SENSOR_ReadID
 .text.VL53L7A1_RANGING_SENSOR_GetCapabilities
                0x08001410       0x50 ./Drivers/BSP/53L7A1/53l7a1_ranging_sensor.o
                0x08001410                VL53L7A1_RANGING_SENSOR_GetCapabilities
 .text.VL53L7A1_RANGING_SENSOR_ConfigProfile
                0x08001460       0x50 ./Drivers/BSP/53L7A1/53l7a1_ranging_sensor.o
                0x08001460                VL53L7A1_RANGING_SENSOR_ConfigProfile
 .text.VL53L7A1_RANGING_SENSOR_ConfigIT
                0x080014b0       0x50 ./Drivers/BSP/53L7A1/53l7a1_ranging_sensor.o
                0x080014b0                VL53L7A1_RANGING_SENSOR_ConfigIT
 .text.VL53L7A1_RANGING_SENSOR_GetDistance
                0x08001500       0x50 ./Drivers/BSP/53L7A1/53l7a1_ranging_sensor.o
                0x08001500                VL53L7A1_RANGING_SENSOR_GetDistance
 .text.VL53L7A1_RANGING_SENSOR_Start
                0x08001550       0x50 ./Drivers/BSP/53L7A1/53l7a1_ranging_sensor.o
                0x08001550                VL53L7A1_RANGING_SENSOR_Start
 .text.VL53L7CX_Probe
                0x080015a0      0x118 ./Drivers/BSP/53L7A1/53l7a1_ranging_sensor.o
 .text.VL53L7CX_RdByte
                0x080016b8       0x2a ./Drivers/BSP/Components/platform.o
                0x080016b8                VL53L7CX_RdByte
 .text.VL53L7CX_WrByte
                0x080016e2       0x2c ./Drivers/BSP/Components/platform.o
                0x080016e2                VL53L7CX_WrByte
 .text.VL53L7CX_WrMulti
                0x0800170e       0x2e ./Drivers/BSP/Components/platform.o
                0x0800170e                VL53L7CX_WrMulti
 .text.VL53L7CX_RdMulti
                0x0800173c       0x2e ./Drivers/BSP/Components/platform.o
                0x0800173c                VL53L7CX_RdMulti
 .text.VL53L7CX_SwapBuffer
                0x0800176a       0x6c ./Drivers/BSP/Components/platform.o
                0x0800176a                VL53L7CX_SwapBuffer
 .text.VL53L7CX_WaitMs
                0x080017d6       0x34 ./Drivers/BSP/Components/platform.o
                0x080017d6                VL53L7CX_WaitMs
 .text.VL53L7CX_RegisterBusIO
                0x0800180a       0x90 ./Drivers/BSP/Components/vl53l7cx.o
                0x0800180a                VL53L7CX_RegisterBusIO
 .text.VL53L7CX_Init
                0x0800189a       0x7e ./Drivers/BSP/Components/vl53l7cx.o
                0x0800189a                VL53L7CX_Init
 .text.VL53L7CX_DeInit
                0x08001918       0x52 ./Drivers/BSP/Components/vl53l7cx.o
                0x08001918                VL53L7CX_DeInit
 .text.VL53L7CX_ReadID
                0x0800196a       0xc0 ./Drivers/BSP/Components/vl53l7cx.o
                0x0800196a                VL53L7CX_ReadID
 .text.VL53L7CX_GetCapabilities
                0x08001a2a       0x48 ./Drivers/BSP/Components/vl53l7cx.o
                0x08001a2a                VL53L7CX_GetCapabilities
 *fill*         0x08001a72        0x2 
 .text.VL53L7CX_ConfigProfile
                0x08001a74      0x13c ./Drivers/BSP/Components/vl53l7cx.o
                0x08001a74                VL53L7CX_ConfigProfile
 .text.VL53L7CX_ConfigROI
                0x08001bb0       0x1a ./Drivers/BSP/Components/vl53l7cx.o
                0x08001bb0                VL53L7CX_ConfigROI
 *fill*         0x08001bca        0x2 
 .text.VL53L7CX_ConfigIT
                0x08001bcc      0x170 ./Drivers/BSP/Components/vl53l7cx.o
                0x08001bcc                VL53L7CX_ConfigIT
 .text.VL53L7CX_GetDistance
                0x08001d3c       0x74 ./Drivers/BSP/Components/vl53l7cx.o
                0x08001d3c                VL53L7CX_GetDistance
 .text.VL53L7CX_Start
                0x08001db0       0xbc ./Drivers/BSP/Components/vl53l7cx.o
                0x08001db0                VL53L7CX_Start
 .text.VL53L7CX_Stop
                0x08001e6c       0x56 ./Drivers/BSP/Components/vl53l7cx.o
                0x08001e6c                VL53L7CX_Stop
 .text.VL53L7CX_SetAddress
                0x08001ec2       0x4e ./Drivers/BSP/Components/vl53l7cx.o
                0x08001ec2                VL53L7CX_SetAddress
 .text.VL53L7CX_GetAddress
                0x08001f10       0x3a ./Drivers/BSP/Components/vl53l7cx.o
                0x08001f10                VL53L7CX_GetAddress
 .text.VL53L7CX_SetPowerMode
                0x08001f4a       0x58 ./Drivers/BSP/Components/vl53l7cx.o
                0x08001f4a                VL53L7CX_SetPowerMode
 .text.VL53L7CX_GetPowerMode
                0x08001fa2       0x58 ./Drivers/BSP/Components/vl53l7cx.o
                0x08001fa2                VL53L7CX_GetPowerMode
 .text.vl53l7cx_poll_for_measurement
                0x08001ffa       0x66 ./Drivers/BSP/Components/vl53l7cx.o
 .text.vl53l7cx_get_result
                0x08002060      0x1cc ./Drivers/BSP/Components/vl53l7cx.o
 .text.vl53l7cx_map_target_status
                0x0800222c       0x3a ./Drivers/BSP/Components/vl53l7cx.o
 .text._vl53l7cx_poll_for_answer
                0x08002266       0xa0 ./Drivers/BSP/Components/vl53l7cx_api.o
 .text._vl53l7cx_poll_for_mcu_boot
                0x08002306       0x82 ./Drivers/BSP/Components/vl53l7cx_api.o
 .text._vl53l7cx_send_offset_data
                0x08002388      0x398 ./Drivers/BSP/Components/vl53l7cx_api.o
 .text._vl53l7cx_send_xtalk_data
                0x08002720      0x298 ./Drivers/BSP/Components/vl53l7cx_api.o
 .text.vl53l7cx_init
                0x080029b8      0x8d8 ./Drivers/BSP/Components/vl53l7cx_api.o
                0x080029b8                vl53l7cx_init
 .text.vl53l7cx_set_i2c_address
                0x08003290       0x6c ./Drivers/BSP/Components/vl53l7cx_api.o
                0x08003290                vl53l7cx_set_i2c_address
 .text.vl53l7cx_get_power_mode
                0x080032fc       0x86 ./Drivers/BSP/Components/vl53l7cx_api.o
                0x080032fc                vl53l7cx_get_power_mode
 .text.vl53l7cx_set_power_mode
                0x08003382       0xfc ./Drivers/BSP/Components/vl53l7cx_api.o
                0x08003382                vl53l7cx_set_power_mode
 *fill*         0x0800347e        0x2 
 .text.vl53l7cx_start_ranging
                0x08003480      0x2f4 ./Drivers/BSP/Components/vl53l7cx_api.o
                0x08003480                vl53l7cx_start_ranging
 .text.vl53l7cx_stop_ranging
                0x08003774      0x1a0 ./Drivers/BSP/Components/vl53l7cx_api.o
                0x08003774                vl53l7cx_stop_ranging
 .text.vl53l7cx_check_data_ready
                0x08003914       0xa0 ./Drivers/BSP/Components/vl53l7cx_api.o
                0x08003914                vl53l7cx_check_data_ready
 .text.vl53l7cx_get_ranging_data
                0x080039b4      0x434 ./Drivers/BSP/Components/vl53l7cx_api.o
                0x080039b4                vl53l7cx_get_ranging_data
 .text.vl53l7cx_get_resolution
                0x08003de8       0x4a ./Drivers/BSP/Components/vl53l7cx_api.o
                0x08003de8                vl53l7cx_get_resolution
 .text.vl53l7cx_set_resolution
                0x08003e32      0x1a8 ./Drivers/BSP/Components/vl53l7cx_api.o
                0x08003e32                vl53l7cx_set_resolution
 .text.vl53l7cx_set_ranging_frequency_hz
                0x08003fda       0x42 ./Drivers/BSP/Components/vl53l7cx_api.o
                0x08003fda                vl53l7cx_set_ranging_frequency_hz
 .text.vl53l7cx_set_integration_time_ms
                0x0800401c       0x6a ./Drivers/BSP/Components/vl53l7cx_api.o
                0x0800401c                vl53l7cx_set_integration_time_ms
 .text.vl53l7cx_set_ranging_mode
                0x08004086       0xae ./Drivers/BSP/Components/vl53l7cx_api.o
                0x08004086                vl53l7cx_set_ranging_mode
 .text.vl53l7cx_dci_read_data
                0x08004134      0x114 ./Drivers/BSP/Components/vl53l7cx_api.o
                0x08004134                vl53l7cx_dci_read_data
 .text.vl53l7cx_dci_write_data
                0x08004248      0x13c ./Drivers/BSP/Components/vl53l7cx_api.o
                0x08004248                vl53l7cx_dci_write_data
 .text.vl53l7cx_dci_replace_data
                0x08004384       0x58 ./Drivers/BSP/Components/vl53l7cx_api.o
                0x08004384                vl53l7cx_dci_replace_data
 .text.vl53l7cx_set_detection_thresholds_enable
                0x080043dc       0x8c ./Drivers/BSP/Components/vl53l7cx_plugin_detection_thresholds.o
                0x080043dc                vl53l7cx_set_detection_thresholds_enable
 .text.vl53l7cx_set_detection_thresholds
                0x08004468      0x2b0 ./Drivers/BSP/Components/vl53l7cx_plugin_detection_thresholds.o
                0x08004468                vl53l7cx_set_detection_thresholds
 .text.SystemInit
                0x08004718       0x24 ./Drivers/CMSIS/system_stm32f4xx.o
                0x08004718                SystemInit
 .text.HAL_Init
                0x0800473c       0x44 ./Drivers/STM32F4xx_HAL_Driver/stm32f4xx_hal.o
                0x0800473c                HAL_Init
 .text.HAL_InitTick
                0x08004780       0x60 ./Drivers/STM32F4xx_HAL_Driver/stm32f4xx_hal.o
                0x08004780                HAL_InitTick
 .text.HAL_IncTick
                0x080047e0       0x28 ./Drivers/STM32F4xx_HAL_Driver/stm32f4xx_hal.o
                0x080047e0                HAL_IncTick
 .text.HAL_GetTick
                0x08004808       0x18 ./Drivers/STM32F4xx_HAL_Driver/stm32f4xx_hal.o
                0x08004808                HAL_GetTick
 .text.HAL_Delay
                0x08004820       0x48 ./Drivers/STM32F4xx_HAL_Driver/stm32f4xx_hal.o
                0x08004820                HAL_Delay
 .text.__NVIC_SetPriorityGrouping
                0x08004868       0x48 ./Drivers/STM32F4xx_HAL_Driver/stm32f4xx_hal_cortex.o
 .text.__NVIC_GetPriorityGrouping
                0x080048b0       0x1c ./Drivers/STM32F4xx_HAL_Driver/stm32f4xx_hal_cortex.o
 .text.__NVIC_EnableIRQ
                0x080048cc       0x3c ./Drivers/STM32F4xx_HAL_Driver/stm32f4xx_hal_cortex.o
 .text.__NVIC_SetPriority
                0x08004908       0x54 ./Drivers/STM32F4xx_HAL_Driver/stm32f4xx_hal_cortex.o
 .text.NVIC_EncodePriority
                0x0800495c       0x66 ./Drivers/STM32F4xx_HAL_Driver/stm32f4xx_hal_cortex.o
 *fill*         0x080049c2        0x2 
 .text.SysTick_Config
                0x080049c4       0x44 ./Drivers/STM32F4xx_HAL_Driver/stm32f4xx_hal_cortex.o
 .text.HAL_NVIC_SetPriorityGrouping
                0x08004a08       0x16 ./Drivers/STM32F4xx_HAL_Driver/stm32f4xx_hal_cortex.o
                0x08004a08                HAL_NVIC_SetPriorityGrouping
 .text.HAL_NVIC_SetPriority
                0x08004a1e       0x38 ./Drivers/STM32F4xx_HAL_Driver/stm32f4xx_hal_cortex.o
                0x08004a1e                HAL_NVIC_SetPriority
 .text.HAL_NVIC_EnableIRQ
                0x08004a56       0x1c ./Drivers/STM32F4xx_HAL_Driver/stm32f4xx_hal_cortex.o
                0x08004a56                HAL_NVIC_EnableIRQ
 .text.HAL_SYSTICK_Config
                0x08004a72       0x18 ./Drivers/STM32F4xx_HAL_Driver/stm32f4xx_hal_cortex.o
                0x08004a72                HAL_SYSTICK_Config
 *fill*         0x08004a8a        0x2 
 .text.HAL_GPIO_Init
                0x08004a8c      0x308 ./Drivers/STM32F4xx_HAL_Driver/stm32f4xx_hal_gpio.o
                0x08004a8c                HAL_GPIO_Init
 .text.HAL_GPIO_DeInit
                0x08004d94      0x1c8 ./Drivers/STM32F4xx_HAL_Driver/stm32f4xx_hal_gpio.o
                0x08004d94                HAL_GPIO_DeInit
 .text.HAL_GPIO_WritePin
                0x08004f5c       0x32 ./Drivers/STM32F4xx_HAL_Driver/stm32f4xx_hal_gpio.o
                0x08004f5c                HAL_GPIO_WritePin
 *fill*         0x08004f8e        0x2 
 .text.HAL_GPIO_EXTI_IRQHandler
                0x08004f90       0x30 ./Drivers/STM32F4xx_HAL_Driver/stm32f4xx_hal_gpio.o
                0x08004f90                HAL_GPIO_EXTI_IRQHandler
 .text.HAL_I2C_Init
                0x08004fc0      0x288 ./Drivers/STM32F4xx_HAL_Driver/stm32f4xx_hal_i2c.o
                0x08004fc0                HAL_I2C_Init
 .text.HAL_I2C_DeInit
                0x08005248       0x5e ./Drivers/STM32F4xx_HAL_Driver/stm32f4xx_hal_i2c.o
                0x08005248                HAL_I2C_DeInit
 .text.HAL_I2C_MspInit
                0x080052a6       0x14 ./Drivers/STM32F4xx_HAL_Driver/stm32f4xx_hal_i2c.o
                0x080052a6                HAL_I2C_MspInit
 .text.HAL_I2C_MspDeInit
                0x080052ba       0x14 ./Drivers/STM32F4xx_HAL_Driver/stm32f4xx_hal_i2c.o
                0x080052ba                HAL_I2C_MspDeInit
 *fill*         0x080052ce        0x2 
 .text.HAL_I2C_Mem_Write
                0x080052d0      0x1f4 ./Drivers/STM32F4xx_HAL_Driver/stm32f4xx_hal_i2c.o
                0x080052d0                HAL_I2C_Mem_Write
 .text.HAL_I2C_Mem_Read
                0x080054c4      0x464 ./Drivers/STM32F4xx_HAL_Driver/stm32f4xx_hal_i2c.o
                0x080054c4                HAL_I2C_Mem_Read
 .text.HAL_I2C_GetState
                0x08005928       0x1c ./Drivers/STM32F4xx_HAL_Driver/stm32f4xx_hal_i2c.o
                0x08005928                HAL_I2C_GetState
 .text.HAL_I2C_GetError
                0x08005944       0x18 ./Drivers/STM32F4xx_HAL_Driver/stm32f4xx_hal_i2c.o
                0x08005944                HAL_I2C_GetError
 .text.I2C_RequestMemoryWrite
                0x0800595c      0x12c ./Drivers/STM32F4xx_HAL_Driver/stm32f4xx_hal_i2c.o
 .text.I2C_RequestMemoryRead
                0x08005a88      0x1d0 ./Drivers/STM32F4xx_HAL_Driver/stm32f4xx_hal_i2c.o
 .text.I2C_WaitOnFlagUntilTimeout
                0x08005c58       0xf4 ./Drivers/STM32F4xx_HAL_Driver/stm32f4xx_hal_i2c.o
 .text.I2C_WaitOnMasterAddressFlagUntilTimeout
                0x08005d4c      0x140 ./Drivers/STM32F4xx_HAL_Driver/stm32f4xx_hal_i2c.o
 .text.I2C_WaitOnTXEFlagUntilTimeout
                0x08005e8c       0x90 ./Drivers/STM32F4xx_HAL_Driver/stm32f4xx_hal_i2c.o
 .text.I2C_WaitOnBTFFlagUntilTimeout
                0x08005f1c       0x90 ./Drivers/STM32F4xx_HAL_Driver/stm32f4xx_hal_i2c.o
 .text.I2C_WaitOnRXNEFlagUntilTimeout
                0x08005fac       0xba ./Drivers/STM32F4xx_HAL_Driver/stm32f4xx_hal_i2c.o
 .text.I2C_IsAcknowledgeFailed
                0x08006066       0x5e ./Drivers/STM32F4xx_HAL_Driver/stm32f4xx_hal_i2c.o
 .text.HAL_RCC_OscConfig
                0x080060c4      0x4f0 ./Drivers/STM32F4xx_HAL_Driver/stm32f4xx_hal_rcc.o
                0x080060c4                HAL_RCC_OscConfig
 .text.HAL_RCC_ClockConfig
                0x080065b4      0x1cc ./Drivers/STM32F4xx_HAL_Driver/stm32f4xx_hal_rcc.o
                0x080065b4                HAL_RCC_ClockConfig
 .text.HAL_RCC_GetSysClockFreq
                0x08006780      0x20c ./Drivers/STM32F4xx_HAL_Driver/stm32f4xx_hal_rcc.o
                0x08006780                HAL_RCC_GetSysClockFreq
 .text.HAL_RCC_GetHCLKFreq
                0x0800698c       0x18 ./Drivers/STM32F4xx_HAL_Driver/stm32f4xx_hal_rcc.o
                0x0800698c                HAL_RCC_GetHCLKFreq
 .text.HAL_RCC_GetPCLK1Freq
                0x080069a4       0x28 ./Drivers/STM32F4xx_HAL_Driver/stm32f4xx_hal_rcc.o
                0x080069a4                HAL_RCC_GetPCLK1Freq
 .text.HAL_RCC_GetPCLK2Freq
                0x080069cc       0x28 ./Drivers/STM32F4xx_HAL_Driver/stm32f4xx_hal_rcc.o
                0x080069cc                HAL_RCC_GetPCLK2Freq
 .text.HAL_UART_Init
                0x080069f4       0xa0 ./Drivers/STM32F4xx_HAL_Driver/stm32f4xx_hal_uart.o
                0x080069f4                HAL_UART_Init
 .text.HAL_UART_MspInit
                0x08006a94       0x14 ./Drivers/STM32F4xx_HAL_Driver/stm32f4xx_hal_uart.o
                0x08006a94                HAL_UART_MspInit
 .text.HAL_UART_Transmit
                0x08006aa8      0x116 ./Drivers/STM32F4xx_HAL_Driver/stm32f4xx_hal_uart.o
                0x08006aa8                HAL_UART_Transmit
 .text.UART_WaitOnFlagUntilTimeout
                0x08006bbe       0xb2 ./Drivers/STM32F4xx_HAL_Driver/stm32f4xx_hal_uart.o
 .text.UART_EndRxTransfer
                0x08006c70       0xc6 ./Drivers/STM32F4xx_HAL_Driver/stm32f4xx_hal_uart.o
 *fill*         0x08006d36        0x2 
 .text.UART_SetConfig
                0x08006d38      0x4e8 ./Drivers/STM32F4xx_HAL_Driver/stm32f4xx_hal_uart.o
 .text.std      0x08007220       0x6c C:/ST/STM32CubeIDE_1.18.0/STM32CubeIDE/plugins/com.st.stm32cube.ide.mcu.externaltools.gnu-tools-for-stm32.13.3.rel1.win32_1.0.0.202411081344/tools/bin/../lib/gcc/arm-none-eabi/13.3.1/../../../../arm-none-eabi/lib/thumb/v7e-m+fp/hard\libc_nano.a(libc_a-findfp.o)
 .text.stdio_exit_handler
                0x0800728c       0x18 C:/ST/STM32CubeIDE_1.18.0/STM32CubeIDE/plugins/com.st.stm32cube.ide.mcu.externaltools.gnu-tools-for-stm32.13.3.rel1.win32_1.0.0.202411081344/tools/bin/../lib/gcc/arm-none-eabi/13.3.1/../../../../arm-none-eabi/lib/thumb/v7e-m+fp/hard\libc_nano.a(libc_a-findfp.o)
 .text.cleanup_stdio
                0x080072a4       0x40 C:/ST/STM32CubeIDE_1.18.0/STM32CubeIDE/plugins/com.st.stm32cube.ide.mcu.externaltools.gnu-tools-for-stm32.13.3.rel1.win32_1.0.0.202411081344/tools/bin/../lib/gcc/arm-none-eabi/13.3.1/../../../../arm-none-eabi/lib/thumb/v7e-m+fp/hard\libc_nano.a(libc_a-findfp.o)
 .text.global_stdio_init.part.0
                0x080072e4       0x3c C:/ST/STM32CubeIDE_1.18.0/STM32CubeIDE/plugins/com.st.stm32cube.ide.mcu.externaltools.gnu-tools-for-stm32.13.3.rel1.win32_1.0.0.202411081344/tools/bin/../lib/gcc/arm-none-eabi/13.3.1/../../../../arm-none-eabi/lib/thumb/v7e-m+fp/hard\libc_nano.a(libc_a-findfp.o)
 .text.__sfp_lock_acquire
                0x08007320        0xc C:/ST/STM32CubeIDE_1.18.0/STM32CubeIDE/plugins/com.st.stm32cube.ide.mcu.externaltools.gnu-tools-for-stm32.13.3.rel1.win32_1.0.0.202411081344/tools/bin/../lib/gcc/arm-none-eabi/13.3.1/../../../../arm-none-eabi/lib/thumb/v7e-m+fp/hard\libc_nano.a(libc_a-findfp.o)
                0x08007320                __sfp_lock_acquire
 .text.__sfp_lock_release
                0x0800732c        0xc C:/ST/STM32CubeIDE_1.18.0/STM32CubeIDE/plugins/com.st.stm32cube.ide.mcu.externaltools.gnu-tools-for-stm32.13.3.rel1.win32_1.0.0.202411081344/tools/bin/../lib/gcc/arm-none-eabi/13.3.1/../../../../arm-none-eabi/lib/thumb/v7e-m+fp/hard\libc_nano.a(libc_a-findfp.o)
                0x0800732c                __sfp_lock_release
 .text.__sinit  0x08007338       0x30 C:/ST/STM32CubeIDE_1.18.0/STM32CubeIDE/plugins/com.st.stm32cube.ide.mcu.externaltools.gnu-tools-for-stm32.13.3.rel1.win32_1.0.0.202411081344/tools/bin/../lib/gcc/arm-none-eabi/13.3.1/../../../../arm-none-eabi/lib/thumb/v7e-m+fp/hard\libc_nano.a(libc_a-findfp.o)
                0x08007338                __sinit
 .text._fwalk_sglue
                0x08007368       0x3c C:/ST/STM32CubeIDE_1.18.0/STM32CubeIDE/plugins/com.st.stm32cube.ide.mcu.externaltools.gnu-tools-for-stm32.13.3.rel1.win32_1.0.0.202411081344/tools/bin/../lib/gcc/arm-none-eabi/13.3.1/../../../../arm-none-eabi/lib/thumb/v7e-m+fp/hard\libc_nano.a(libc_a-fwalk.o)
                0x08007368                _fwalk_sglue
 .text.printf   0x080073a4       0x24 C:/ST/STM32CubeIDE_1.18.0/STM32CubeIDE/plugins/com.st.stm32cube.ide.mcu.externaltools.gnu-tools-for-stm32.13.3.rel1.win32_1.0.0.202411081344/tools/bin/../lib/gcc/arm-none-eabi/13.3.1/../../../../arm-none-eabi/lib/thumb/v7e-m+fp/hard\libc_nano.a(libc_a-printf.o)
                0x080073a4                iprintf
                0x080073a4                printf
 .text.__sread  0x080073c8       0x22 C:/ST/STM32CubeIDE_1.18.0/STM32CubeIDE/plugins/com.st.stm32cube.ide.mcu.externaltools.gnu-tools-for-stm32.13.3.rel1.win32_1.0.0.202411081344/tools/bin/../lib/gcc/arm-none-eabi/13.3.1/../../../../arm-none-eabi/lib/thumb/v7e-m+fp/hard\libc_nano.a(libc_a-stdio.o)
                0x080073c8                __sread
 .text.__swrite
                0x080073ea       0x38 C:/ST/STM32CubeIDE_1.18.0/STM32CubeIDE/plugins/com.st.stm32cube.ide.mcu.externaltools.gnu-tools-for-stm32.13.3.rel1.win32_1.0.0.202411081344/tools/bin/../lib/gcc/arm-none-eabi/13.3.1/../../../../arm-none-eabi/lib/thumb/v7e-m+fp/hard\libc_nano.a(libc_a-stdio.o)
                0x080073ea                __swrite
 .text.__sseek  0x08007422       0x24 C:/ST/STM32CubeIDE_1.18.0/STM32CubeIDE/plugins/com.st.stm32cube.ide.mcu.externaltools.gnu-tools-for-stm32.13.3.rel1.win32_1.0.0.202411081344/tools/bin/../lib/gcc/arm-none-eabi/13.3.1/../../../../arm-none-eabi/lib/thumb/v7e-m+fp/hard\libc_nano.a(libc_a-stdio.o)
                0x08007422                __sseek
 .text.__sclose
                0x08007446        0x8 C:/ST/STM32CubeIDE_1.18.0/STM32CubeIDE/plugins/com.st.stm32cube.ide.mcu.externaltools.gnu-tools-for-stm32.13.3.rel1.win32_1.0.0.202411081344/tools/bin/../lib/gcc/arm-none-eabi/13.3.1/../../../../arm-none-eabi/lib/thumb/v7e-m+fp/hard\libc_nano.a(libc_a-stdio.o)
                0x08007446                __sclose
 .text.memset   0x0800744e       0x10 C:/ST/STM32CubeIDE_1.18.0/STM32CubeIDE/plugins/com.st.stm32cube.ide.mcu.externaltools.gnu-tools-for-stm32.13.3.rel1.win32_1.0.0.202411081344/tools/bin/../lib/gcc/arm-none-eabi/13.3.1/../../../../arm-none-eabi/lib/thumb/v7e-m+fp/hard\libc_nano.a(libc_a-memset.o)
                0x0800744e                memset
 *fill*         0x0800745e        0x2 
 .text._close_r
                0x08007460       0x20 C:/ST/STM32CubeIDE_1.18.0/STM32CubeIDE/plugins/com.st.stm32cube.ide.mcu.externaltools.gnu-tools-for-stm32.13.3.rel1.win32_1.0.0.202411081344/tools/bin/../lib/gcc/arm-none-eabi/13.3.1/../../../../arm-none-eabi/lib/thumb/v7e-m+fp/hard\libc_nano.a(libc_a-closer.o)
                0x08007460                _close_r
 .text._lseek_r
                0x08007480       0x24 C:/ST/STM32CubeIDE_1.18.0/STM32CubeIDE/plugins/com.st.stm32cube.ide.mcu.externaltools.gnu-tools-for-stm32.13.3.rel1.win32_1.0.0.202411081344/tools/bin/../lib/gcc/arm-none-eabi/13.3.1/../../../../arm-none-eabi/lib/thumb/v7e-m+fp/hard\libc_nano.a(libc_a-lseekr.o)
                0x08007480                _lseek_r
 .text._read_r  0x080074a4       0x24 C:/ST/STM32CubeIDE_1.18.0/STM32CubeIDE/plugins/com.st.stm32cube.ide.mcu.externaltools.gnu-tools-for-stm32.13.3.rel1.win32_1.0.0.202411081344/tools/bin/../lib/gcc/arm-none-eabi/13.3.1/../../../../arm-none-eabi/lib/thumb/v7e-m+fp/hard\libc_nano.a(libc_a-readr.o)
                0x080074a4                _read_r
 .text._write_r
                0x080074c8       0x24 C:/ST/STM32CubeIDE_1.18.0/STM32CubeIDE/plugins/com.st.stm32cube.ide.mcu.externaltools.gnu-tools-for-stm32.13.3.rel1.win32_1.0.0.202411081344/tools/bin/../lib/gcc/arm-none-eabi/13.3.1/../../../../arm-none-eabi/lib/thumb/v7e-m+fp/hard\libc_nano.a(libc_a-writer.o)
                0x080074c8                _write_r
 .text.__errno  0x080074ec        0xc C:/ST/STM32CubeIDE_1.18.0/STM32CubeIDE/plugins/com.st.stm32cube.ide.mcu.externaltools.gnu-tools-for-stm32.13.3.rel1.win32_1.0.0.202411081344/tools/bin/../lib/gcc/arm-none-eabi/13.3.1/../../../../arm-none-eabi/lib/thumb/v7e-m+fp/hard\libc_nano.a(libc_a-errno.o)
                0x080074ec                __errno
 .text.__libc_init_array
                0x080074f8       0x48 C:/ST/STM32CubeIDE_1.18.0/STM32CubeIDE/plugins/com.st.stm32cube.ide.mcu.externaltools.gnu-tools-for-stm32.13.3.rel1.win32_1.0.0.202411081344/tools/bin/../lib/gcc/arm-none-eabi/13.3.1/../../../../arm-none-eabi/lib/thumb/v7e-m+fp/hard\libc_nano.a(libc_a-init.o)
                0x080074f8                __libc_init_array
 .text.__retarget_lock_init_recursive
                0x08007540        0x2 C:/ST/STM32CubeIDE_1.18.0/STM32CubeIDE/plugins/com.st.stm32cube.ide.mcu.externaltools.gnu-tools-for-stm32.13.3.rel1.win32_1.0.0.202411081344/tools/bin/../lib/gcc/arm-none-eabi/13.3.1/../../../../arm-none-eabi/lib/thumb/v7e-m+fp/hard\libc_nano.a(libc_a-lock.o)
                0x08007540                __retarget_lock_init_recursive
 .text.__retarget_lock_acquire_recursive
                0x08007542        0x2 C:/ST/STM32CubeIDE_1.18.0/STM32CubeIDE/plugins/com.st.stm32cube.ide.mcu.externaltools.gnu-tools-for-stm32.13.3.rel1.win32_1.0.0.202411081344/tools/bin/../lib/gcc/arm-none-eabi/13.3.1/../../../../arm-none-eabi/lib/thumb/v7e-m+fp/hard\libc_nano.a(libc_a-lock.o)
                0x08007542                __retarget_lock_acquire_recursive
 .text.__retarget_lock_release_recursive
                0x08007544        0x2 C:/ST/STM32CubeIDE_1.18.0/STM32CubeIDE/plugins/com.st.stm32cube.ide.mcu.externaltools.gnu-tools-for-stm32.13.3.rel1.win32_1.0.0.202411081344/tools/bin/../lib/gcc/arm-none-eabi/13.3.1/../../../../arm-none-eabi/lib/thumb/v7e-m+fp/hard\libc_nano.a(libc_a-lock.o)
                0x08007544                __retarget_lock_release_recursive
 .text.memcpy   0x08007546       0x1c C:/ST/STM32CubeIDE_1.18.0/STM32CubeIDE/plugins/com.st.stm32cube.ide.mcu.externaltools.gnu-tools-for-stm32.13.3.rel1.win32_1.0.0.202411081344/tools/bin/../lib/gcc/arm-none-eabi/13.3.1/../../../../arm-none-eabi/lib/thumb/v7e-m+fp/hard\libc_nano.a(libc_a-memcpy-stub.o)
                0x08007546                memcpy
 *fill*         0x08007562        0x2 
 .text._free_r  0x08007564       0x94 C:/ST/STM32CubeIDE_1.18.0/STM32CubeIDE/plugins/com.st.stm32cube.ide.mcu.externaltools.gnu-tools-for-stm32.13.3.rel1.win32_1.0.0.202411081344/tools/bin/../lib/gcc/arm-none-eabi/13.3.1/../../../../arm-none-eabi/lib/thumb/v7e-m+fp/hard\libc_nano.a(libc_a-freer.o)
                0x08007564                _free_r
 .text.sbrk_aligned
                0x080075f8       0x44 C:/ST/STM32CubeIDE_1.18.0/STM32CubeIDE/plugins/com.st.stm32cube.ide.mcu.externaltools.gnu-tools-for-stm32.13.3.rel1.win32_1.0.0.202411081344/tools/bin/../lib/gcc/arm-none-eabi/13.3.1/../../../../arm-none-eabi/lib/thumb/v7e-m+fp/hard\libc_nano.a(libc_a-mallocr.o)
 .text._malloc_r
                0x0800763c      0x100 C:/ST/STM32CubeIDE_1.18.0/STM32CubeIDE/plugins/com.st.stm32cube.ide.mcu.externaltools.gnu-tools-for-stm32.13.3.rel1.win32_1.0.0.202411081344/tools/bin/../lib/gcc/arm-none-eabi/13.3.1/../../../../arm-none-eabi/lib/thumb/v7e-m+fp/hard\libc_nano.a(libc_a-mallocr.o)
                0x0800763c                _malloc_r
 .text.__malloc_lock
                0x0800773c        0xc C:/ST/STM32CubeIDE_1.18.0/STM32CubeIDE/plugins/com.st.stm32cube.ide.mcu.externaltools.gnu-tools-for-stm32.13.3.rel1.win32_1.0.0.202411081344/tools/bin/../lib/gcc/arm-none-eabi/13.3.1/../../../../arm-none-eabi/lib/thumb/v7e-m+fp/hard\libc_nano.a(libc_a-mlock.o)
                0x0800773c                __malloc_lock
 .text.__malloc_unlock
                0x08007748        0xc C:/ST/STM32CubeIDE_1.18.0/STM32CubeIDE/plugins/com.st.stm32cube.ide.mcu.externaltools.gnu-tools-for-stm32.13.3.rel1.win32_1.0.0.202411081344/tools/bin/../lib/gcc/arm-none-eabi/13.3.1/../../../../arm-none-eabi/lib/thumb/v7e-m+fp/hard\libc_nano.a(libc_a-mlock.o)
                0x08007748                __malloc_unlock
 .text.__sfputc_r
                0x08007754       0x2e C:/ST/STM32CubeIDE_1.18.0/STM32CubeIDE/plugins/com.st.stm32cube.ide.mcu.externaltools.gnu-tools-for-stm32.13.3.rel1.win32_1.0.0.202411081344/tools/bin/../lib/gcc/arm-none-eabi/13.3.1/../../../../arm-none-eabi/lib/thumb/v7e-m+fp/hard\libc_nano.a(libc_a-nano-vfprintf.o)
 .text.__sfputs_r
                0x08007782       0x24 C:/ST/STM32CubeIDE_1.18.0/STM32CubeIDE/plugins/com.st.stm32cube.ide.mcu.externaltools.gnu-tools-for-stm32.13.3.rel1.win32_1.0.0.202411081344/tools/bin/../lib/gcc/arm-none-eabi/13.3.1/../../../../arm-none-eabi/lib/thumb/v7e-m+fp/hard\libc_nano.a(libc_a-nano-vfprintf.o)
                0x08007782                __sfputs_r
 *fill*         0x080077a6        0x2 
 .text._vfprintf_r
                0x080077a8      0x230 C:/ST/STM32CubeIDE_1.18.0/STM32CubeIDE/plugins/com.st.stm32cube.ide.mcu.externaltools.gnu-tools-for-stm32.13.3.rel1.win32_1.0.0.202411081344/tools/bin/../lib/gcc/arm-none-eabi/13.3.1/../../../../arm-none-eabi/lib/thumb/v7e-m+fp/hard\libc_nano.a(libc_a-nano-vfprintf.o)
                0x080077a8                _vfprintf_r
                0x080077a8                _vfiprintf_r
 .text._printf_common
                0x080079d8       0xda C:/ST/STM32CubeIDE_1.18.0/STM32CubeIDE/plugins/com.st.stm32cube.ide.mcu.externaltools.gnu-tools-for-stm32.13.3.rel1.win32_1.0.0.202411081344/tools/bin/../lib/gcc/arm-none-eabi/13.3.1/../../../../arm-none-eabi/lib/thumb/v7e-m+fp/hard\libc_nano.a(libc_a-nano-vfprintf_i.o)
                0x080079d8                _printf_common
 *fill*         0x08007ab2        0x2 
 .text._printf_i
                0x08007ab4      0x23c C:/ST/STM32CubeIDE_1.18.0/STM32CubeIDE/plugins/com.st.stm32cube.ide.mcu.externaltools.gnu-tools-for-stm32.13.3.rel1.win32_1.0.0.202411081344/tools/bin/../lib/gcc/arm-none-eabi/13.3.1/../../../../arm-none-eabi/lib/thumb/v7e-m+fp/hard\libc_nano.a(libc_a-nano-vfprintf_i.o)
                0x08007ab4                _printf_i
 .text.__sflush_r
                0x08007cf0      0x108 C:/ST/STM32CubeIDE_1.18.0/STM32CubeIDE/plugins/com.st.stm32cube.ide.mcu.externaltools.gnu-tools-for-stm32.13.3.rel1.win32_1.0.0.202411081344/tools/bin/../lib/gcc/arm-none-eabi/13.3.1/../../../../arm-none-eabi/lib/thumb/v7e-m+fp/hard\libc_nano.a(libc_a-fflush.o)
                0x08007cf0                __sflush_r
 .text._fflush_r
                0x08007df8       0x50 C:/ST/STM32CubeIDE_1.18.0/STM32CubeIDE/plugins/com.st.stm32cube.ide.mcu.externaltools.gnu-tools-for-stm32.13.3.rel1.win32_1.0.0.202411081344/tools/bin/../lib/gcc/arm-none-eabi/13.3.1/../../../../arm-none-eabi/lib/thumb/v7e-m+fp/hard\libc_nano.a(libc_a-fflush.o)
                0x08007df8                _fflush_r
 .text.__swbuf_r
                0x08007e48       0x7c C:/ST/STM32CubeIDE_1.18.0/STM32CubeIDE/plugins/com.st.stm32cube.ide.mcu.externaltools.gnu-tools-for-stm32.13.3.rel1.win32_1.0.0.202411081344/tools/bin/../lib/gcc/arm-none-eabi/13.3.1/../../../../arm-none-eabi/lib/thumb/v7e-m+fp/hard\libc_nano.a(libc_a-wbuf.o)
                0x08007e48                __swbuf_r
 .text.__swsetup_r
                0x08007ec4       0xac C:/ST/STM32CubeIDE_1.18.0/STM32CubeIDE/plugins/com.st.stm32cube.ide.mcu.externaltools.gnu-tools-for-stm32.13.3.rel1.win32_1.0.0.202411081344/tools/bin/../lib/gcc/arm-none-eabi/13.3.1/../../../../arm-none-eabi/lib/thumb/v7e-m+fp/hard\libc_nano.a(libc_a-wsetup.o)
                0x08007ec4                __swsetup_r
 .text._sbrk_r  0x08007f70       0x20 C:/ST/STM32CubeIDE_1.18.0/STM32CubeIDE/plugins/com.st.stm32cube.ide.mcu.externaltools.gnu-tools-for-stm32.13.3.rel1.win32_1.0.0.202411081344/tools/bin/../lib/gcc/arm-none-eabi/13.3.1/../../../../arm-none-eabi/lib/thumb/v7e-m+fp/hard\libc_nano.a(libc_a-sbrkr.o)
                0x08007f70                _sbrk_r
 .text.__swhatbuf_r
                0x08007f90       0x4c C:/ST/STM32CubeIDE_1.18.0/STM32CubeIDE/plugins/com.st.stm32cube.ide.mcu.externaltools.gnu-tools-for-stm32.13.3.rel1.win32_1.0.0.202411081344/tools/bin/../lib/gcc/arm-none-eabi/13.3.1/../../../../arm-none-eabi/lib/thumb/v7e-m+fp/hard\libc_nano.a(libc_a-makebuf.o)
                0x08007f90                __swhatbuf_r
 .text.__smakebuf_r
                0x08007fdc       0x78 C:/ST/STM32CubeIDE_1.18.0/STM32CubeIDE/plugins/com.st.stm32cube.ide.mcu.externaltools.gnu-tools-for-stm32.13.3.rel1.win32_1.0.0.202411081344/tools/bin/../lib/gcc/arm-none-eabi/13.3.1/../../../../arm-none-eabi/lib/thumb/v7e-m+fp/hard\libc_nano.a(libc_a-makebuf.o)
                0x08007fdc                __smakebuf_r
 .text._fstat_r
                0x08008054       0x24 C:/ST/STM32CubeIDE_1.18.0/STM32CubeIDE/plugins/com.st.stm32cube.ide.mcu.externaltools.gnu-tools-for-stm32.13.3.rel1.win32_1.0.0.202411081344/tools/bin/../lib/gcc/arm-none-eabi/13.3.1/../../../../arm-none-eabi/lib/thumb/v7e-m+fp/hard\libc_nano.a(libc_a-fstatr.o)
                0x08008054                _fstat_r
 .text._isatty_r
                0x08008078       0x20 C:/ST/STM32CubeIDE_1.18.0/STM32CubeIDE/plugins/com.st.stm32cube.ide.mcu.externaltools.gnu-tools-for-stm32.13.3.rel1.win32_1.0.0.202411081344/tools/bin/../lib/gcc/arm-none-eabi/13.3.1/../../../../arm-none-eabi/lib/thumb/v7e-m+fp/hard\libc_nano.a(libc_a-isattyr.o)
                0x08008078                _isatty_r
 *(.glue_7)
 .glue_7        0x08008098        0x0 linker stubs
 *(.glue_7t)
 .glue_7t       0x08008098        0x0 linker stubs
 *(.eh_frame)
 .eh_frame      0x08008098        0x0 C:/ST/STM32CubeIDE_1.18.0/STM32CubeIDE/plugins/com.st.stm32cube.ide.mcu.externaltools.gnu-tools-for-stm32.13.3.rel1.win32_1.0.0.202411081344/tools/bin/../lib/gcc/arm-none-eabi/13.3.1/thumb/v7e-m+fp/hard/crtbegin.o
 *(.init)
 .init          0x08008098        0x4 C:/ST/STM32CubeIDE_1.18.0/STM32CubeIDE/plugins/com.st.stm32cube.ide.mcu.externaltools.gnu-tools-for-stm32.13.3.rel1.win32_1.0.0.202411081344/tools/bin/../lib/gcc/arm-none-eabi/13.3.1/thumb/v7e-m+fp/hard/crti.o
                0x08008098                _init
 .init          0x0800809c        0x8 C:/ST/STM32CubeIDE_1.18.0/STM32CubeIDE/plugins/com.st.stm32cube.ide.mcu.externaltools.gnu-tools-for-stm32.13.3.rel1.win32_1.0.0.202411081344/tools/bin/../lib/gcc/arm-none-eabi/13.3.1/thumb/v7e-m+fp/hard/crtn.o
 *(.fini)
 .fini          0x080080a4        0x4 C:/ST/STM32CubeIDE_1.18.0/STM32CubeIDE/plugins/com.st.stm32cube.ide.mcu.externaltools.gnu-tools-for-stm32.13.3.rel1.win32_1.0.0.202411081344/tools/bin/../lib/gcc/arm-none-eabi/13.3.1/thumb/v7e-m+fp/hard/crti.o
                0x080080a4                _fini
 .fini          0x080080a8        0x8 C:/ST/STM32CubeIDE_1.18.0/STM32CubeIDE/plugins/com.st.stm32cube.ide.mcu.externaltools.gnu-tools-for-stm32.13.3.rel1.win32_1.0.0.202411081344/tools/bin/../lib/gcc/arm-none-eabi/13.3.1/thumb/v7e-m+fp/hard/crtn.o
                0x080080b0                        . = ALIGN (0x4)
                0x080080b0                        _etext = .

.vfp11_veneer   0x080080b0        0x0
 .vfp11_veneer  0x080080b0        0x0 linker stubs

.v4_bx          0x080080b0        0x0
 .v4_bx         0x080080b0        0x0 linker stubs

.iplt           0x080080b0        0x0
 .iplt          0x080080b0        0x0 C:/ST/STM32CubeIDE_1.18.0/STM32CubeIDE/plugins/com.st.stm32cube.ide.mcu.externaltools.gnu-tools-for-stm32.13.3.rel1.win32_1.0.0.202411081344/tools/bin/../lib/gcc/arm-none-eabi/13.3.1/thumb/v7e-m+fp/hard/crtbegin.o

.rodata         0x080080b0    0x15b14
                0x080080b0                        . = ALIGN (0x4)
 *(.rodata)
 .rodata        0x080080b0      0x358 ./Application/User/app_tof.o
 .rodata        0x08008408       0x6c ./Drivers/BSP/Components/vl53l7cx_api.o
 .rodata        0x08008474        0x8 ./Drivers/BSP/Components/vl53l7cx_plugin_detection_thresholds.o
 *(.rodata*)
 .rodata.VL53L7CX_FIRMWARE
                0x0800847c    0x15000 ./Drivers/BSP/Components/vl53l7cx_api.o
                0x0800847c                VL53L7CX_FIRMWARE
 .rodata.VL53L7CX_DEFAULT_CONFIGURATION
                0x0801d47c      0x3cc ./Drivers/BSP/Components/vl53l7cx_api.o
                0x0801d47c                VL53L7CX_DEFAULT_CONFIGURATION
 .rodata.VL53L7CX_DEFAULT_XTALK
                0x0801d848      0x308 ./Drivers/BSP/Components/vl53l7cx_api.o
                0x0801d848                VL53L7CX_DEFAULT_XTALK
 .rodata.VL53L7CX_GET_NVM_CMD
                0x0801db50       0x28 ./Drivers/BSP/Components/vl53l7cx_api.o
                0x0801db50                VL53L7CX_GET_NVM_CMD
 .rodata.AHBPrescTable
                0x0801db78       0x10 ./Drivers/CMSIS/system_stm32f4xx.o
                0x0801db78                AHBPrescTable
 .rodata.APBPrescTable
                0x0801db88        0x8 ./Drivers/CMSIS/system_stm32f4xx.o
                0x0801db88                APBPrescTable
 .rodata._vfprintf_r.str1.1
                0x0801db90       0x33 C:/ST/STM32CubeIDE_1.18.0/STM32CubeIDE/plugins/com.st.stm32cube.ide.mcu.externaltools.gnu-tools-for-stm32.13.3.rel1.win32_1.0.0.202411081344/tools/bin/../lib/gcc/arm-none-eabi/13.3.1/../../../../arm-none-eabi/lib/thumb/v7e-m+fp/hard\libc_nano.a(libc_a-nano-vfprintf.o)
                                 0x11 (size before relaxing)
 .rodata._printf_i.str1.1
                0x0801dbc3       0x22 C:/ST/STM32CubeIDE_1.18.0/STM32CubeIDE/plugins/com.st.stm32cube.ide.mcu.externaltools.gnu-tools-for-stm32.13.3.rel1.win32_1.0.0.202411081344/tools/bin/../lib/gcc/arm-none-eabi/13.3.1/../../../../arm-none-eabi/lib/thumb/v7e-m+fp/hard\libc_nano.a(libc_a-nano-vfprintf_i.o)
                0x0801dbe8                        . = ALIGN (0x4)
 *fill*         0x0801dbc3        0x1 

.ARM.extab      0x0801dbc4        0x0
                0x0801dbc4                        . = ALIGN (0x4)
 *(.ARM.extab* .gnu.linkonce.armextab.*)
                0x0801dbc4                        . = ALIGN (0x4)

.ARM            0x0801dbc4        0x8
                0x0801dbc4                        . = ALIGN (0x4)
                0x0801dbc4                        __exidx_start = .
 *(.ARM.exidx*)
 .ARM.exidx     0x0801dbc4        0x8 C:/ST/STM32CubeIDE_1.18.0/STM32CubeIDE/plugins/com.st.stm32cube.ide.mcu.externaltools.gnu-tools-for-stm32.13.3.rel1.win32_1.0.0.202411081344/tools/bin/../lib/gcc/arm-none-eabi/13.3.1/../../../../arm-none-eabi/lib/thumb/v7e-m+fp/hard\libc_nano.a(libc_a-memchr.o)
 .ARM.exidx     0x0801dbcc        0x0 C:/ST/STM32CubeIDE_1.18.0/STM32CubeIDE/plugins/com.st.stm32cube.ide.mcu.externaltools.gnu-tools-for-stm32.13.3.rel1.win32_1.0.0.202411081344/tools/bin/../lib/gcc/arm-none-eabi/13.3.1/thumb/v7e-m+fp/hard\libgcc.a(_udivmoddi4.o)
                                  0x8 (size before relaxing)
                0x0801dbcc                        __exidx_end = .
                0x0801dbcc                        . = ALIGN (0x4)

.preinit_array  0x0801dbcc        0x0
                0x0801dbcc                        . = ALIGN (0x4)
                0x0801dbcc                        PROVIDE (__preinit_array_start = .)
 *(.preinit_array*)
                0x0801dbcc                        PROVIDE (__preinit_array_end = .)
                0x0801dbcc                        . = ALIGN (0x4)

.init_array     0x0801dbcc        0x4
                0x0801dbcc                        . = ALIGN (0x4)
                0x0801dbcc                        PROVIDE (__init_array_start = .)
 *(SORT_BY_NAME(.init_array.*))
 *(.init_array*)
 .init_array    0x0801dbcc        0x4 C:/ST/STM32CubeIDE_1.18.0/STM32CubeIDE/plugins/com.st.stm32cube.ide.mcu.externaltools.gnu-tools-for-stm32.13.3.rel1.win32_1.0.0.202411081344/tools/bin/../lib/gcc/arm-none-eabi/13.3.1/thumb/v7e-m+fp/hard/crtbegin.o
                0x0801dbd0                        PROVIDE (__init_array_end = .)
                0x0801dbd0                        . = ALIGN (0x4)

.fini_array     0x0801dbd0        0x4
                0x0801dbd0                        . = ALIGN (0x4)
                [!provide]                        PROVIDE (__fini_array_start = .)
 *(SORT_BY_NAME(.fini_array.*))
 *(.fini_array*)
 .fini_array    0x0801dbd0        0x4 C:/ST/STM32CubeIDE_1.18.0/STM32CubeIDE/plugins/com.st.stm32cube.ide.mcu.externaltools.gnu-tools-for-stm32.13.3.rel1.win32_1.0.0.202411081344/tools/bin/../lib/gcc/arm-none-eabi/13.3.1/thumb/v7e-m+fp/hard/crtbegin.o
                [!provide]                        PROVIDE (__fini_array_end = .)
                0x0801dbd4                        . = ALIGN (0x4)
                0x0801dbd4                        _sidata = LOADADDR (.data)

.rel.dyn        0x0801dbd4        0x0
 .rel.iplt      0x0801dbd4        0x0 C:/ST/STM32CubeIDE_1.18.0/STM32CubeIDE/plugins/com.st.stm32cube.ide.mcu.externaltools.gnu-tools-for-stm32.13.3.rel1.win32_1.0.0.202411081344/tools/bin/../lib/gcc/arm-none-eabi/13.3.1/thumb/v7e-m+fp/hard/crtbegin.o

.data           0x20000000       0xa8 load address 0x0801dbd4
                0x20000000                        . = ALIGN (0x4)
                0x20000000                        _sdata = .
 *(.data)
 *(.data*)
 .data.entry_row
                0x20000000        0x1 ./Application/User/app_tof.o
 .data.last_row
                0x20000001        0x1 ./Application/User/app_tof.o
 *fill*         0x20000002        0x2 
 .data.COM_USART
                0x20000004        0x4 ./Application/User/stm32f4xx_nucleo.o
                0x20000004                COM_USART
 .data.VL53L7CX_RANGING_SENSOR_Driver
                0x20000008       0x38 ./Drivers/BSP/Components/vl53l7cx.o
                0x20000008                VL53L7CX_RANGING_SENSOR_Driver
 .data.SystemCoreClock
                0x20000040        0x4 ./Drivers/CMSIS/system_stm32f4xx.o
                0x20000040                SystemCoreClock
 .data.uwTickPrio
                0x20000044        0x4 ./Drivers/STM32F4xx_HAL_Driver/stm32f4xx_hal.o
                0x20000044                uwTickPrio
 .data.uwTickFreq
                0x20000048        0x1 ./Drivers/STM32F4xx_HAL_Driver/stm32f4xx_hal.o
                0x20000048                uwTickFreq
 *fill*         0x20000049        0x3 
 .data.__sglue  0x2000004c        0xc C:/ST/STM32CubeIDE_1.18.0/STM32CubeIDE/plugins/com.st.stm32cube.ide.mcu.externaltools.gnu-tools-for-stm32.13.3.rel1.win32_1.0.0.202411081344/tools/bin/../lib/gcc/arm-none-eabi/13.3.1/../../../../arm-none-eabi/lib/thumb/v7e-m+fp/hard\libc_nano.a(libc_a-findfp.o)
                0x2000004c                __sglue
 .data._impure_ptr
                0x20000058        0x4 C:/ST/STM32CubeIDE_1.18.0/STM32CubeIDE/plugins/com.st.stm32cube.ide.mcu.externaltools.gnu-tools-for-stm32.13.3.rel1.win32_1.0.0.202411081344/tools/bin/../lib/gcc/arm-none-eabi/13.3.1/../../../../arm-none-eabi/lib/thumb/v7e-m+fp/hard\libc_nano.a(libc_a-impure.o)
                0x20000058                _impure_ptr
 .data._impure_data
                0x2000005c       0x4c C:/ST/STM32CubeIDE_1.18.0/STM32CubeIDE/plugins/com.st.stm32cube.ide.mcu.externaltools.gnu-tools-for-stm32.13.3.rel1.win32_1.0.0.202411081344/tools/bin/../lib/gcc/arm-none-eabi/13.3.1/../../../../arm-none-eabi/lib/thumb/v7e-m+fp/hard\libc_nano.a(libc_a-impure.o)
                0x2000005c                _impure_data
 *(.RamFunc)
 *(.RamFunc*)
                0x200000a8                        . = ALIGN (0x4)
                0x200000a8                        _edata = .

.igot.plt       0x200000a8        0x0 load address 0x0801dc7c
 .igot.plt      0x200000a8        0x0 C:/ST/STM32CubeIDE_1.18.0/STM32CubeIDE/plugins/com.st.stm32cube.ide.mcu.externaltools.gnu-tools-for-stm32.13.3.rel1.win32_1.0.0.202411081344/tools/bin/../lib/gcc/arm-none-eabi/13.3.1/thumb/v7e-m+fp/hard/crtbegin.o
                0x200000a8                        . = ALIGN (0x4)

.bss            0x200000a8     0x305c load address 0x0801dc7c
                0x200000a8                        _sbss = .
                0x200000a8                        __bss_start__ = _sbss
 *(.bss)
 .bss           0x200000a8       0x1c C:/ST/STM32CubeIDE_1.18.0/STM32CubeIDE/plugins/com.st.stm32cube.ide.mcu.externaltools.gnu-tools-for-stm32.13.3.rel1.win32_1.0.0.202411081344/tools/bin/../lib/gcc/arm-none-eabi/13.3.1/thumb/v7e-m+fp/hard/crtbegin.o
 *(.bss*)
 .bss.Cap       0x200000c4       0x10 ./Application/User/app_tof.o
 .bss.Profile   0x200000d4       0x14 ./Application/User/app_tof.o
 .bss.Result    0x200000e8      0x504 ./Application/User/app_tof.o
 .bss.status    0x200005ec        0x4 ./Application/User/app_tof.o
 .bss.ToF_EventDetected
                0x200005f0        0x1 ./Application/User/app_tof.o
                0x200005f0                ToF_EventDetected
 *fill*         0x200005f1        0x3 
 .bss.last_detection_time
                0x200005f4        0x4 ./Application/User/app_tof.o
 .bss.no_detection_reported
                0x200005f8        0x1 ./Application/User/app_tof.o
 .bss.gesture_state
                0x200005f9        0x1 ./Application/User/app_tof.o
 .bss.detected_direction
                0x200005fa        0x1 ./Application/User/app_tof.o
 .bss.gesture_reported
                0x200005fb        0x1 ./Application/User/app_tof.o
 .bss.hcom_uart
                0x200005fc       0x48 ./Application/User/stm32f4xx_nucleo.o
                0x200005fc                hcom_uart
 .bss.COM_ActiveLogPort
                0x20000644        0x1 ./Application/User/stm32f4xx_nucleo.o
 *fill*         0x20000645        0x3 
 .bss.hi2c1     0x20000648       0x54 ./Application/User/stm32f4xx_nucleo_bus.o
                0x20000648                hi2c1
 .bss.I2C1InitCounter
                0x2000069c        0x4 ./Application/User/stm32f4xx_nucleo_bus.o
 .bss.__sbrk_heap_end
                0x200006a0        0x4 ./Application/User/sysmem.o
 .bss.VL53L7A1_RANGING_SENSOR_CompObj
                0x200006a4        0xc ./Drivers/BSP/53L7A1/53l7a1_ranging_sensor.o
                0x200006a4                VL53L7A1_RANGING_SENSOR_CompObj
 .bss.VL53L7A1_RANGING_SENSOR_Drv
                0x200006b0        0x4 ./Drivers/BSP/53L7A1/53l7a1_ranging_sensor.o
 .bss.VL53L7A1_RANGING_SENSOR_Cap
                0x200006b4       0x10 ./Drivers/BSP/53L7A1/53l7a1_ranging_sensor.o
 .bss.VL53L7CXObj.0
                0x200006c4     0x20a0 ./Drivers/BSP/53L7A1/53l7a1_ranging_sensor.o
 .bss.thresholds.1
                0x20002764      0x300 ./Drivers/BSP/Components/vl53l7cx.o
 .bss.data.0    0x20002a64      0x550 ./Drivers/BSP/Components/vl53l7cx.o
 .bss.uwTick    0x20002fb4        0x4 ./Drivers/STM32F4xx_HAL_Driver/stm32f4xx_hal.o
                0x20002fb4                uwTick
 .bss.__sf      0x20002fb8      0x138 C:/ST/STM32CubeIDE_1.18.0/STM32CubeIDE/plugins/com.st.stm32cube.ide.mcu.externaltools.gnu-tools-for-stm32.13.3.rel1.win32_1.0.0.202411081344/tools/bin/../lib/gcc/arm-none-eabi/13.3.1/../../../../arm-none-eabi/lib/thumb/v7e-m+fp/hard\libc_nano.a(libc_a-findfp.o)
                0x20002fb8                __sf
 .bss.__stdio_exit_handler
                0x200030f0        0x4 C:/ST/STM32CubeIDE_1.18.0/STM32CubeIDE/plugins/com.st.stm32cube.ide.mcu.externaltools.gnu-tools-for-stm32.13.3.rel1.win32_1.0.0.202411081344/tools/bin/../lib/gcc/arm-none-eabi/13.3.1/../../../../arm-none-eabi/lib/thumb/v7e-m+fp/hard\libc_nano.a(libc_a-findfp.o)
                0x200030f0                __stdio_exit_handler
 .bss.errno     0x200030f4        0x4 C:/ST/STM32CubeIDE_1.18.0/STM32CubeIDE/plugins/com.st.stm32cube.ide.mcu.externaltools.gnu-tools-for-stm32.13.3.rel1.win32_1.0.0.202411081344/tools/bin/../lib/gcc/arm-none-eabi/13.3.1/../../../../arm-none-eabi/lib/thumb/v7e-m+fp/hard\libc_nano.a(libc_a-reent.o)
                0x200030f4                errno
 .bss.__lock___malloc_recursive_mutex
                0x200030f8        0x1 C:/ST/STM32CubeIDE_1.18.0/STM32CubeIDE/plugins/com.st.stm32cube.ide.mcu.externaltools.gnu-tools-for-stm32.13.3.rel1.win32_1.0.0.202411081344/tools/bin/../lib/gcc/arm-none-eabi/13.3.1/../../../../arm-none-eabi/lib/thumb/v7e-m+fp/hard\libc_nano.a(libc_a-lock.o)
                0x200030f8                __lock___malloc_recursive_mutex
 .bss.__lock___sfp_recursive_mutex
                0x200030f9        0x1 C:/ST/STM32CubeIDE_1.18.0/STM32CubeIDE/plugins/com.st.stm32cube.ide.mcu.externaltools.gnu-tools-for-stm32.13.3.rel1.win32_1.0.0.202411081344/tools/bin/../lib/gcc/arm-none-eabi/13.3.1/../../../../arm-none-eabi/lib/thumb/v7e-m+fp/hard\libc_nano.a(libc_a-lock.o)
                0x200030f9                __lock___sfp_recursive_mutex
 *fill*         0x200030fa        0x2 
 .bss.__malloc_sbrk_start
                0x200030fc        0x4 C:/ST/STM32CubeIDE_1.18.0/STM32CubeIDE/plugins/com.st.stm32cube.ide.mcu.externaltools.gnu-tools-for-stm32.13.3.rel1.win32_1.0.0.202411081344/tools/bin/../lib/gcc/arm-none-eabi/13.3.1/../../../../arm-none-eabi/lib/thumb/v7e-m+fp/hard\libc_nano.a(libc_a-mallocr.o)
                0x200030fc                __malloc_sbrk_start
 .bss.__malloc_free_list
                0x20003100        0x4 C:/ST/STM32CubeIDE_1.18.0/STM32CubeIDE/plugins/com.st.stm32cube.ide.mcu.externaltools.gnu-tools-for-stm32.13.3.rel1.win32_1.0.0.202411081344/tools/bin/../lib/gcc/arm-none-eabi/13.3.1/../../../../arm-none-eabi/lib/thumb/v7e-m+fp/hard\libc_nano.a(libc_a-mallocr.o)
                0x20003100                __malloc_free_list
 *(COMMON)
                0x20003104                        . = ALIGN (0x4)
                0x20003104                        _ebss = .
                0x20003104                        __bss_end__ = _ebss

._user_heap_stack
                0x20003104      0xa04 load address 0x0801dc7c
                0x20003108                        . = ALIGN (0x8)
 *fill*         0x20003104        0x4 
                [!provide]                        PROVIDE (end = .)
                0x20003108                        PROVIDE (_end = .)
                0x20003308                        . = (. + _Min_Heap_Size)
 *fill*         0x20003108      0x200 
                0x20003b08                        . = (. + _Min_Stack_Size)
 *fill*         0x20003308      0x800 
                0x20003b08                        . = ALIGN (0x8)

/DISCARD/
 libc.a(*)
 libm.a(*)
 libgcc.a(*)

.ARM.attributes
                0x00000000       0x30
 *(.ARM.attributes)
 .ARM.attributes
                0x00000000       0x22 C:/ST/STM32CubeIDE_1.18.0/STM32CubeIDE/plugins/com.st.stm32cube.ide.mcu.externaltools.gnu-tools-for-stm32.13.3.rel1.win32_1.0.0.202411081344/tools/bin/../lib/gcc/arm-none-eabi/13.3.1/thumb/v7e-m+fp/hard/crti.o
 .ARM.attributes
                0x00000022       0x34 C:/ST/STM32CubeIDE_1.18.0/STM32CubeIDE/plugins/com.st.stm32cube.ide.mcu.externaltools.gnu-tools-for-stm32.13.3.rel1.win32_1.0.0.202411081344/tools/bin/../lib/gcc/arm-none-eabi/13.3.1/thumb/v7e-m+fp/hard/crtbegin.o
 .ARM.attributes
                0x00000056       0x21 ./Application/Startup/startup_stm32f401retx.o
 .ARM.attributes
                0x00000077       0x34 ./Application/User/app_tof.o
 .ARM.attributes
                0x000000ab       0x34 ./Application/User/app_tof_pin_conf.o
 .ARM.attributes
                0x000000df       0x34 ./Application/User/main.o
 .ARM.attributes
                0x00000113       0x34 ./Application/User/stm32f4xx_hal_msp.o
 .ARM.attributes
                0x00000147       0x34 ./Application/User/stm32f4xx_it.o
 .ARM.attributes
                0x0000017b       0x34 ./Application/User/stm32f4xx_nucleo.o
 .ARM.attributes
                0x000001af       0x34 ./Application/User/stm32f4xx_nucleo_bus.o
 .ARM.attributes
                0x000001e3       0x34 ./Application/User/syscalls.o
 .ARM.attributes
                0x00000217       0x34 ./Application/User/sysmem.o
 .ARM.attributes
                0x0000024b       0x34 ./Drivers/BSP/53L7A1/53l7a1_ranging_sensor.o
 .ARM.attributes
                0x0000027f       0x34 ./Drivers/BSP/Components/platform.o
 .ARM.attributes
                0x000002b3       0x34 ./Drivers/BSP/Components/vl53l7cx.o
 .ARM.attributes
                0x000002e7       0x34 ./Drivers/BSP/Components/vl53l7cx_api.o
 .ARM.attributes
                0x0000031b       0x34 ./Drivers/BSP/Components/vl53l7cx_plugin_detection_thresholds.o
 .ARM.attributes
                0x0000034f       0x34 ./Drivers/CMSIS/system_stm32f4xx.o
 .ARM.attributes
                0x00000383       0x34 ./Drivers/STM32F4xx_HAL_Driver/stm32f4xx_hal.o
 .ARM.attributes
                0x000003b7       0x34 ./Drivers/STM32F4xx_HAL_Driver/stm32f4xx_hal_cortex.o
 .ARM.attributes
                0x000003eb       0x34 ./Drivers/STM32F4xx_HAL_Driver/stm32f4xx_hal_gpio.o
 .ARM.attributes
                0x0000041f       0x34 ./Drivers/STM32F4xx_HAL_Driver/stm32f4xx_hal_i2c.o
 .ARM.attributes
                0x00000453       0x34 ./Drivers/STM32F4xx_HAL_Driver/stm32f4xx_hal_rcc.o
 .ARM.attributes
                0x00000487       0x34 ./Drivers/STM32F4xx_HAL_Driver/stm32f4xx_hal_uart.o
 .ARM.attributes
                0x000004bb       0x34 C:/ST/STM32CubeIDE_1.18.0/STM32CubeIDE/plugins/com.st.stm32cube.ide.mcu.externaltools.gnu-tools-for-stm32.13.3.rel1.win32_1.0.0.202411081344/tools/bin/../lib/gcc/arm-none-eabi/13.3.1/../../../../arm-none-eabi/lib/thumb/v7e-m+fp/hard\libc_nano.a(libc_a-findfp.o)
 .ARM.attributes
                0x000004ef       0x34 C:/ST/STM32CubeIDE_1.18.0/STM32CubeIDE/plugins/com.st.stm32cube.ide.mcu.externaltools.gnu-tools-for-stm32.13.3.rel1.win32_1.0.0.202411081344/tools/bin/../lib/gcc/arm-none-eabi/13.3.1/../../../../arm-none-eabi/lib/thumb/v7e-m+fp/hard\libc_nano.a(libc_a-fwalk.o)
 .ARM.attributes
                0x00000523       0x34 C:/ST/STM32CubeIDE_1.18.0/STM32CubeIDE/plugins/com.st.stm32cube.ide.mcu.externaltools.gnu-tools-for-stm32.13.3.rel1.win32_1.0.0.202411081344/tools/bin/../lib/gcc/arm-none-eabi/13.3.1/../../../../arm-none-eabi/lib/thumb/v7e-m+fp/hard\libc_nano.a(libc_a-printf.o)
 .ARM.attributes
                0x00000557       0x34 C:/ST/STM32CubeIDE_1.18.0/STM32CubeIDE/plugins/com.st.stm32cube.ide.mcu.externaltools.gnu-tools-for-stm32.13.3.rel1.win32_1.0.0.202411081344/tools/bin/../lib/gcc/arm-none-eabi/13.3.1/../../../../arm-none-eabi/lib/thumb/v7e-m+fp/hard\libc_nano.a(libc_a-stdio.o)
 .ARM.attributes
                0x0000058b       0x34 C:/ST/STM32CubeIDE_1.18.0/STM32CubeIDE/plugins/com.st.stm32cube.ide.mcu.externaltools.gnu-tools-for-stm32.13.3.rel1.win32_1.0.0.202411081344/tools/bin/../lib/gcc/arm-none-eabi/13.3.1/../../../../arm-none-eabi/lib/thumb/v7e-m+fp/hard\libc_nano.a(libc_a-memset.o)
 .ARM.attributes
                0x000005bf       0x34 C:/ST/STM32CubeIDE_1.18.0/STM32CubeIDE/plugins/com.st.stm32cube.ide.mcu.externaltools.gnu-tools-for-stm32.13.3.rel1.win32_1.0.0.202411081344/tools/bin/../lib/gcc/arm-none-eabi/13.3.1/../../../../arm-none-eabi/lib/thumb/v7e-m+fp/hard\libc_nano.a(libc_a-closer.o)
 .ARM.attributes
                0x000005f3       0x34 C:/ST/STM32CubeIDE_1.18.0/STM32CubeIDE/plugins/com.st.stm32cube.ide.mcu.externaltools.gnu-tools-for-stm32.13.3.rel1.win32_1.0.0.202411081344/tools/bin/../lib/gcc/arm-none-eabi/13.3.1/../../../../arm-none-eabi/lib/thumb/v7e-m+fp/hard\libc_nano.a(libc_a-reent.o)
 .ARM.attributes
                0x00000627       0x34 C:/ST/STM32CubeIDE_1.18.0/STM32CubeIDE/plugins/com.st.stm32cube.ide.mcu.externaltools.gnu-tools-for-stm32.13.3.rel1.win32_1.0.0.202411081344/tools/bin/../lib/gcc/arm-none-eabi/13.3.1/../../../../arm-none-eabi/lib/thumb/v7e-m+fp/hard\libc_nano.a(libc_a-impure.o)
 .ARM.attributes
                0x0000065b       0x34 C:/ST/STM32CubeIDE_1.18.0/STM32CubeIDE/plugins/com.st.stm32cube.ide.mcu.externaltools.gnu-tools-for-stm32.13.3.rel1.win32_1.0.0.202411081344/tools/bin/../lib/gcc/arm-none-eabi/13.3.1/../../../../arm-none-eabi/lib/thumb/v7e-m+fp/hard\libc_nano.a(libc_a-lseekr.o)
 .ARM.attributes
                0x0000068f       0x34 C:/ST/STM32CubeIDE_1.18.0/STM32CubeIDE/plugins/com.st.stm32cube.ide.mcu.externaltools.gnu-tools-for-stm32.13.3.rel1.win32_1.0.0.202411081344/tools/bin/../lib/gcc/arm-none-eabi/13.3.1/../../../../arm-none-eabi/lib/thumb/v7e-m+fp/hard\libc_nano.a(libc_a-readr.o)
 .ARM.attributes
                0x000006c3       0x34 C:/ST/STM32CubeIDE_1.18.0/STM32CubeIDE/plugins/com.st.stm32cube.ide.mcu.externaltools.gnu-tools-for-stm32.13.3.rel1.win32_1.0.0.202411081344/tools/bin/../lib/gcc/arm-none-eabi/13.3.1/../../../../arm-none-eabi/lib/thumb/v7e-m+fp/hard\libc_nano.a(libc_a-writer.o)
 .ARM.attributes
                0x000006f7       0x34 C:/ST/STM32CubeIDE_1.18.0/STM32CubeIDE/plugins/com.st.stm32cube.ide.mcu.externaltools.gnu-tools-for-stm32.13.3.rel1.win32_1.0.0.202411081344/tools/bin/../lib/gcc/arm-none-eabi/13.3.1/../../../../arm-none-eabi/lib/thumb/v7e-m+fp/hard\libc_nano.a(libc_a-errno.o)
 .ARM.attributes
                0x0000072b       0x34 C:/ST/STM32CubeIDE_1.18.0/STM32CubeIDE/plugins/com.st.stm32cube.ide.mcu.externaltools.gnu-tools-for-stm32.13.3.rel1.win32_1.0.0.202411081344/tools/bin/../lib/gcc/arm-none-eabi/13.3.1/../../../../arm-none-eabi/lib/thumb/v7e-m+fp/hard\libc_nano.a(libc_a-init.o)
 .ARM.attributes
                0x0000075f       0x34 C:/ST/STM32CubeIDE_1.18.0/STM32CubeIDE/plugins/com.st.stm32cube.ide.mcu.externaltools.gnu-tools-for-stm32.13.3.rel1.win32_1.0.0.202411081344/tools/bin/../lib/gcc/arm-none-eabi/13.3.1/../../../../arm-none-eabi/lib/thumb/v7e-m+fp/hard\libc_nano.a(libc_a-lock.o)
 .ARM.attributes
                0x00000793       0x34 C:/ST/STM32CubeIDE_1.18.0/STM32CubeIDE/plugins/com.st.stm32cube.ide.mcu.externaltools.gnu-tools-for-stm32.13.3.rel1.win32_1.0.0.202411081344/tools/bin/../lib/gcc/arm-none-eabi/13.3.1/../../../../arm-none-eabi/lib/thumb/v7e-m+fp/hard\libc_nano.a(libc_a-memcpy-stub.o)
 .ARM.attributes
                0x000007c7       0x34 C:/ST/STM32CubeIDE_1.18.0/STM32CubeIDE/plugins/com.st.stm32cube.ide.mcu.externaltools.gnu-tools-for-stm32.13.3.rel1.win32_1.0.0.202411081344/tools/bin/../lib/gcc/arm-none-eabi/13.3.1/../../../../arm-none-eabi/lib/thumb/v7e-m+fp/hard\libc_nano.a(libc_a-freer.o)
 .ARM.attributes
                0x000007fb       0x34 C:/ST/STM32CubeIDE_1.18.0/STM32CubeIDE/plugins/com.st.stm32cube.ide.mcu.externaltools.gnu-tools-for-stm32.13.3.rel1.win32_1.0.0.202411081344/tools/bin/../lib/gcc/arm-none-eabi/13.3.1/../../../../arm-none-eabi/lib/thumb/v7e-m+fp/hard\libc_nano.a(libc_a-mallocr.o)
 .ARM.attributes
                0x0000082f       0x34 C:/ST/STM32CubeIDE_1.18.0/STM32CubeIDE/plugins/com.st.stm32cube.ide.mcu.externaltools.gnu-tools-for-stm32.13.3.rel1.win32_1.0.0.202411081344/tools/bin/../lib/gcc/arm-none-eabi/13.3.1/../../../../arm-none-eabi/lib/thumb/v7e-m+fp/hard\libc_nano.a(libc_a-mlock.o)
 .ARM.attributes
                0x00000863       0x34 C:/ST/STM32CubeIDE_1.18.0/STM32CubeIDE/plugins/com.st.stm32cube.ide.mcu.externaltools.gnu-tools-for-stm32.13.3.rel1.win32_1.0.0.202411081344/tools/bin/../lib/gcc/arm-none-eabi/13.3.1/../../../../arm-none-eabi/lib/thumb/v7e-m+fp/hard\libc_nano.a(libc_a-nano-vfprintf.o)
 .ARM.attributes
                0x00000897       0x34 C:/ST/STM32CubeIDE_1.18.0/STM32CubeIDE/plugins/com.st.stm32cube.ide.mcu.externaltools.gnu-tools-for-stm32.13.3.rel1.win32_1.0.0.202411081344/tools/bin/../lib/gcc/arm-none-eabi/13.3.1/../../../../arm-none-eabi/lib/thumb/v7e-m+fp/hard\libc_nano.a(libc_a-nano-vfprintf_i.o)
 .ARM.attributes
                0x000008cb       0x34 C:/ST/STM32CubeIDE_1.18.0/STM32CubeIDE/plugins/com.st.stm32cube.ide.mcu.externaltools.gnu-tools-for-stm32.13.3.rel1.win32_1.0.0.202411081344/tools/bin/../lib/gcc/arm-none-eabi/13.3.1/../../../../arm-none-eabi/lib/thumb/v7e-m+fp/hard\libc_nano.a(libc_a-fflush.o)
 .ARM.attributes
                0x000008ff       0x34 C:/ST/STM32CubeIDE_1.18.0/STM32CubeIDE/plugins/com.st.stm32cube.ide.mcu.externaltools.gnu-tools-for-stm32.13.3.rel1.win32_1.0.0.202411081344/tools/bin/../lib/gcc/arm-none-eabi/13.3.1/../../../../arm-none-eabi/lib/thumb/v7e-m+fp/hard\libc_nano.a(libc_a-wbuf.o)
 .ARM.attributes
                0x00000933       0x34 C:/ST/STM32CubeIDE_1.18.0/STM32CubeIDE/plugins/com.st.stm32cube.ide.mcu.externaltools.gnu-tools-for-stm32.13.3.rel1.win32_1.0.0.202411081344/tools/bin/../lib/gcc/arm-none-eabi/13.3.1/../../../../arm-none-eabi/lib/thumb/v7e-m+fp/hard\libc_nano.a(libc_a-wsetup.o)
 .ARM.attributes
                0x00000967       0x34 C:/ST/STM32CubeIDE_1.18.0/STM32CubeIDE/plugins/com.st.stm32cube.ide.mcu.externaltools.gnu-tools-for-stm32.13.3.rel1.win32_1.0.0.202411081344/tools/bin/../lib/gcc/arm-none-eabi/13.3.1/../../../../arm-none-eabi/lib/thumb/v7e-m+fp/hard\libc_nano.a(libc_a-sbrkr.o)
 .ARM.attributes
                0x0000099b       0x1c C:/ST/STM32CubeIDE_1.18.0/STM32CubeIDE/plugins/com.st.stm32cube.ide.mcu.externaltools.gnu-tools-for-stm32.13.3.rel1.win32_1.0.0.202411081344/tools/bin/../lib/gcc/arm-none-eabi/13.3.1/../../../../arm-none-eabi/lib/thumb/v7e-m+fp/hard\libc_nano.a(libc_a-memchr.o)
 .ARM.attributes
                0x000009b7       0x34 C:/ST/STM32CubeIDE_1.18.0/STM32CubeIDE/plugins/com.st.stm32cube.ide.mcu.externaltools.gnu-tools-for-stm32.13.3.rel1.win32_1.0.0.202411081344/tools/bin/../lib/gcc/arm-none-eabi/13.3.1/../../../../arm-none-eabi/lib/thumb/v7e-m+fp/hard\libc_nano.a(libc_a-makebuf.o)
 .ARM.attributes
                0x000009eb       0x34 C:/ST/STM32CubeIDE_1.18.0/STM32CubeIDE/plugins/com.st.stm32cube.ide.mcu.externaltools.gnu-tools-for-stm32.13.3.rel1.win32_1.0.0.202411081344/tools/bin/../lib/gcc/arm-none-eabi/13.3.1/../../../../arm-none-eabi/lib/thumb/v7e-m+fp/hard\libc_nano.a(libc_a-fstatr.o)
 .ARM.attributes
                0x00000a1f       0x34 C:/ST/STM32CubeIDE_1.18.0/STM32CubeIDE/plugins/com.st.stm32cube.ide.mcu.externaltools.gnu-tools-for-stm32.13.3.rel1.win32_1.0.0.202411081344/tools/bin/../lib/gcc/arm-none-eabi/13.3.1/../../../../arm-none-eabi/lib/thumb/v7e-m+fp/hard\libc_nano.a(libc_a-isattyr.o)
 .ARM.attributes
                0x00000a53       0x22 C:/ST/STM32CubeIDE_1.18.0/STM32CubeIDE/plugins/com.st.stm32cube.ide.mcu.externaltools.gnu-tools-for-stm32.13.3.rel1.win32_1.0.0.202411081344/tools/bin/../lib/gcc/arm-none-eabi/13.3.1/thumb/v7e-m+fp/hard\libgcc.a(_aeabi_uldivmod.o)
 .ARM.attributes
                0x00000a75       0x34 C:/ST/STM32CubeIDE_1.18.0/STM32CubeIDE/plugins/com.st.stm32cube.ide.mcu.externaltools.gnu-tools-for-stm32.13.3.rel1.win32_1.0.0.202411081344/tools/bin/../lib/gcc/arm-none-eabi/13.3.1/thumb/v7e-m+fp/hard\libgcc.a(_udivmoddi4.o)
 .ARM.attributes
                0x00000aa9       0x22 C:/ST/STM32CubeIDE_1.18.0/STM32CubeIDE/plugins/com.st.stm32cube.ide.mcu.externaltools.gnu-tools-for-stm32.13.3.rel1.win32_1.0.0.202411081344/tools/bin/../lib/gcc/arm-none-eabi/13.3.1/thumb/v7e-m+fp/hard\libgcc.a(_dvmd_tls.o)
 .ARM.attributes
                0x00000acb       0x22 C:/ST/STM32CubeIDE_1.18.0/STM32CubeIDE/plugins/com.st.stm32cube.ide.mcu.externaltools.gnu-tools-for-stm32.13.3.rel1.win32_1.0.0.202411081344/tools/bin/../lib/gcc/arm-none-eabi/13.3.1/thumb/v7e-m+fp/hard/crtn.o
OUTPUT(TeslaBlinker.elf elf32-littlearm)
LOAD linker stubs
LOAD C:/ST/STM32CubeIDE_1.18.0/STM32CubeIDE/plugins/com.st.stm32cube.ide.mcu.externaltools.gnu-tools-for-stm32.13.3.rel1.win32_1.0.0.202411081344/tools/bin/../lib/gcc/arm-none-eabi/13.3.1/../../../../arm-none-eabi/lib/thumb/v7e-m+fp/hard\libc.a
LOAD C:/ST/STM32CubeIDE_1.18.0/STM32CubeIDE/plugins/com.st.stm32cube.ide.mcu.externaltools.gnu-tools-for-stm32.13.3.rel1.win32_1.0.0.202411081344/tools/bin/../lib/gcc/arm-none-eabi/13.3.1/../../../../arm-none-eabi/lib/thumb/v7e-m+fp/hard\libm.a
LOAD C:/ST/STM32CubeIDE_1.18.0/STM32CubeIDE/plugins/com.st.stm32cube.ide.mcu.externaltools.gnu-tools-for-stm32.13.3.rel1.win32_1.0.0.202411081344/tools/bin/../lib/gcc/arm-none-eabi/13.3.1/thumb/v7e-m+fp/hard\libgcc.a

.debug_line     0x00000000    0x12b81
 .debug_line    0x00000000       0x7a ./Application/Startup/startup_stm32f401retx.o
 .debug_line    0x0000007a      0xd8b ./Application/User/app_tof.o
 .debug_line    0x00000e05      0x776 ./Application/User/app_tof_pin_conf.o
 .debug_line    0x0000157b      0x88f ./Application/User/main.o
 .debug_line    0x00001e0a      0x7b6 ./Application/User/stm32f4xx_hal_msp.o
 .debug_line    0x000025c0      0x87d ./Application/User/stm32f4xx_it.o
 .debug_line    0x00002e3d      0x90d ./Application/User/stm32f4xx_nucleo.o
 .debug_line    0x0000374a      0xa24 ./Application/User/stm32f4xx_nucleo_bus.o
 .debug_line    0x0000416e      0x8b4 ./Application/User/syscalls.o
 .debug_line    0x00004a22      0x590 ./Application/User/sysmem.o
 .debug_line    0x00004fb2      0xdab ./Drivers/BSP/53L7A1/53l7a1_ranging_sensor.o
 .debug_line    0x00005d5d      0x6c9 ./Drivers/BSP/Components/platform.o
 .debug_line    0x00006426      0xcfe ./Drivers/BSP/Components/vl53l7cx.o
 .debug_line    0x00007124     0x17f3 ./Drivers/BSP/Components/vl53l7cx_api.o
 .debug_line    0x00008917      0x882 ./Drivers/BSP/Components/vl53l7cx_plugin_detection_thresholds.o
 .debug_line    0x00009199      0x7ee ./Drivers/CMSIS/system_stm32f4xx.o
 .debug_line    0x00009987      0xa60 ./Drivers/STM32F4xx_HAL_Driver/stm32f4xx_hal.o
 .debug_line    0x0000a3e7      0xd2e ./Drivers/STM32F4xx_HAL_Driver/stm32f4xx_hal_cortex.o
 .debug_line    0x0000b115      0xb7c ./Drivers/STM32F4xx_HAL_Driver/stm32f4xx_hal_gpio.o
 .debug_line    0x0000bc91     0x3b12 ./Drivers/STM32F4xx_HAL_Driver/stm32f4xx_hal_i2c.o
 .debug_line    0x0000f7a3      0xe6f ./Drivers/STM32F4xx_HAL_Driver/stm32f4xx_hal_rcc.o
 .debug_line    0x00010612     0x256f ./Drivers/STM32F4xx_HAL_Driver/stm32f4xx_hal_uart.o

.debug_line_str
                0x00000000       0x63
 .debug_line_str
                0x00000000       0x63 ./Application/Startup/startup_stm32f401retx.o

.debug_info     0x00000000     0xf047
 .debug_info    0x00000000       0x30 ./Application/Startup/startup_stm32f401retx.o
 .debug_info    0x00000030      0x7c3 ./Application/User/app_tof.o
 .debug_info    0x000007f3       0xdb ./Application/User/app_tof_pin_conf.o
 .debug_info    0x000008ce      0x88a ./Application/User/main.o
 .debug_info    0x00001158      0x291 ./Application/User/stm32f4xx_hal_msp.o
 .debug_info    0x000013e9      0x14a ./Application/User/stm32f4xx_it.o
 .debug_info    0x00001533      0xb00 ./Application/User/stm32f4xx_nucleo.o
 .debug_info    0x00002033      0xdfa ./Application/User/stm32f4xx_nucleo_bus.o
 .debug_info    0x00002e2d      0x6a3 ./Application/User/syscalls.o
 .debug_info    0x000034d0      0x168 ./Application/User/sysmem.o
 .debug_info    0x00003638      0xfd1 ./Drivers/BSP/53L7A1/53l7a1_ranging_sensor.o
 .debug_info    0x00004609      0x335 ./Drivers/BSP/Components/platform.o
 .debug_info    0x0000493e     0x1199 ./Drivers/BSP/Components/vl53l7cx.o
 .debug_info    0x00005ad7     0x128b ./Drivers/BSP/Components/vl53l7cx_api.o
 .debug_info    0x00006d62      0x490 ./Drivers/BSP/Components/vl53l7cx_plugin_detection_thresholds.o
 .debug_info    0x000071f2      0x53e ./Drivers/CMSIS/system_stm32f4xx.o
 .debug_info    0x00007730      0x8bb ./Drivers/STM32F4xx_HAL_Driver/stm32f4xx_hal.o
 .debug_info    0x00007feb      0xcf6 ./Drivers/STM32F4xx_HAL_Driver/stm32f4xx_hal_cortex.o
 .debug_info    0x00008ce1      0x6f9 ./Drivers/STM32F4xx_HAL_Driver/stm32f4xx_hal_gpio.o
 .debug_info    0x000093da     0x2426 ./Drivers/STM32F4xx_HAL_Driver/stm32f4xx_hal_i2c.o
 .debug_info    0x0000b800      0x8f1 ./Drivers/STM32F4xx_HAL_Driver/stm32f4xx_hal_rcc.o
 .debug_info    0x0000c0f1     0x2f56 ./Drivers/STM32F4xx_HAL_Driver/stm32f4xx_hal_uart.o

.debug_abbrev   0x00000000     0x2960
 .debug_abbrev  0x00000000       0x24 ./Application/Startup/startup_stm32f401retx.o
 .debug_abbrev  0x00000024      0x22b ./Application/User/app_tof.o
 .debug_abbrev  0x0000024f       0x7f ./Application/User/app_tof_pin_conf.o
 .debug_abbrev  0x000002ce      0x229 ./Application/User/main.o
 .debug_abbrev  0x000004f7       0xd8 ./Application/User/stm32f4xx_hal_msp.o
 .debug_abbrev  0x000005cf       0xa0 ./Application/User/stm32f4xx_it.o
 .debug_abbrev  0x0000066f      0x2aa ./Application/User/stm32f4xx_nucleo.o
 .debug_abbrev  0x00000919      0x2b5 ./Application/User/stm32f4xx_nucleo_bus.o
 .debug_abbrev  0x00000bce      0x1b6 ./Application/User/syscalls.o
 .debug_abbrev  0x00000d84       0xbc ./Application/User/sysmem.o
 .debug_abbrev  0x00000e40      0x265 ./Drivers/BSP/53L7A1/53l7a1_ranging_sensor.o
 .debug_abbrev  0x000010a5      0x10c ./Drivers/BSP/Components/platform.o
 .debug_abbrev  0x000011b1      0x2b1 ./Drivers/BSP/Components/vl53l7cx.o
 .debug_abbrev  0x00001462      0x2b3 ./Drivers/BSP/Components/vl53l7cx_api.o
 .debug_abbrev  0x00001715      0x169 ./Drivers/BSP/Components/vl53l7cx_plugin_detection_thresholds.o
 .debug_abbrev  0x0000187e      0x11a ./Drivers/CMSIS/system_stm32f4xx.o
 .debug_abbrev  0x00001998      0x24b ./Drivers/STM32F4xx_HAL_Driver/stm32f4xx_hal.o
 .debug_abbrev  0x00001be3      0x31d ./Drivers/STM32F4xx_HAL_Driver/stm32f4xx_hal_cortex.o
 .debug_abbrev  0x00001f00      0x1d3 ./Drivers/STM32F4xx_HAL_Driver/stm32f4xx_hal_gpio.o
 .debug_abbrev  0x000020d3      0x2bc ./Drivers/STM32F4xx_HAL_Driver/stm32f4xx_hal_i2c.o
 .debug_abbrev  0x0000238f      0x2b6 ./Drivers/STM32F4xx_HAL_Driver/stm32f4xx_hal_rcc.o
 .debug_abbrev  0x00002645      0x31b ./Drivers/STM32F4xx_HAL_Driver/stm32f4xx_hal_uart.o

.debug_aranges  0x00000000      0xdb8
 .debug_aranges
                0x00000000       0x28 ./Application/Startup/startup_stm32f401retx.o
 .debug_aranges
                0x00000028       0x58 ./Application/User/app_tof.o
 .debug_aranges
                0x00000080       0x20 ./Application/User/app_tof_pin_conf.o
 .debug_aranges
                0x000000a0       0x38 ./Application/User/main.o
 .debug_aranges
                0x000000d8       0x20 ./Application/User/stm32f4xx_hal_msp.o
 .debug_aranges
                0x000000f8       0x68 ./Application/User/stm32f4xx_it.o
 .debug_aranges
                0x00000160       0x58 ./Application/User/stm32f4xx_nucleo.o
 .debug_aranges
                0x000001b8       0x80 ./Application/User/stm32f4xx_nucleo_bus.o
 .debug_aranges
                0x00000238       0xa8 ./Application/User/syscalls.o
 .debug_aranges
                0x000002e0       0x20 ./Application/User/sysmem.o
 .debug_aranges
                0x00000300       0x98 ./Drivers/BSP/53L7A1/53l7a1_ranging_sensor.o
 .debug_aranges
                0x00000398       0x48 ./Drivers/BSP/Components/platform.o
 .debug_aranges
                0x000003e0       0xb0 ./Drivers/BSP/Components/vl53l7cx.o
 .debug_aranges
                0x00000490      0x118 ./Drivers/BSP/Components/vl53l7cx_api.o
 .debug_aranges
                0x000005a8       0x38 ./Drivers/BSP/Components/vl53l7cx_plugin_detection_thresholds.o
 .debug_aranges
                0x000005e0       0x28 ./Drivers/CMSIS/system_stm32f4xx.o
 .debug_aranges
                0x00000608       0xf0 ./Drivers/STM32F4xx_HAL_Driver/stm32f4xx_hal.o
 .debug_aranges
                0x000006f8      0x130 ./Drivers/STM32F4xx_HAL_Driver/stm32f4xx_hal_cortex.o
 .debug_aranges
                0x00000828       0x58 ./Drivers/STM32F4xx_HAL_Driver/stm32f4xx_hal_gpio.o
 .debug_aranges
                0x00000880      0x2a8 ./Drivers/STM32F4xx_HAL_Driver/stm32f4xx_hal_i2c.o
 .debug_aranges
                0x00000b28       0x88 ./Drivers/STM32F4xx_HAL_Driver/stm32f4xx_hal_rcc.o
 .debug_aranges
                0x00000bb0      0x208 ./Drivers/STM32F4xx_HAL_Driver/stm32f4xx_hal_uart.o

.debug_str      0x00000000    0x8d93a
 .debug_str     0x00000000    0x8d93a ./Application/Startup/startup_stm32f401retx.o
                                 0x7f (size before relaxing)
 .debug_str     0x0008d93a    0x879be ./Application/User/app_tof.o
 .debug_str     0x0008d93a    0x80c3e ./Application/User/app_tof_pin_conf.o
 .debug_str     0x0008d93a    0x81ac8 ./Application/User/main.o
 .debug_str     0x0008d93a    0x8145c ./Application/User/stm32f4xx_hal_msp.o
 .debug_str     0x0008d93a    0x8140e ./Application/User/stm32f4xx_it.o
 .debug_str     0x0008d93a    0x81a8d ./Application/User/stm32f4xx_nucleo.o
 .debug_str     0x0008d93a    0x8188e ./Application/User/stm32f4xx_nucleo_bus.o
 .debug_str     0x0008d93a     0x99e0 ./Application/User/syscalls.o
 .debug_str     0x0008d93a     0x777e ./Application/User/sysmem.o
 .debug_str     0x0008d93a    0x86f05 ./Drivers/BSP/53L7A1/53l7a1_ranging_sensor.o
 .debug_str     0x0008d93a     0x7518 ./Drivers/BSP/Components/platform.o
 .debug_str     0x0008d93a     0x9cd2 ./Drivers/BSP/Components/vl53l7cx.o
 .debug_str     0x0008d93a     0x8bf3 ./Drivers/BSP/Components/vl53l7cx_api.o
 .debug_str     0x0008d93a     0x887b ./Drivers/BSP/Components/vl53l7cx_plugin_detection_thresholds.o
 .debug_str     0x0008d93a    0x80cb9 ./Drivers/CMSIS/system_stm32f4xx.o
 .debug_str     0x0008d93a    0x816e0 ./Drivers/STM32F4xx_HAL_Driver/stm32f4xx_hal.o
 .debug_str     0x0008d93a    0x81449 ./Drivers/STM32F4xx_HAL_Driver/stm32f4xx_hal_cortex.o
 .debug_str     0x0008d93a    0x80e39 ./Drivers/STM32F4xx_HAL_Driver/stm32f4xx_hal_gpio.o
 .debug_str     0x0008d93a    0x81ccf ./Drivers/STM32F4xx_HAL_Driver/stm32f4xx_hal_i2c.o
 .debug_str     0x0008d93a    0x810f2 ./Drivers/STM32F4xx_HAL_Driver/stm32f4xx_hal_rcc.o
 .debug_str     0x0008d93a    0x816c1 ./Drivers/STM32F4xx_HAL_Driver/stm32f4xx_hal_uart.o

.debug_rnglists
                0x00000000      0xa84
 .debug_rnglists
                0x00000000       0x19 ./Application/Startup/startup_stm32f401retx.o
 .debug_rnglists
                0x00000019       0x40 ./Application/User/app_tof.o
 .debug_rnglists
                0x00000059       0x13 ./Application/User/app_tof_pin_conf.o
 .debug_rnglists
                0x0000006c       0x27 ./Application/User/main.o
 .debug_rnglists
                0x00000093       0x13 ./Application/User/stm32f4xx_hal_msp.o
 .debug_rnglists
                0x000000a6       0x49 ./Application/User/stm32f4xx_it.o
 .debug_rnglists
                0x000000ef       0x3e ./Application/User/stm32f4xx_nucleo.o
 .debug_rnglists
                0x0000012d       0x5c ./Application/User/stm32f4xx_nucleo_bus.o
 .debug_rnglists
                0x00000189       0x79 ./Application/User/syscalls.o
 .debug_rnglists
                0x00000202       0x13 ./Application/User/sysmem.o
 .debug_rnglists
                0x00000215       0x6e ./Drivers/BSP/53L7A1/53l7a1_ranging_sensor.o
 .debug_rnglists
                0x00000283       0x31 ./Drivers/BSP/Components/platform.o
 .debug_rnglists
                0x000002b4       0x85 ./Drivers/BSP/Components/vl53l7cx.o
 .debug_rnglists
                0x00000339       0xdd ./Drivers/BSP/Components/vl53l7cx_api.o
 .debug_rnglists
                0x00000416       0x28 ./Drivers/BSP/Components/vl53l7cx_plugin_detection_thresholds.o
 .debug_rnglists
                0x0000043e       0x1a ./Drivers/CMSIS/system_stm32f4xx.o
 .debug_rnglists
                0x00000458       0xaf ./Drivers/STM32F4xx_HAL_Driver/stm32f4xx_hal.o
 .debug_rnglists
                0x00000507       0xe0 ./Drivers/STM32F4xx_HAL_Driver/stm32f4xx_hal_cortex.o
 .debug_rnglists
                0x000005e7       0x3f ./Drivers/STM32F4xx_HAL_Driver/stm32f4xx_hal_gpio.o
 .debug_rnglists
                0x00000626      0x23c ./Drivers/STM32F4xx_HAL_Driver/stm32f4xx_hal_i2c.o
 .debug_rnglists
                0x00000862       0x66 ./Drivers/STM32F4xx_HAL_Driver/stm32f4xx_hal_rcc.o
 .debug_rnglists
                0x000008c8      0x1bc ./Drivers/STM32F4xx_HAL_Driver/stm32f4xx_hal_uart.o

.debug_macro    0x00000000    0x184b7
 .debug_macro   0x00000000      0x415 ./Application/User/app_tof.o
 .debug_macro   0x00000415      0xad8 ./Application/User/app_tof.o
 .debug_macro   0x00000eed      0x29b ./Application/User/app_tof.o
 .debug_macro   0x00001188       0x2e ./Application/User/app_tof.o
 .debug_macro   0x000011b6       0x28 ./Application/User/app_tof.o
 .debug_macro   0x000011de       0x22 ./Application/User/app_tof.o
 .debug_macro   0x00001200       0x8e ./Application/User/app_tof.o
 .debug_macro   0x0000128e       0x51 ./Application/User/app_tof.o
 .debug_macro   0x000012df      0x103 ./Application/User/app_tof.o
 .debug_macro   0x000013e2       0x6a ./Application/User/app_tof.o
 .debug_macro   0x0000144c      0x1df ./Application/User/app_tof.o
 .debug_macro   0x0000162b       0x1c ./Application/User/app_tof.o
 .debug_macro   0x00001647       0x22 ./Application/User/app_tof.o
 .debug_macro   0x00001669       0xd9 ./Application/User/app_tof.o
 .debug_macro   0x00001742     0x102d ./Application/User/app_tof.o
 .debug_macro   0x0000276f      0x11f ./Application/User/app_tof.o
 .debug_macro   0x0000288e     0xb86c ./Application/User/app_tof.o
 .debug_macro   0x0000e0fa       0x6d ./Application/User/app_tof.o
 .debug_macro   0x0000e167     0x369a ./Application/User/app_tof.o
 .debug_macro   0x00011801      0x190 ./Application/User/app_tof.o
 .debug_macro   0x00011991       0x5c ./Application/User/app_tof.o
 .debug_macro   0x000119ed      0x416 ./Application/User/app_tof.o
 .debug_macro   0x00011e03      0x9e9 ./Application/User/app_tof.o
 .debug_macro   0x000127ec      0x115 ./Application/User/app_tof.o
 .debug_macro   0x00012901       0xf8 ./Application/User/app_tof.o
 .debug_macro   0x000129f9       0xa5 ./Application/User/app_tof.o
 .debug_macro   0x00012a9e      0x15f ./Application/User/app_tof.o
 .debug_macro   0x00012bfd      0x287 ./Application/User/app_tof.o
 .debug_macro   0x00012e84       0x5f ./Application/User/app_tof.o
 .debug_macro   0x00012ee3      0x236 ./Application/User/app_tof.o
 .debug_macro   0x00013119      0x132 ./Application/User/app_tof.o
 .debug_macro   0x0001324b      0x264 ./Application/User/app_tof.o
 .debug_macro   0x000134af       0x2e ./Application/User/app_tof.o
 .debug_macro   0x000134dd      0x1b5 ./Application/User/app_tof.o
 .debug_macro   0x00013692       0x22 ./Application/User/app_tof.o
 .debug_macro   0x000136b4       0xd6 ./Application/User/app_tof.o
 .debug_macro   0x0001378a      0x127 ./Application/User/app_tof.o
 .debug_macro   0x000138b1       0x85 ./Application/User/app_tof.o
 .debug_macro   0x00013936       0x89 ./Application/User/app_tof.o
 .debug_macro   0x000139bf      0x2aa ./Application/User/app_tof.o
 .debug_macro   0x00013c69      0x126 ./Application/User/app_tof.o
 .debug_macro   0x00013d8f       0x2e ./Application/User/app_tof.o
 .debug_macro   0x00013dbd       0x82 ./Application/User/app_tof.o
 .debug_macro   0x00013e3f       0xa8 ./Application/User/app_tof.o